Archive member included to satisfy reference by file (symbol)

c:/siliconlabs/simplicitystudio/v5/developer/toolchains/gnu_arm/12.2.rel1_2023.7/bin/../lib/gcc/arm-none-eabi/12.2.1/thumb/v7e-m+fp/softfp\libgcc.a(_arm_muldf3.o)
                              ./wiseconnect3_sdk_3.1.4/components/device/silabs/si91x/mcu/drivers/systemlevel/src/rsi_pll.o (__aeabi_dmul)
c:/siliconlabs/simplicitystudio/v5/developer/toolchains/gnu_arm/12.2.rel1_2023.7/bin/../lib/gcc/arm-none-eabi/12.2.1/thumb/v7e-m+fp/softfp\libgcc.a(_arm_addsubdf3.o)
                              ./wiseconnect3_sdk_3.1.4/components/device/silabs/si91x/mcu/drivers/systemlevel/src/rsi_pll.o (__aeabi_dsub)
c:/siliconlabs/simplicitystudio/v5/developer/toolchains/gnu_arm/12.2.rel1_2023.7/bin/../lib/gcc/arm-none-eabi/12.2.1/thumb/v7e-m+fp/softfp\libgcc.a(_arm_muldivdf3.o)
                              ./wiseconnect3_sdk_3.1.4/components/device/silabs/si91x/mcu/drivers/peripheral_drivers/src/clock_update.o (__aeabi_ddiv)
c:/siliconlabs/simplicitystudio/v5/developer/toolchains/gnu_arm/12.2.rel1_2023.7/bin/../lib/gcc/arm-none-eabi/12.2.1/thumb/v7e-m+fp/softfp\libgcc.a(_arm_fixunsdfsi.o)
                              ./wiseconnect3_sdk_3.1.4/components/device/silabs/si91x/mcu/drivers/peripheral_drivers/src/clock_update.o (__aeabi_d2uiz)
c:/siliconlabs/simplicitystudio/v5/developer/toolchains/gnu_arm/12.2.rel1_2023.7/bin/../lib/gcc/arm-none-eabi/12.2.1/thumb/v7e-m+fp/softfp\libc_nano.a(libc_a-exit.o)
                              c:/siliconlabs/simplicitystudio/v5/developer/toolchains/gnu_arm/12.2.rel1_2023.7/bin/../lib/gcc/arm-none-eabi/12.2.1/thumb/v7e-m+fp/softfp/crt0.o (exit)
c:/siliconlabs/simplicitystudio/v5/developer/toolchains/gnu_arm/12.2.rel1_2023.7/bin/../lib/gcc/arm-none-eabi/12.2.1/thumb/v7e-m+fp/softfp\libc_nano.a(libc_a-malloc.o)
                              ./app.o (malloc)
c:/siliconlabs/simplicitystudio/v5/developer/toolchains/gnu_arm/12.2.rel1_2023.7/bin/../lib/gcc/arm-none-eabi/12.2.1/thumb/v7e-m+fp/softfp\libc_nano.a(libc_a-mallocr.o)
                              c:/siliconlabs/simplicitystudio/v5/developer/toolchains/gnu_arm/12.2.rel1_2023.7/bin/../lib/gcc/arm-none-eabi/12.2.1/thumb/v7e-m+fp/softfp\libc_nano.a(libc_a-malloc.o) (_malloc_r)
c:/siliconlabs/simplicitystudio/v5/developer/toolchains/gnu_arm/12.2.rel1_2023.7/bin/../lib/gcc/arm-none-eabi/12.2.1/thumb/v7e-m+fp/softfp\libc_nano.a(libc_a-mlock.o)
                              c:/siliconlabs/simplicitystudio/v5/developer/toolchains/gnu_arm/12.2.rel1_2023.7/bin/../lib/gcc/arm-none-eabi/12.2.1/thumb/v7e-m+fp/softfp\libc_nano.a(libc_a-mallocr.o) (__malloc_lock)
c:/siliconlabs/simplicitystudio/v5/developer/toolchains/gnu_arm/12.2.rel1_2023.7/bin/../lib/gcc/arm-none-eabi/12.2.1/thumb/v7e-m+fp/softfp\libc_nano.a(libc_a-strtoul.o)
                              ./wiseconnect3_sdk_3.1.4/components/common/src/sl_utility.o (strtoul)
c:/siliconlabs/simplicitystudio/v5/developer/toolchains/gnu_arm/12.2.rel1_2023.7/bin/../lib/gcc/arm-none-eabi/12.2.1/thumb/v7e-m+fp/softfp\libc_nano.a(libc_a-ctype_.o)
                              ./gecko_sdk_4.4.1/platform/common/src/sl_string.o (_ctype_)
c:/siliconlabs/simplicitystudio/v5/developer/toolchains/gnu_arm/12.2.rel1_2023.7/bin/../lib/gcc/arm-none-eabi/12.2.1/thumb/v7e-m+fp/softfp\libc_nano.a(libc_a-nano-vfprintf_float.o)
                              (_printf_float)
c:/siliconlabs/simplicitystudio/v5/developer/toolchains/gnu_arm/12.2.rel1_2023.7/bin/../lib/gcc/arm-none-eabi/12.2.1/thumb/v7e-m+fp/softfp\libc_nano.a(libc_a-nano-vfprintf_i.o)
                              c:/siliconlabs/simplicitystudio/v5/developer/toolchains/gnu_arm/12.2.rel1_2023.7/bin/../lib/gcc/arm-none-eabi/12.2.1/thumb/v7e-m+fp/softfp\libc_nano.a(libc_a-nano-vfprintf_float.o) (_printf_common)
c:/siliconlabs/simplicitystudio/v5/developer/toolchains/gnu_arm/12.2.rel1_2023.7/bin/../lib/gcc/arm-none-eabi/12.2.1/thumb/v7e-m+fp/softfp\libc_nano.a(libc_a-findfp.o)
                              c:/siliconlabs/simplicitystudio/v5/developer/toolchains/gnu_arm/12.2.rel1_2023.7/bin/../lib/gcc/arm-none-eabi/12.2.1/thumb/v7e-m+fp/softfp\libc_nano.a(libc_a-exit.o) (__stdio_exit_handler)
c:/siliconlabs/simplicitystudio/v5/developer/toolchains/gnu_arm/12.2.rel1_2023.7/bin/../lib/gcc/arm-none-eabi/12.2.1/thumb/v7e-m+fp/softfp\libc_nano.a(libc_a-fwalk.o)
                              c:/siliconlabs/simplicitystudio/v5/developer/toolchains/gnu_arm/12.2.rel1_2023.7/bin/../lib/gcc/arm-none-eabi/12.2.1/thumb/v7e-m+fp/softfp\libc_nano.a(libc_a-findfp.o) (_fwalk_sglue)
c:/siliconlabs/simplicitystudio/v5/developer/toolchains/gnu_arm/12.2.rel1_2023.7/bin/../lib/gcc/arm-none-eabi/12.2.1/thumb/v7e-m+fp/softfp\libc_nano.a(libc_a-printf.o)
                              ./app.o (printf)
c:/siliconlabs/simplicitystudio/v5/developer/toolchains/gnu_arm/12.2.rel1_2023.7/bin/../lib/gcc/arm-none-eabi/12.2.1/thumb/v7e-m+fp/softfp\libc_nano.a(libc_a-putchar.o)
                              ./app.o (putchar)
[...]
Memory Configuration

Name             Origin             Length             Attributes
rom              0x08202000         0x001fe000         xr
ram              0x0000000c         0x0002fc00         xrw
udma0            0x0002fc00         0x00000400         xrw
udma1            0x24061c00         0x00000400         xrw
*default*        0x00000000         0xffffffff

Linker script and memory map

LOAD c:/siliconlabs/simplicitystudio/v5/developer/toolchains/gnu_arm/12.2.rel1_2023.7/bin/../lib/gcc/arm-none-eabi/12.2.1/thumb/v7e-m+fp/softfp/crti.o
LOAD c:/siliconlabs/simplicitystudio/v5/developer/toolchains/gnu_arm/12.2.rel1_2023.7/bin/../lib/gcc/arm-none-eabi/12.2.1/thumb/v7e-m+fp/softfp/crtbegin.o
LOAD c:/siliconlabs/simplicitystudio/v5/developer/toolchains/gnu_arm/12.2.rel1_2023.7/bin/../lib/gcc/arm-none-eabi/12.2.1/thumb/v7e-m+fp/softfp/crt0.o
START GROUP
LOAD ./app.o
LOAD ./gspi_control.o
LOAD ./main.o
LOAD ./mux_debug.o
LOAD ./ring_buff.o
LOAD ./autogen/sl_event_handler.o
LOAD ./gecko_sdk_4.4.1/platform/CMSIS/RTOS2/Source/os_systick.o
LOAD ./gecko_sdk_4.4.1/platform/common/src/sl_assert.o
LOAD ./gecko_sdk_4.4.1/platform/common/src/sl_slist.o
LOAD ./gecko_sdk_4.4.1/platform/common/src/sl_string.o
LOAD ./gecko_sdk_4.4.1/platform/common/src/sli_cmsis_os2_ext_task_register.o
LOAD ./gecko_sdk_4.4.1/platform/emlib/src/em_core.o
LOAD ./gecko_sdk_4.4.1/platform/service/mem_pool/src/sl_mem_pool.o
LOAD ./gecko_sdk_4.4.1/platform/service/system/src/sl_system_init.o
LOAD ./gecko_sdk_4.4.1/platform/service/system/src/sl_system_kernel.o
LOAD ./gecko_sdk_4.4.1/util/third_party/freertos/cmsis/Source/cmsis_os2.o
LOAD ./gecko_sdk_4.4.1/util/third_party/freertos/kernel/croutine.o
LOAD ./gecko_sdk_4.4.1/util/third_party/freertos/kernel/event_groups.o
LOAD ./gecko_sdk_4.4.1/util/third_party/freertos/kernel/list.o
LOAD ./gecko_sdk_4.4.1/util/third_party/freertos/kernel/queue.o
LOAD ./gecko_sdk_4.4.1/util/third_party/freertos/kernel/stream_buffer.o
LOAD ./gecko_sdk_4.4.1/util/third_party/freertos/kernel/tasks.o
LOAD ./gecko_sdk_4.4.1/util/third_party/freertos/kernel/timers.o
LOAD ./gecko_sdk_4.4.1/util/third_party/freertos/kernel/portable/GCC/ARM_CM4F/port.o
LOAD ./gecko_sdk_4.4.1/util/third_party/freertos/kernel/portable/MemMang/heap_4.o
LOAD ./wiseconnect3_sdk_3.1.4/components/board/silabs/src/rsi_board.o
LOAD ./wiseconnect3_sdk_3.1.4/components/common/src/sl_utility.o
LOAD ./wiseconnect3_sdk_3.1.4/components/device/silabs/si91x/mcu/core/chip/src/iPMU_prog/iPMU_dotc/ipmu_apis.o
LOAD ./wiseconnect3_sdk_3.1.4/components/device/silabs/si91x/mcu/core/chip/src/iPMU_prog/iPMU_dotc/rsi_system_config_917.o
LOAD ./wiseconnect3_sdk_3.1.4/components/device/silabs/si91x/mcu/core/chip/src/rsi_deepsleep_soc.o
LOAD ./wiseconnect3_sdk_3.1.4/components/device/silabs/si91x/mcu/core/chip/src/rsi_ps_ram_func.o
LOAD ./wiseconnect3_sdk_3.1.4/components/device/silabs/si91x/mcu/core/chip/src/startup_si91x.o
LOAD ./wiseconnect3_sdk_3.1.4/components/device/silabs/si91x/mcu/core/chip/src/system_si91x.o
LOAD ./wiseconnect3_sdk_3.1.4/components/device/silabs/si91x/mcu/core/common/src/rsi_debug.o
LOAD ./wiseconnect3_sdk_3.1.4/components/device/silabs/si91x/mcu/core/common/src/sl_si91x_stack_object_declare.o
LOAD ./wiseconnect3_sdk_3.1.4/components/device/silabs/si91x/mcu/core/common/src/syscalls.o
LOAD ./wiseconnect3_sdk_3.1.4/components/device/silabs/si91x/mcu/core/config/src/rsi_nvic_priorities_config.o
LOAD ./wiseconnect3_sdk_3.1.4/components/device/silabs/si91x/mcu/drivers/cmsis_driver/GSPI.o
LOAD ./wiseconnect3_sdk_3.1.4/components/device/silabs/si91x/mcu/drivers/cmsis_driver/UDMA.o
LOAD ./wiseconnect3_sdk_3.1.4/components/device/silabs/si91x/mcu/drivers/cmsis_driver/USART.o
LOAD ./wiseconnect3_sdk_3.1.4/components/device/silabs/si91x/mcu/drivers/peripheral_drivers/src/clock_update.o
LOAD ./wiseconnect3_sdk_3.1.4/components/device/silabs/si91x/mcu/drivers/peripheral_drivers/src/rsi_crc.o
LOAD ./wiseconnect3_sdk_3.1.4/components/device/silabs/si91x/mcu/drivers/peripheral_drivers/src/rsi_egpio.o
LOAD ./wiseconnect3_sdk_3.1.4/components/device/silabs/si91x/mcu/drivers/peripheral_drivers/src/rsi_gspi.o
LOAD ./wiseconnect3_sdk_3.1.4/components/device/silabs/si91x/mcu/drivers/peripheral_drivers/src/rsi_timers.o
LOAD ./wiseconnect3_sdk_3.1.4/components/device/silabs/si91x/mcu/drivers/peripheral_drivers/src/rsi_udma.o
LOAD ./wiseconnect3_sdk_3.1.4/components/device/silabs/si91x/mcu/drivers/peripheral_drivers/src/rsi_udma_wrapper.o
LOAD ./wiseconnect3_sdk_3.1.4/components/device/silabs/si91x/mcu/drivers/peripheral_drivers/src/rsi_usart.o
LOAD ./wiseconnect3_sdk_3.1.4/components/device/silabs/si91x/mcu/drivers/systemlevel/src/rsi_ipmu.o
LOAD ./wiseconnect3_sdk_3.1.4/components/device/silabs/si91x/mcu/drivers/systemlevel/src/rsi_pll.o
LOAD ./wiseconnect3_sdk_3.1.4/components/device/silabs/si91x/mcu/drivers/systemlevel/src/rsi_power_save.o
LOAD ./wiseconnect3_sdk_3.1.4/components/device/silabs/si91x/mcu/drivers/systemlevel/src/rsi_rtc.o
LOAD ./wiseconnect3_sdk_3.1.4/components/device/silabs/si91x/mcu/drivers/systemlevel/src/rsi_temp_sensor.o
LOAD ./wiseconnect3_sdk_3.1.4/components/device/silabs/si91x/mcu/drivers/systemlevel/src/rsi_time_period.o
LOAD ./wiseconnect3_sdk_3.1.4/components/device/silabs/si91x/mcu/drivers/systemlevel/src/rsi_ulpss_clk.o
LOAD ./wiseconnect3_sdk_3.1.4/components/device/silabs/si91x/mcu/drivers/systemlevel/src/rsi_wwdt.o
LOAD ./wiseconnect3_sdk_3.1.4/components/device/silabs/si91x/mcu/drivers/unified_api/src/sl_si91x_dma.o
LOAD ./wiseconnect3_sdk_3.1.4/components/device/silabs/si91x/mcu/drivers/unified_api/src/sl_si91x_gspi.o
LOAD ./wiseconnect3_sdk_3.1.4/components/device/silabs/si91x/wireless/ahb_interface/src/rsi_hal_mcu_m4_ram.o
LOAD ./wiseconnect3_sdk_3.1.4/components/device/silabs/si91x/wireless/ahb_interface/src/rsi_hal_mcu_m4_rom.o
LOAD ./wiseconnect3_sdk_3.1.4/components/device/silabs/si91x/wireless/ahb_interface/src/sl_platform.o
LOAD ./wiseconnect3_sdk_3.1.4/components/device/silabs/si91x/wireless/ahb_interface/src/sl_platform_wireless.o
LOAD ./wiseconnect3_sdk_3.1.4/components/device/silabs/si91x/wireless/ahb_interface/src/sl_si91x_bus.o
LOAD ./wiseconnect3_sdk_3.1.4/components/device/silabs/si91x/wireless/ahb_interface/src/sl_si91x_timer.o
LOAD ./wiseconnect3_sdk_3.1.4/components/device/silabs/si91x/wireless/ahb_interface/src/sli_siwx917_soc.o
LOAD ./wiseconnect3_sdk_3.1.4/components/device/silabs/si91x/wireless/errno/src/sl_si91x_errno.o
LOAD ./wiseconnect3_sdk_3.1.4/components/device/silabs/si91x/wireless/firmware_upgrade/firmware_upgradation.o
LOAD ./wiseconnect3_sdk_3.1.4/components/device/silabs/si91x/wireless/host_mcu/si91x/siwx917_soc_ncp_host.o
LOAD ./wiseconnect3_sdk_3.1.4/components/device/silabs/si91x/wireless/icmp/sl_net_ping.o
LOAD ./wiseconnect3_sdk_3.1.4/components/device/silabs/si91x/wireless/memory/mem_pool_buffers.o
LOAD ./wiseconnect3_sdk_3.1.4/components/device/silabs/si91x/wireless/sl_net/src/sl_net_rsi_utility.o
LOAD ./wiseconnect3_sdk_3.1.4/components/device/silabs/si91x/wireless/sl_net/src/sl_net_si91x_integration_handler.o
LOAD ./wiseconnect3_sdk_3.1.4/components/device/silabs/si91x/wireless/sl_net/src/sl_si91x_net_credentials.o
LOAD ./wiseconnect3_sdk_3.1.4/components/device/silabs/si91x/wireless/sl_net/src/sl_si91x_net_internal_stack.o
LOAD ./wiseconnect3_sdk_3.1.4/components/device/silabs/si91x/wireless/socket/src/sl_si91x_socket_utility.o
LOAD ./wiseconnect3_sdk_3.1.4/components/device/silabs/si91x/wireless/src/sl_rsi_utility.o
LOAD ./wiseconnect3_sdk_3.1.4/components/device/silabs/si91x/wireless/src/sl_si91x_callback_framework.o
LOAD ./wiseconnect3_sdk_3.1.4/components/device/silabs/si91x/wireless/src/sl_si91x_driver.o
LOAD ./wiseconnect3_sdk_3.1.4/components/device/silabs/si91x/wireless/src/sl_si91x_http_client_callback_framework.o
LOAD ./wiseconnect3_sdk_3.1.4/components/device/silabs/si91x/wireless/threading/sli_si91x_multithreaded.o
LOAD ./wiseconnect3_sdk_3.1.4/components/protocol/wifi/si91x/sl_wifi.o
LOAD ./wiseconnect3_sdk_3.1.4/components/protocol/wifi/src/sl_wifi_callback_framework.o
LOAD ./wiseconnect3_sdk_3.1.4/components/service/http_client/si91x_socket/sl_http_client.o
LOAD ./wiseconnect3_sdk_3.1.4/components/service/network_manager/si91x/sl_net_si91x.o
LOAD ./wiseconnect3_sdk_3.1.4/components/service/network_manager/src/sl_net.o
LOAD ./wiseconnect3_sdk_3.1.4/components/service/network_manager/src/sl_net_basic_certificate_store.o
LOAD ./wiseconnect3_sdk_3.1.4/components/service/network_manager/src/sl_net_basic_credentials.o
LOAD ./wiseconnect3_sdk_3.1.4/components/service/network_manager/src/sl_net_basic_profiles.o
LOAD c:/siliconlabs/simplicitystudio/v5/developer/toolchains/gnu_arm/12.2.rel1_2023.7/bin/../lib/gcc/arm-none-eabi/12.2.1/thumb/v7e-m+fp/softfp\libgcc.a
LOAD c:/siliconlabs/simplicitystudio/v5/developer/toolchains/gnu_arm/12.2.rel1_2023.7/bin/../lib/gcc/arm-none-eabi/12.2.1/thumb/v7e-m+fp/softfp\libnosys.a
LOAD c:/siliconlabs/simplicitystudio/v5/developer/toolchains/gnu_arm/12.2.rel1_2023.7/bin/../lib/gcc/arm-none-eabi/12.2.1/thumb/v7e-m+fp/softfp\libc_nano.a
LOAD c:/siliconlabs/simplicitystudio/v5/developer/toolchains/gnu_arm/12.2.rel1_2023.7/bin/../lib/gcc/arm-none-eabi/12.2.1/thumb/v7e-m+fp/softfp\libm.a
END GROUP
START GROUP
LOAD c:/siliconlabs/simplicitystudio/v5/developer/toolchains/gnu_arm/12.2.rel1_2023.7/bin/../lib/gcc/arm-none-eabi/12.2.1/thumb/v7e-m+fp/softfp\libgcc.a
LOAD c:/siliconlabs/simplicitystudio/v5/developer/toolchains/gnu_arm/12.2.rel1_2023.7/bin/../lib/gcc/arm-none-eabi/12.2.1/thumb/v7e-m+fp/softfp\libc_nano.a
LOAD c:/siliconlabs/simplicitystudio/v5/developer/toolchains/gnu_arm/12.2.rel1_2023.7/bin/../lib/gcc/arm-none-eabi/12.2.1/thumb/v7e-m+fp/softfp\libnosys.a
END GROUP
START GROUP
LOAD c:/siliconlabs/simplicitystudio/v5/developer/toolchains/gnu_arm/12.2.rel1_2023.7/bin/../lib/gcc/arm-none-eabi/12.2.1/thumb/v7e-m+fp/softfp\libgcc.a
LOAD c:/siliconlabs/simplicitystudio/v5/developer/toolchains/gnu_arm/12.2.rel1_2023.7/bin/../lib/gcc/arm-none-eabi/12.2.1/thumb/v7e-m+fp/softfp\libg_nano.a
LOAD c:/siliconlabs/simplicitystudio/v5/developer/toolchains/gnu_arm/12.2.rel1_2023.7/bin/../lib/gcc/arm-none-eabi/12.2.1/thumb/v7e-m+fp/softfp\libc_nano.a
END GROUP
START GROUP
LOAD c:/siliconlabs/simplicitystudio/v5/developer/toolchains/gnu_arm/12.2.rel1_2023.7/bin/../lib/gcc/arm-none-eabi/12.2.1/thumb/v7e-m+fp/softfp\libgcc.a
LOAD c:/siliconlabs/simplicitystudio/v5/developer/toolchains/gnu_arm/12.2.rel1_2023.7/bin/../lib/gcc/arm-none-eabi/12.2.1/thumb/v7e-m+fp/softfp\libc_nano.a
END GROUP
LOAD c:/siliconlabs/simplicitystudio/v5/developer/toolchains/gnu_arm/12.2.rel1_2023.7/bin/../lib/gcc/arm-none-eabi/12.2.1/thumb/v7e-m+fp/softfp/crtend.o
LOAD c:/siliconlabs/simplicitystudio/v5/developer/toolchains/gnu_arm/12.2.rel1_2023.7/bin/../lib/gcc/arm-none-eabi/12.2.1/thumb/v7e-m+fp/softfp/crtn.o

.text           0x08202000    0x12b0f
 *(.isr_vector)
 .isr_vector    0x08202000      0x16c ./wiseconnect3_sdk_3.1.4/components/device/silabs/si91x/mcu/core/chip/src/startup_si91x.o
                0x08202000                __Vectors
 *(.text*)
 .text.deregister_tm_clones
                0x0820216c       0x1c c:/siliconlabs/simplicitystudio/v5/developer/toolchains/gnu_arm/12.2.rel1_2023.7/bin/../lib/gcc/arm-none-eabi/12.2.1/thumb/v7e-m+fp/softfp/crtbegin.o
 .text.register_tm_clones
                0x08202188       0x24 c:/siliconlabs/simplicitystudio/v5/developer/toolchains/gnu_arm/12.2.rel1_2023.7/bin/../lib/gcc/arm-none-eabi/12.2.1/thumb/v7e-m+fp/softfp/crtbegin.o
 .text.__do_global_dtors_aux
                0x082021ac       0x28 c:/siliconlabs/simplicitystudio/v5/developer/toolchains/gnu_arm/12.2.rel1_2023.7/bin/../lib/gcc/arm-none-eabi/12.2.1/thumb/v7e-m+fp/softfp/crtbegin.o
 .text.frame_dummy
                0x082021d4       0x24 c:/siliconlabs/simplicitystudio/v5/developer/toolchains/gnu_arm/12.2.rel1_2023.7/bin/../lib/gcc/arm-none-eabi/12.2.1/thumb/v7e-m+fp/softfp/crtbegin.o
 .text.http_get_response_callback_handler
                0x082021f8      0x154 ./app.o
                0x082021f8                http_get_response_callback_handler
 .text.app_init
                0x0820234c       0xa0 ./app.o
                0x0820234c                app_init
 .text.http_response_status
                0x082023ec       0x16 ./app.o
                0x082023ec                http_response_status
 *fill*         0x08202402        0x2 
 .text.http_client_application
                0x08202404      0x1d0 ./app.o
                0x08202404                http_client_application
 .text.application_start
                0x082025d4       0xf4 ./app.o
 .text.callback_event
                0x082026c8       0x44 ./gspi_control.o
 .text.gspi_init
                0x0820270c      0x2b4 ./gspi_control.o
                0x0820270c                gspi_init
 .text.gspi_task
                0x082029c0       0xd0 ./gspi_control.o
                0x082029c0                gspi_task
 .text.startup.main
                0x08202a90       0x12 ./main.o
                0x08202a90                main
 *fill*         0x08202aa2        0x2 
 .text.mux_debug_init
                0x08202aa4       0x20 ./mux_debug.o
                0x08202aa4                mux_debug_init
 .text.ringBuffer_Init
                0x08202ac4       0x78 ./ring_buff.o
                0x08202ac4                ringBuffer_Init
 .text.ringBuffer_IsEmpty
                0x08202b3c       0x20 ./ring_buff.o
                0x08202b3c                ringBuffer_IsEmpty
 .text.ringBuffer_IsOne
                0x08202b5c       0x10 ./ring_buff.o
                0x08202b5c                ringBuffer_IsOne
 .text.ringBuffer_IsFull
                0x08202b6c       0x2a ./ring_buff.o
                0x08202b6c                ringBuffer_IsFull
 *fill*         0x08202b96        0x2 
 .text.ringBuffer_reduce
                0x08202b98       0x68 ./ring_buff.o
                0x08202b98                ringBuffer_reduce
 .text.ringBuffer_write
                0x08202c00       0x78 ./ring_buff.o
                0x08202c00                ringBuffer_write
 .text.up_cpu_clk
                0x08202c78       0x58 ./autogen/sl_event_handler.o
                0x08202c78                up_cpu_clk
 .text.sl_platform_init
                0x08202cd0       0x22 ./autogen/sl_event_handler.o
                0x08202cd0                sl_platform_init
 .text.sl_kernel_start
                0x08202cf2        0x4 ./autogen/sl_event_handler.o
                0x08202cf2                sl_kernel_start
 .text.sl_driver_init
                0x08202cf6        0x2 ./autogen/sl_event_handler.o
                0x08202cf6                sl_driver_init
 .text.sl_service_init
                0x08202cf8        0x2 ./autogen/sl_event_handler.o
                0x08202cf8                sl_service_init
 .text.sl_stack_init
                0x08202cfa        0x2 ./autogen/sl_event_handler.o
                0x08202cfa                sl_stack_init
 .text.sl_internal_app_init
                0x08202cfc        0x2 ./autogen/sl_event_handler.o
                0x08202cfc                sl_internal_app_init
 .text.sl_slist_remove
                0x08202cfe       0x14 ./gecko_sdk_4.4.1/platform/common/src/sl_slist.o
                0x08202cfe                sl_slist_remove
 .text.sli_osTaskRegisterSetValue
                0x08202d12        0xa ./gecko_sdk_4.4.1/platform/common/src/sli_cmsis_os2_ext_task_register.o
                0x08202d12                sli_osTaskRegisterSetValue
 .text.CORE_ExitCritical
                0x08202d1c        0x6 ./gecko_sdk_4.4.1/platform/emlib/src/em_core.o
                0x08202d1c                CORE_ExitCritical
 .text.CORE_EnterAtomic
                0x08202d22        0x8 ./gecko_sdk_4.4.1/platform/emlib/src/em_core.o
                0x08202d22                CORE_EnterAtomic
 .text.CORE_ExitAtomic
                0x08202d2a        0x4 ./gecko_sdk_4.4.1/platform/emlib/src/em_core.o
                0x08202d2a                CORE_ExitAtomic
 .text.sli_mem_pool_create
                0x08202d2e       0x3c ./gecko_sdk_4.4.1/platform/service/mem_pool/src/sl_mem_pool.o
                0x08202d2e                sli_mem_pool_create
 .text.sli_mem_pool_alloc
                0x08202d6a       0x24 ./gecko_sdk_4.4.1/platform/service/mem_pool/src/sl_mem_pool.o
                0x08202d6a                sli_mem_pool_alloc
 .text.sli_mem_pool_free
                0x08202d8e       0x18 ./gecko_sdk_4.4.1/platform/service/mem_pool/src/sl_mem_pool.o
                0x08202d8e                sli_mem_pool_free
 .text.sl_system_init
                0x08202da6       0x1a ./gecko_sdk_4.4.1/platform/service/system/src/sl_system_init.o
                0x08202da6                sl_system_init
 .text.sl_system_kernel_start
                0x08202dc0        0x4 ./gecko_sdk_4.4.1/platform/service/system/src/sl_system_kernel.o
                0x08202dc0                sl_system_kernel_start
 .text.SysTick_Handler
                0x08202dc4       0x1a ./gecko_sdk_4.4.1/util/third_party/freertos/cmsis/Source/cmsis_os2.o
                0x08202dc4                SysTick_Handler
 *fill*         0x08202dde        0x2 
 .text.osKernelInitialize
                0x08202de0       0x34 ./gecko_sdk_4.4.1/util/third_party/freertos/cmsis/Source/cmsis_os2.o
                0x08202de0                osKernelInitialize
 .text.osKernelStart
                0x08202e14       0x48 ./gecko_sdk_4.4.1/util/third_party/freertos/cmsis/Source/cmsis_os2.o
                0x08202e14                osKernelStart
 .text.osKernelGetTickCount
                0x08202e5c       0x28 ./gecko_sdk_4.4.1/util/third_party/freertos/cmsis/Source/cmsis_os2.o
                0x08202e5c                osKernelGetTickCount
 .text.osThreadNew
                0x08202e84       0xa8 ./gecko_sdk_4.4.1/util/third_party/freertos/cmsis/Source/cmsis_os2.o
                0x08202e84                osThreadNew
 .text.osDelay  0x08202f2c       0x30 ./gecko_sdk_4.4.1/util/third_party/freertos/cmsis/Source/cmsis_os2.o
                0x08202f2c                osDelay
 .text.osEventFlagsNew
                0x08202f5c       0x3c ./gecko_sdk_4.4.1/util/third_party/freertos/cmsis/Source/cmsis_os2.o
                0x08202f5c                osEventFlagsNew
 .text.osEventFlagsSet
                0x08202f98       0x70 ./gecko_sdk_4.4.1/util/third_party/freertos/cmsis/Source/cmsis_os2.o
                0x08202f98                osEventFlagsSet
 .text.osEventFlagsClear
                0x08203008       0x5c ./gecko_sdk_4.4.1/util/third_party/freertos/cmsis/Source/cmsis_os2.o
                0x08203008                osEventFlagsClear
 .text.osEventFlagsWait
                0x08203064       0x70 ./gecko_sdk_4.4.1/util/third_party/freertos/cmsis/Source/cmsis_os2.o
                0x08203064                osEventFlagsWait
 .text.osMutexNew
                0x082030d4       0x94 ./gecko_sdk_4.4.1/util/third_party/freertos/cmsis/Source/cmsis_os2.o
                0x082030d4                osMutexNew
 .text.osMutexAcquire
                0x08203168       0x60 ./gecko_sdk_4.4.1/util/third_party/freertos/cmsis/Source/cmsis_os2.o
                0x08203168                osMutexAcquire
 .text.osMutexRelease
                0x082031c8       0x58 ./gecko_sdk_4.4.1/util/third_party/freertos/cmsis/Source/cmsis_os2.o
                0x082031c8                osMutexRelease
 .text.osSemaphoreNew
                0x08203220       0xb0 ./gecko_sdk_4.4.1/util/third_party/freertos/cmsis/Source/cmsis_os2.o
                0x08203220                osSemaphoreNew
 .text.osSemaphoreAcquire
                0x082032d0       0x74 ./gecko_sdk_4.4.1/util/third_party/freertos/cmsis/Source/cmsis_os2.o
                0x082032d0                osSemaphoreAcquire
 .text.osSemaphoreRelease
                0x08203344       0x6c ./gecko_sdk_4.4.1/util/third_party/freertos/cmsis/Source/cmsis_os2.o
                0x08203344                osSemaphoreRelease
 .text.vApplicationGetIdleTaskMemory
                0x082033b0       0x18 ./gecko_sdk_4.4.1/util/third_party/freertos/cmsis/Source/cmsis_os2.o
                0x082033b0                vApplicationGetIdleTaskMemory
 .text.vApplicationGetTimerTaskMemory
                0x082033c8       0x18 ./gecko_sdk_4.4.1/util/third_party/freertos/cmsis/Source/cmsis_os2.o
                0x082033c8                vApplicationGetTimerTaskMemory
 .text.xEventGroupCreateStatic
                0x082033e0       0x48 ./gecko_sdk_4.4.1/util/third_party/freertos/kernel/event_groups.o
                0x082033e0                xEventGroupCreateStatic
 .text.xEventGroupCreate
                0x08203428       0x1c ./gecko_sdk_4.4.1/util/third_party/freertos/kernel/event_groups.o
                0x08203428                xEventGroupCreate
 .text.xEventGroupWaitBits
                0x08203444      0x130 ./gecko_sdk_4.4.1/util/third_party/freertos/kernel/event_groups.o
                0x08203444                xEventGroupWaitBits
 .text.xEventGroupClearBits
                0x08203574       0x46 ./gecko_sdk_4.4.1/util/third_party/freertos/kernel/event_groups.o
                0x08203574                xEventGroupClearBits
 .text.vEventGroupClearBitsCallback
                0x082035ba        0x4 ./gecko_sdk_4.4.1/util/third_party/freertos/kernel/event_groups.o
                0x082035ba                vEventGroupClearBitsCallback
 *fill*         0x082035be        0x2 
 .text.xEventGroupClearBitsFromISR
                0x082035c0       0x10 ./gecko_sdk_4.4.1/util/third_party/freertos/kernel/event_groups.o
                0x082035c0                xEventGroupClearBitsFromISR
 .text.xEventGroupGetBitsFromISR
                0x082035d0       0x1c ./gecko_sdk_4.4.1/util/third_party/freertos/kernel/event_groups.o
                0x082035d0                xEventGroupGetBitsFromISR
 .text.xEventGroupSetBits
                0x082035ec       0x88 ./gecko_sdk_4.4.1/util/third_party/freertos/kernel/event_groups.o
                0x082035ec                xEventGroupSetBits
 .text.vEventGroupSetBitsCallback
                0x08203674        0x4 ./gecko_sdk_4.4.1/util/third_party/freertos/kernel/event_groups.o
                0x08203674                vEventGroupSetBitsCallback
 .text.xEventGroupSetBitsFromISR
                0x08203678       0x10 ./gecko_sdk_4.4.1/util/third_party/freertos/kernel/event_groups.o
                0x08203678                xEventGroupSetBitsFromISR
 .text.vListInitialise
                0x08203688       0x16 ./gecko_sdk_4.4.1/util/third_party/freertos/kernel/list.o
                0x08203688                vListInitialise
 .text.vListInitialiseItem
                0x0820369e        0x6 ./gecko_sdk_4.4.1/util/third_party/freertos/kernel/list.o
                0x0820369e                vListInitialiseItem
 .text.vListInsertEnd
                0x082036a4       0x16 ./gecko_sdk_4.4.1/util/third_party/freertos/kernel/list.o
                0x082036a4                vListInsertEnd
 .text.vListInsert
                0x082036ba       0x2e ./gecko_sdk_4.4.1/util/third_party/freertos/kernel/list.o
                0x082036ba                vListInsert
 .text.uxListRemove
                0x082036e8       0x20 ./gecko_sdk_4.4.1/util/third_party/freertos/kernel/list.o
                0x082036e8                uxListRemove
 .text.prvIsQueueEmpty
                0x08203708       0x16 ./gecko_sdk_4.4.1/util/third_party/freertos/kernel/queue.o
 .text.prvCopyDataToQueue
                0x0820371e       0x66 ./gecko_sdk_4.4.1/util/third_party/freertos/kernel/queue.o
 .text.prvCopyDataFromQueue
                0x08203784       0x2c ./gecko_sdk_4.4.1/util/third_party/freertos/kernel/queue.o
 .text.prvUnlockQueue
                0x082037b0       0x70 ./gecko_sdk_4.4.1/util/third_party/freertos/kernel/queue.o
 .text.xQueueGenericReset
                0x08203820       0x7e ./gecko_sdk_4.4.1/util/third_party/freertos/kernel/queue.o
                0x08203820                xQueueGenericReset
 .text.xQueueGenericCreate.part.0
                0x0820389e       0x7a ./gecko_sdk_4.4.1/util/third_party/freertos/kernel/queue.o
 .text.xQueueGenericCreateStatic
                0x08203918       0xa6 ./gecko_sdk_4.4.1/util/third_party/freertos/kernel/queue.o
                0x08203918                xQueueGenericCreateStatic
 .text.xQueueGenericCreate
                0x082039be       0x18 ./gecko_sdk_4.4.1/util/third_party/freertos/kernel/queue.o
                0x082039be                xQueueGenericCreate
 .text.xQueueCreateCountingSemaphoreStatic
                0x082039d6       0x44 ./gecko_sdk_4.4.1/util/third_party/freertos/kernel/queue.o
                0x082039d6                xQueueCreateCountingSemaphoreStatic
 .text.xQueueCreateCountingSemaphore
                0x08203a1a       0x3c ./gecko_sdk_4.4.1/util/third_party/freertos/kernel/queue.o
                0x08203a1a                xQueueCreateCountingSemaphore
 .text.xQueueGenericSend
                0x08203a56      0x178 ./gecko_sdk_4.4.1/util/third_party/freertos/kernel/queue.o
                0x08203a56                xQueueGenericSend
 .text.xQueueCreateMutexStatic
                0x08203bce       0x2a ./gecko_sdk_4.4.1/util/third_party/freertos/kernel/queue.o
                0x08203bce                xQueueCreateMutexStatic
 .text.xQueueGiveMutexRecursive
                0x08203bf8       0x3e ./gecko_sdk_4.4.1/util/third_party/freertos/kernel/queue.o
                0x08203bf8                xQueueGiveMutexRecursive
 .text.xQueueCreateMutex
                0x08203c36       0x24 ./gecko_sdk_4.4.1/util/third_party/freertos/kernel/queue.o
                0x08203c36                xQueueCreateMutex
 .text.xQueueGenericSendFromISR
                0x08203c5a       0xd0 ./gecko_sdk_4.4.1/util/third_party/freertos/kernel/queue.o
                0x08203c5a                xQueueGenericSendFromISR
 .text.xQueueGiveFromISR
                0x08203d2a       0xb8 ./gecko_sdk_4.4.1/util/third_party/freertos/kernel/queue.o
                0x08203d2a                xQueueGiveFromISR
 .text.xQueueReceive
                0x08203de2      0x13e ./gecko_sdk_4.4.1/util/third_party/freertos/kernel/queue.o
                0x08203de2                xQueueReceive
 .text.xQueueSemaphoreTake
                0x08203f20      0x17a ./gecko_sdk_4.4.1/util/third_party/freertos/kernel/queue.o
                0x08203f20                xQueueSemaphoreTake
 .text.xQueueTakeMutexRecursive
                0x0820409a       0x42 ./gecko_sdk_4.4.1/util/third_party/freertos/kernel/queue.o
                0x0820409a                xQueueTakeMutexRecursive
 .text.xQueueReceiveFromISR
                0x082040dc       0xb0 ./gecko_sdk_4.4.1/util/third_party/freertos/kernel/queue.o
                0x082040dc                xQueueReceiveFromISR
 .text.vQueueAddToRegistry
                0x0820418c       0x24 ./gecko_sdk_4.4.1/util/third_party/freertos/kernel/queue.o
                0x0820418c                vQueueAddToRegistry
 .text.vQueueUnregisterQueue
                0x082041b0       0x30 ./gecko_sdk_4.4.1/util/third_party/freertos/kernel/queue.o
                0x082041b0                vQueueUnregisterQueue
 .text.vQueueDelete
                0x082041e0       0x2a ./gecko_sdk_4.4.1/util/third_party/freertos/kernel/queue.o
                0x082041e0                vQueueDelete
 .text.vQueueWaitForMessageRestricted
                0x0820420a       0x46 ./gecko_sdk_4.4.1/util/third_party/freertos/kernel/queue.o
                0x0820420a                vQueueWaitForMessageRestricted
 .text.prvAddNewTaskToReadyList
                0x08204250      0x100 ./gecko_sdk_4.4.1/util/third_party/freertos/kernel/tasks.o
 .text.prvAddCurrentTaskToDelayedList
                0x08204350       0x78 ./gecko_sdk_4.4.1/util/third_party/freertos/kernel/tasks.o
 .text.prvResetNextTaskUnblockTime
                0x082043c8       0x24 ./gecko_sdk_4.4.1/util/third_party/freertos/kernel/tasks.o
 .text.prvDeleteTCB
                0x082043ec       0x36 ./gecko_sdk_4.4.1/util/third_party/freertos/kernel/tasks.o
 *fill*         0x08204422        0x2 
 .text.prvIdleTask
                0x08204424       0x60 ./gecko_sdk_4.4.1/util/third_party/freertos/kernel/tasks.o
 .text.prvInitialiseNewTask.constprop.0
                0x08204484       0xb0 ./gecko_sdk_4.4.1/util/third_party/freertos/kernel/tasks.o
 .text.xTaskCreateStatic
                0x08204534       0x70 ./gecko_sdk_4.4.1/util/third_party/freertos/kernel/tasks.o
                0x08204534                xTaskCreateStatic
 .text.xTaskCreate
                0x082045a4       0x5c ./gecko_sdk_4.4.1/util/third_party/freertos/kernel/tasks.o
                0x082045a4                xTaskCreate
 .text.vTaskStartScheduler
                0x08204600       0x90 ./gecko_sdk_4.4.1/util/third_party/freertos/kernel/tasks.o
                0x08204600                vTaskStartScheduler
 .text.vTaskSuspendAll
                0x08204690       0x10 ./gecko_sdk_4.4.1/util/third_party/freertos/kernel/tasks.o
                0x08204690                vTaskSuspendAll
 .text.xTaskGetTickCount
                0x082046a0        0xc ./gecko_sdk_4.4.1/util/third_party/freertos/kernel/tasks.o
                0x082046a0                xTaskGetTickCount
 .text.xTaskGetTickCountFromISR
                0x082046ac       0x10 ./gecko_sdk_4.4.1/util/third_party/freertos/kernel/tasks.o
                0x082046ac                xTaskGetTickCountFromISR
 .text.xTaskIncrementTick
                0x082046bc      0x12c ./gecko_sdk_4.4.1/util/third_party/freertos/kernel/tasks.o
                0x082046bc                xTaskIncrementTick
 .text.xTaskResumeAll
                0x082047e8       0xe8 ./gecko_sdk_4.4.1/util/third_party/freertos/kernel/tasks.o
                0x082047e8                xTaskResumeAll
 .text.vTaskDelay
                0x082048d0       0x48 ./gecko_sdk_4.4.1/util/third_party/freertos/kernel/tasks.o
                0x082048d0                vTaskDelay
 .text.vTaskSwitchContext
                0x08204918       0x88 ./gecko_sdk_4.4.1/util/third_party/freertos/kernel/tasks.o
                0x08204918                vTaskSwitchContext
 .text.vTaskPlaceOnEventList
                0x082049a0       0x34 ./gecko_sdk_4.4.1/util/third_party/freertos/kernel/tasks.o
                0x082049a0                vTaskPlaceOnEventList
 .text.vTaskPlaceOnUnorderedEventList
                0x082049d4       0x58 ./gecko_sdk_4.4.1/util/third_party/freertos/kernel/tasks.o
                0x082049d4                vTaskPlaceOnUnorderedEventList
 .text.vTaskPlaceOnEventListRestricted
                0x08204a2c       0x3c ./gecko_sdk_4.4.1/util/third_party/freertos/kernel/tasks.o
                0x08204a2c                vTaskPlaceOnEventListRestricted
 .text.xTaskRemoveFromEventList
                0x08204a68       0x80 ./gecko_sdk_4.4.1/util/third_party/freertos/kernel/tasks.o
                0x08204a68                xTaskRemoveFromEventList
 .text.vTaskRemoveFromUnorderedEventList
                0x08204ae8       0x84 ./gecko_sdk_4.4.1/util/third_party/freertos/kernel/tasks.o
                0x08204ae8                vTaskRemoveFromUnorderedEventList
 .text.vTaskInternalSetTimeOutState
                0x08204b6c       0x18 ./gecko_sdk_4.4.1/util/third_party/freertos/kernel/tasks.o
                0x08204b6c                vTaskInternalSetTimeOutState
 .text.xTaskCheckForTimeOut
                0x08204b84       0x90 ./gecko_sdk_4.4.1/util/third_party/freertos/kernel/tasks.o
                0x08204b84                xTaskCheckForTimeOut
 .text.vTaskMissedYield
                0x08204c14        0xc ./gecko_sdk_4.4.1/util/third_party/freertos/kernel/tasks.o
                0x08204c14                vTaskMissedYield
 .text.vTaskSetThreadLocalStoragePointer
                0x08204c20       0x2c ./gecko_sdk_4.4.1/util/third_party/freertos/kernel/tasks.o
                0x08204c20                vTaskSetThreadLocalStoragePointer
 .text.xTaskGetCurrentTaskHandle
                0x08204c4c        0xc ./gecko_sdk_4.4.1/util/third_party/freertos/kernel/tasks.o
                0x08204c4c                xTaskGetCurrentTaskHandle
 .text.xTaskGetSchedulerState
                0x08204c58       0x20 ./gecko_sdk_4.4.1/util/third_party/freertos/kernel/tasks.o
                0x08204c58                xTaskGetSchedulerState
 .text.xTaskPriorityInherit
                0x08204c78       0x7c ./gecko_sdk_4.4.1/util/third_party/freertos/kernel/tasks.o
                0x08204c78                xTaskPriorityInherit
 .text.xTaskPriorityDisinherit
                0x08204cf4       0x84 ./gecko_sdk_4.4.1/util/third_party/freertos/kernel/tasks.o
                0x08204cf4                xTaskPriorityDisinherit
 .text.vTaskPriorityDisinheritAfterTimeout
                0x08204d78       0x9c ./gecko_sdk_4.4.1/util/third_party/freertos/kernel/tasks.o
                0x08204d78                vTaskPriorityDisinheritAfterTimeout
 .text.uxTaskResetEventItemValue
                0x08204e14       0x18 ./gecko_sdk_4.4.1/util/third_party/freertos/kernel/tasks.o
                0x08204e14                uxTaskResetEventItemValue
 .text.pvTaskIncrementMutexHeldCount
                0x08204e2c       0x18 ./gecko_sdk_4.4.1/util/third_party/freertos/kernel/tasks.o
                0x08204e2c                pvTaskIncrementMutexHeldCount
 .text.prvInsertTimerInActiveList
                0x08204e44       0x3c ./gecko_sdk_4.4.1/util/third_party/freertos/kernel/timers.o
 .text.prvCheckForValidListAndQueue
                0x08204e80       0x68 ./gecko_sdk_4.4.1/util/third_party/freertos/kernel/timers.o
 .text.xTimerCreateTimerTask
                0x08204ee8       0x64 ./gecko_sdk_4.4.1/util/third_party/freertos/kernel/timers.o
                0x08204ee8                xTimerCreateTimerTask
 .text.xTimerGenericCommand
                0x08204f4c       0x58 ./gecko_sdk_4.4.1/util/third_party/freertos/kernel/timers.o
                0x08204f4c                xTimerGenericCommand
 .text.prvSampleTimeNow
                0x08204fa4       0xa4 ./gecko_sdk_4.4.1/util/third_party/freertos/kernel/timers.o
 .text.prvTimerTask
                0x08205048      0x1cc ./gecko_sdk_4.4.1/util/third_party/freertos/kernel/timers.o
 .text.xTimerPendFunctionCallFromISR
                0x08205214       0x28 ./gecko_sdk_4.4.1/util/third_party/freertos/kernel/timers.o
                0x08205214                xTimerPendFunctionCallFromISR
 .text.prvPortStartFirstTask
                0x0820523c       0x28 ./gecko_sdk_4.4.1/util/third_party/freertos/kernel/portable/GCC/ARM_CM4F/port.o
 .text.vPortEnableVFP
                0x08205264       0x14 ./gecko_sdk_4.4.1/util/third_party/freertos/kernel/portable/GCC/ARM_CM4F/port.o
 .text.prvTaskExitError
                0x08205278       0x40 ./gecko_sdk_4.4.1/util/third_party/freertos/kernel/portable/GCC/ARM_CM4F/port.o
 .text.pxPortInitialiseStack
                0x082052b8       0x2c ./gecko_sdk_4.4.1/util/third_party/freertos/kernel/portable/GCC/ARM_CM4F/port.o
                0x082052b8                pxPortInitialiseStack
 *fill*         0x082052e4        0xc 
 .text.SVC_Handler
                0x082052f0       0x24 ./gecko_sdk_4.4.1/util/third_party/freertos/kernel/portable/GCC/ARM_CM4F/port.o
                0x082052f0                SVC_Handler
 .text.vPortEnterCritical
                0x08205314       0x40 ./gecko_sdk_4.4.1/util/third_party/freertos/kernel/portable/GCC/ARM_CM4F/port.o
                0x08205314                vPortEnterCritical
 .text.vPortExitCritical
                0x08205354       0x28 ./gecko_sdk_4.4.1/util/third_party/freertos/kernel/portable/GCC/ARM_CM4F/port.o
                0x08205354                vPortExitCritical
 *fill*         0x0820537c        0x4 
 .text.PendSV_Handler
                0x08205380       0x64 ./gecko_sdk_4.4.1/util/third_party/freertos/kernel/portable/GCC/ARM_CM4F/port.o
                0x08205380                PendSV_Handler
 .text.xPortSysTickHandler
                0x082053e4       0x2c ./gecko_sdk_4.4.1/util/third_party/freertos/kernel/portable/GCC/ARM_CM4F/port.o
                0x082053e4                xPortSysTickHandler
 .text.vPortSetupTimerInterrupt
                0x08205410       0x24 ./gecko_sdk_4.4.1/util/third_party/freertos/kernel/portable/GCC/ARM_CM4F/port.o
                0x08205410                vPortSetupTimerInterrupt
 .text.xPortStartScheduler
                0x08205434      0x10c ./gecko_sdk_4.4.1/util/third_party/freertos/kernel/portable/GCC/ARM_CM4F/port.o
                0x08205434                xPortStartScheduler
 .text.vPortValidateInterruptPriority
                0x08205540       0x5c ./gecko_sdk_4.4.1/util/third_party/freertos/kernel/portable/GCC/ARM_CM4F/port.o
                0x08205540                vPortValidateInterruptPriority
 .text.prvInsertBlockIntoFreeList
                0x0820559c       0x50 ./gecko_sdk_4.4.1/util/third_party/freertos/kernel/portable/MemMang/heap_4.o
 .text.pvPortMalloc
                0x082055ec      0x134 ./gecko_sdk_4.4.1/util/third_party/freertos/kernel/portable/MemMang/heap_4.o
                0x082055ec                pvPortMalloc
 .text.vPortFree
                0x08205720       0x7c ./gecko_sdk_4.4.1/util/third_party/freertos/kernel/portable/MemMang/heap_4.o
                0x08205720                vPortFree
 .text.RSI_Board_Init
                0x0820579c       0x48 ./wiseconnect3_sdk_3.1.4/components/board/silabs/src/rsi_board.o
                0x0820579c                RSI_Board_Init
 .text.sl_debug_log
                0x082057e4        0x6 ./wiseconnect3_sdk_3.1.4/components/common/src/sl_utility.o
                0x082057e4                sl_debug_log
 *fill*         0x082057ea        0x2 
 .text.init_ipmu_calib_data
                0x082057ec       0x54 ./wiseconnect3_sdk_3.1.4/components/device/silabs/si91x/mcu/core/chip/src/iPMU_prog/iPMU_dotc/ipmu_apis.o
                0x082057ec                init_ipmu_calib_data
 .text.program_ipmu_data
                0x08205840       0x54 ./wiseconnect3_sdk_3.1.4/components/device/silabs/si91x/mcu/core/chip/src/iPMU_prog/iPMU_dotc/ipmu_apis.o
                0x08205840                program_ipmu_data
 .text.ipmu_init_mcu
                0x08205894       0x94 ./wiseconnect3_sdk_3.1.4/components/device/silabs/si91x/mcu/core/chip/src/iPMU_prog/iPMU_dotc/ipmu_apis.o
                0x08205894                ipmu_init_mcu
 .text.ipmu_init
                0x08205928       0xa8 ./wiseconnect3_sdk_3.1.4/components/device/silabs/si91x/mcu/core/chip/src/iPMU_prog/iPMU_dotc/ipmu_apis.o
                0x08205928                ipmu_init
 .text.configure_ipmu_mode
                0x082059d0       0x38 ./wiseconnect3_sdk_3.1.4/components/device/silabs/si91x/mcu/core/chip/src/iPMU_prog/iPMU_dotc/ipmu_apis.o
                0x082059d0                configure_ipmu_mode
 .text.RSI_PS_RestoreCpuContext
                0x08205a08       0x34 ./wiseconnect3_sdk_3.1.4/components/device/silabs/si91x/mcu/core/chip/src/rsi_deepsleep_soc.o
                0x08205a08                RSI_PS_RestoreCpuContext
 .text.RSI_Set_Cntrls_To_M4
                0x08205a3c       0x50 ./wiseconnect3_sdk_3.1.4/components/device/silabs/si91x/mcu/core/chip/src/rsi_deepsleep_soc.o
                0x08205a3c                RSI_Set_Cntrls_To_M4
 .text.Default_Handler
                0x08205a8c        0x2 ./wiseconnect3_sdk_3.1.4/components/device/silabs/si91x/mcu/core/chip/src/startup_si91x.o
                0x08205a8c                DebugMon_Handler
                0x08205a8c                IRQ031_Handler
                0x08205a8c                HardFault_Handler
                0x08205a8c                IRQ058_Handler
                0x08205a8c                IRQ095_Handler
                0x08205a8c                IRQ065_Handler
                0x08205a8c                IRQ019_Handler
                0x08205a8c                IRQ056_Handler
                0x08205a8c                IRQ093_Handler
                0x08205a8c                NMI_Handler
                0x08205a8c                IRQ011_Handler
                0x08205a8c                IRQ014_Handler
                0x08205a8c                IRQ051_Handler
                0x08205a8c                IRQ027_Handler
                0x08205a8c                IRQ062_Handler
                0x08205a8c                IRQ097_Handler
                0x08205a8c                IRQ088_Handler
                0x08205a8c                IRQ034_Handler
                0x08205a8c                IRQ071_Handler
                0x08205a8c                IRQ067_Handler
                0x08205a8c                IRQ070_Handler
                0x08205a8c                IRQ077_Handler
                0x08205a8c                IRQ028_Handler
                0x08205a8c                IRQ063_Handler
                0x08205a8c                IRQ076_Handler
                0x08205a8c                UsageFault_Handler
                0x08205a8c                IRQ023_Handler
                0x08205a8c                IRQ009_Handler
                0x08205a8c                IRQ048_Handler
                0x08205a8c                IRQ083_Handler
                0x08205a8c                IRQ089_Handler
                0x08205a8c                HIF1_IRQHandler
                0x08205a8c                IRQ037_Handler
                0x08205a8c                IRQ072_Handler
                0x08205a8c                IRQ021_Handler
                0x08205a8c                IRQ008_Handler
                0x08205a8c                IRQ047_Handler
                0x08205a8c                IRQ082_Handler
                0x08205a8c                IRQ022_Handler
                0x08205a8c                IRQ007_Handler
                0x08205a8c                IRQ081_Handler
                0x08205a8c                IRQ004_Handler
                0x08205a8c                IRQ043_Handler
                0x08205a8c                IRQ002_Handler
                0x08205a8c                IRQ041_Handler
                0x08205a8c                IRQ098_Handler
                0x08205a8c                IRQ000_Handler
                0x08205a8c                IRQ005_Handler
                0x08205a8c                IRQ044_Handler
                0x08205a8c                IRQ049_Handler
                0x08205a8c                IRQ084_Handler
                0x08205a8c                IRQ006_Handler
                0x08205a8c                IRQ045_Handler
                0x08205a8c                IRQ080_Handler
                0x08205a8c                IRQ015_Handler
                0x08205a8c                IRQ052_Handler
                0x08205a8c                MemManage_Handler
                0x08205a8c                HIF2_IRQHandler
                0x08205a8c                IRQ001_Handler
                0x08205a8c                IRQ040_Handler
                0x08205a8c                IRQ068_Handler
                0x08205a8c                IRQ059_Handler
                0x08205a8c                IRQ096_Handler
                0x08205a8c                IRQ003_Handler
                0x08205a8c                IRQ042_Handler
                0x08205a8c                IRQ024_Handler
                0x08205a8c                IRQ016_Handler
                0x08205a8c                IRQ053_Handler
                0x08205a8c                IRQ090_Handler
                0x08205a8c                IRQ078_Handler
                0x08205a8c                IRQ032_Handler
                0x08205a8c                IRQ020_Handler
                0x08205a8c                IRQ073_Handler
                0x08205a8c                IRQ018_Handler
                0x08205a8c                IRQ055_Handler
                0x08205a8c                IRQ092_Handler
                0x08205a8c                IRQ087_Handler
                0x08205a8c                IRQ026_Handler
                0x08205a8c                IRQ061_Handler
                0x08205a8c                IRQ025_Handler
                0x08205a8c                IRQ060_Handler
                0x08205a8c                IRQ085_Handler
                0x08205a8c                IRQ013_Handler
                0x08205a8c                IRQ050_Handler
                0x08205a8c                IRQ030_Handler
                0x08205a8c                IRQ029_Handler
                0x08205a8c                IRQ064_Handler
                0x08205a8c                IRQ066_Handler
                0x08205a8c                IRQ017_Handler
                0x08205a8c                IRQ054_Handler
                0x08205a8c                IRQ091_Handler
                0x08205a8c                BusFault_Handler
                0x08205a8c                IRQ069_Handler
                0x08205a8c                IRQ075_Handler
                0x08205a8c                IRQ086_Handler
                0x08205a8c                IRQ057_Handler
                0x08205a8c                IRQ094_Handler
                0x08205a8c                IRQ079_Handler
 .text.Default_Reset_Handler
                0x08205a8e        0x2 ./wiseconnect3_sdk_3.1.4/components/device/silabs/si91x/mcu/core/chip/src/startup_si91x.o
                0x08205a8e                Default_Reset_Handler
                0x08205a8e                Reset_Handler
 .text.Copy_Table
                0x08205a90       0x24 ./wiseconnect3_sdk_3.1.4/components/device/silabs/si91x/mcu/core/chip/src/startup_si91x.o
                0x08205a90                Copy_Table
 .text.Zero_Table
                0x08205ab4       0x24 ./wiseconnect3_sdk_3.1.4/components/device/silabs/si91x/mcu/core/chip/src/startup_si91x.o
                0x08205ab4                Zero_Table
 .text.RSI_Default_Reset_Handler
                0x08205ad8       0x16 ./wiseconnect3_sdk_3.1.4/components/device/silabs/si91x/mcu/core/chip/src/startup_si91x.o
                0x08205ad8                RSI_Default_Reset_Handler
 *fill*         0x08205aee        0x2 
 .text.SystemCoreClockUpdate
                0x08205af0       0xfc ./wiseconnect3_sdk_3.1.4/components/device/silabs/si91x/mcu/core/chip/src/system_si91x.o
                0x08205af0                SystemCoreClockUpdate
 .text.fpuInit  0x08205bec       0x44 ./wiseconnect3_sdk_3.1.4/components/device/silabs/si91x/mcu/core/chip/src/system_si91x.o
                0x08205bec                fpuInit
 .text.SystemInit
                0x08205c30       0xe4 ./wiseconnect3_sdk_3.1.4/components/device/silabs/si91x/mcu/core/chip/src/system_si91x.o
                0x08205c30                SystemInit
 .text.ARM_UART_SignalEvent
                0x08205d14       0x24 ./wiseconnect3_sdk_3.1.4/components/device/silabs/si91x/mcu/core/common/src/rsi_debug.o
                0x08205d14                ARM_UART_SignalEvent
 .text.Board_Debug_Init
                0x08205d38       0x4c ./wiseconnect3_sdk_3.1.4/components/device/silabs/si91x/mcu/core/common/src/rsi_debug.o
                0x08205d38                Board_Debug_Init
 .text.Board_UARTGetChar
                0x08205d84       0x30 ./wiseconnect3_sdk_3.1.4/components/device/silabs/si91x/mcu/core/common/src/rsi_debug.o
                0x08205d84                Board_UARTGetChar
 .text.Board_UARTPutChar
                0x08205db4       0x30 ./wiseconnect3_sdk_3.1.4/components/device/silabs/si91x/mcu/core/common/src/rsi_debug.o
                0x08205db4                Board_UARTPutChar
 .text.read_exclude_space
                0x08205de4       0x20 ./wiseconnect3_sdk_3.1.4/components/device/silabs/si91x/mcu/core/common/src/syscalls.o
 .text._getpid  0x08205e04        0x4 ./wiseconnect3_sdk_3.1.4/components/device/silabs/si91x/mcu/core/common/src/syscalls.o
                0x08205e04                _getpid
 .text._kill    0x08205e08       0x10 ./wiseconnect3_sdk_3.1.4/components/device/silabs/si91x/mcu/core/common/src/syscalls.o
                0x08205e08                _kill
 .text._exit    0x08205e18        0xc ./wiseconnect3_sdk_3.1.4/components/device/silabs/si91x/mcu/core/common/src/syscalls.o
                0x08205e18                _exit
 .text._write   0x08205e24       0x1c ./wiseconnect3_sdk_3.1.4/components/device/silabs/si91x/mcu/core/common/src/syscalls.o
                0x08205e24                _write
 .text._close   0x08205e40        0x6 ./wiseconnect3_sdk_3.1.4/components/device/silabs/si91x/mcu/core/common/src/syscalls.o
                0x08205e40                _close
 .text._fstat   0x08205e46        0xa ./wiseconnect3_sdk_3.1.4/components/device/silabs/si91x/mcu/core/common/src/syscalls.o
                0x08205e46                _fstat
 .text._isatty  0x08205e50        0x4 ./wiseconnect3_sdk_3.1.4/components/device/silabs/si91x/mcu/core/common/src/syscalls.o
                0x08205e50                _isatty
 .text._lseek   0x08205e54        0x4 ./wiseconnect3_sdk_3.1.4/components/device/silabs/si91x/mcu/core/common/src/syscalls.o
                0x08205e54                _lseek
 .text._read    0x08205e58      0x30c ./wiseconnect3_sdk_3.1.4/components/device/silabs/si91x/mcu/core/common/src/syscalls.o
                0x08205e58                _read
 .text.sl_si91x_device_init_nvic
                0x08206164       0x18 ./wiseconnect3_sdk_3.1.4/components/device/silabs/si91x/mcu/core/config/src/rsi_nvic_priorities_config.o
                0x08206164                sl_si91x_device_init_nvic
 .text.GSPI_MASTER_GetVersion
                0x0820617c       0x20 ./wiseconnect3_sdk_3.1.4/components/device/silabs/si91x/mcu/drivers/cmsis_driver/GSPI.o
                0x0820617c                GSPI_MASTER_GetVersion
 .text.GSPI_MASTER_GetCapabilities
                0x0820619c        0x4 ./wiseconnect3_sdk_3.1.4/components/device/silabs/si91x/mcu/drivers/cmsis_driver/GSPI.o
                0x0820619c                GSPI_MASTER_GetCapabilities
 .text.GSPI_MASTER_GetStatus
                0x082061a0        0x4 ./wiseconnect3_sdk_3.1.4/components/device/silabs/si91x/mcu/drivers/cmsis_driver/GSPI.o
 .text.GSPI_MASTER_UDMA_Tx_Event
                0x082061a4        0xc ./wiseconnect3_sdk_3.1.4/components/device/silabs/si91x/mcu/drivers/cmsis_driver/GSPI.o
                0x082061a4                GSPI_MASTER_UDMA_Tx_Event
 .text.GSPI_MASTER_UDMA_Rx_Event
                0x082061b0        0xc ./wiseconnect3_sdk_3.1.4/components/device/silabs/si91x/mcu/drivers/cmsis_driver/GSPI.o
                0x082061b0                GSPI_MASTER_UDMA_Rx_Event
 .text.GSPI_MASTER_Control
                0x082061bc       0x3c ./wiseconnect3_sdk_3.1.4/components/device/silabs/si91x/mcu/drivers/cmsis_driver/GSPI.o
 .text.GSPI_MASTER_GetDataCount
                0x082061f8        0xc ./wiseconnect3_sdk_3.1.4/components/device/silabs/si91x/mcu/drivers/cmsis_driver/GSPI.o
 .text.GSPI_MASTER_Transfer
                0x08206204       0x2c ./wiseconnect3_sdk_3.1.4/components/device/silabs/si91x/mcu/drivers/cmsis_driver/GSPI.o
 .text.GSPI_MASTER_Receive
                0x08206230       0x2c ./wiseconnect3_sdk_3.1.4/components/device/silabs/si91x/mcu/drivers/cmsis_driver/GSPI.o
 .text.GSPI_MASTER_Send
                0x0820625c       0x2c ./wiseconnect3_sdk_3.1.4/components/device/silabs/si91x/mcu/drivers/cmsis_driver/GSPI.o
 .text.GSPI_MASTER_PowerControl
                0x08206288        0xc ./wiseconnect3_sdk_3.1.4/components/device/silabs/si91x/mcu/drivers/cmsis_driver/GSPI.o
 .text.GSPI_MASTER_Uninitialize
                0x08206294       0x1c ./wiseconnect3_sdk_3.1.4/components/device/silabs/si91x/mcu/drivers/cmsis_driver/GSPI.o
 .text.GSPI_MASTER_Initialize
                0x082062b0       0x30 ./wiseconnect3_sdk_3.1.4/components/device/silabs/si91x/mcu/drivers/cmsis_driver/GSPI.o
 .text.RSI_GSPI_SetSlaveSelectNumber
                0x082062e0        0xc ./wiseconnect3_sdk_3.1.4/components/device/silabs/si91x/mcu/drivers/cmsis_driver/GSPI.o
                0x082062e0                RSI_GSPI_SetSlaveSelectNumber
 .text.IRQ046_Handler
                0x082062ec        0xc ./wiseconnect3_sdk_3.1.4/components/device/silabs/si91x/mcu/drivers/cmsis_driver/GSPI.o
                0x082062ec                IRQ046_Handler
 .text.GSPI_GetFrameLength
                0x082062f8       0x10 ./wiseconnect3_sdk_3.1.4/components/device/silabs/si91x/mcu/drivers/cmsis_driver/GSPI.o
                0x082062f8                GSPI_GetFrameLength
 .text.GSPI_SwapReadWriteByte
                0x08206308       0x48 ./wiseconnect3_sdk_3.1.4/components/device/silabs/si91x/mcu/drivers/cmsis_driver/GSPI.o
                0x08206308                GSPI_SwapReadWriteByte
 .text.GSPI_GetInitState
                0x08206350       0x10 ./wiseconnect3_sdk_3.1.4/components/device/silabs/si91x/mcu/drivers/cmsis_driver/GSPI.o
                0x08206350                GSPI_GetInitState
 .text.gspi_transfer_complete_callback
                0x08206360       0x20 ./wiseconnect3_sdk_3.1.4/components/device/silabs/si91x/mcu/drivers/cmsis_driver/GSPI.o
                0x08206360                gspi_transfer_complete_callback
 .text.gspi_error_callback
                0x08206380       0x20 ./wiseconnect3_sdk_3.1.4/components/device/silabs/si91x/mcu/drivers/cmsis_driver/GSPI.o
                0x08206380                gspi_error_callback
 .text.ARM_USARTx_GetVersion
                0x082063a0       0x20 ./wiseconnect3_sdk_3.1.4/components/device/silabs/si91x/mcu/drivers/cmsis_driver/USART.o
                0x082063a0                ARM_USARTx_GetVersion
 .text.ARM_ULP_UART_GetCapabilities
                0x082063c0        0xc ./wiseconnect3_sdk_3.1.4/components/device/silabs/si91x/mcu/drivers/cmsis_driver/USART.o
 .text.ARM_ULP_UART_GetModemStatus
                0x082063cc        0xc ./wiseconnect3_sdk_3.1.4/components/device/silabs/si91x/mcu/drivers/cmsis_driver/USART.o
 .text.ARM_ULP_UART_SetModemControl
                0x082063d8        0xc ./wiseconnect3_sdk_3.1.4/components/device/silabs/si91x/mcu/drivers/cmsis_driver/USART.o
 .text.ARM_ULP_UART_GetStatus
                0x082063e4        0xc ./wiseconnect3_sdk_3.1.4/components/device/silabs/si91x/mcu/drivers/cmsis_driver/USART.o
 .text.ARM_ULP_UART_Control
                0x082063f0       0x34 ./wiseconnect3_sdk_3.1.4/components/device/silabs/si91x/mcu/drivers/cmsis_driver/USART.o
 .text.ARM_ULP_UART_GetRxCount
                0x08206424        0xc ./wiseconnect3_sdk_3.1.4/components/device/silabs/si91x/mcu/drivers/cmsis_driver/USART.o
 .text.ARM_ULP_UART_GetTxCount
                0x08206430        0xc ./wiseconnect3_sdk_3.1.4/components/device/silabs/si91x/mcu/drivers/cmsis_driver/USART.o
 .text.ARM_ULP_UART_Transfer
                0x0820643c       0x54 ./wiseconnect3_sdk_3.1.4/components/device/silabs/si91x/mcu/drivers/cmsis_driver/USART.o
 .text.ARM_ULP_UART_Receive
                0x08206490       0x48 ./wiseconnect3_sdk_3.1.4/components/device/silabs/si91x/mcu/drivers/cmsis_driver/USART.o
 .text.ARM_ULP_UART_Send
                0x082064d8       0x48 ./wiseconnect3_sdk_3.1.4/components/device/silabs/si91x/mcu/drivers/cmsis_driver/USART.o
 .text.ARM_ULP_UART_PowerControl
                0x08206520       0x18 ./wiseconnect3_sdk_3.1.4/components/device/silabs/si91x/mcu/drivers/cmsis_driver/USART.o
 .text.ARM_ULP_UART_Uninitialize
                0x08206538       0x1c ./wiseconnect3_sdk_3.1.4/components/device/silabs/si91x/mcu/drivers/cmsis_driver/USART.o
 .text.ARM_ULP_UART_Initialize
                0x08206554       0x30 ./wiseconnect3_sdk_3.1.4/components/device/silabs/si91x/mcu/drivers/cmsis_driver/USART.o
 .text.IRQ038_Handler
                0x08206584        0xc ./wiseconnect3_sdk_3.1.4/components/device/silabs/si91x/mcu/drivers/cmsis_driver/USART.o
                0x08206584                IRQ038_Handler
 .text.IRQ039_Handler
                0x08206590        0xc ./wiseconnect3_sdk_3.1.4/components/device/silabs/si91x/mcu/drivers/cmsis_driver/USART.o
                0x08206590                IRQ039_Handler
 .text.IRQ012_Handler
                0x0820659c        0xc ./wiseconnect3_sdk_3.1.4/components/device/silabs/si91x/mcu/drivers/cmsis_driver/USART.o
                0x0820659c                IRQ012_Handler
 .text.RSI_ULPUartHandler
                0x082065a8        0x4 ./wiseconnect3_sdk_3.1.4/components/device/silabs/si91x/mcu/drivers/cmsis_driver/USART.o
                0x082065a8                RSI_ULPUartHandler
 .text.RSI_CLK_GetBaseClock
                0x082065ac      0x50c ./wiseconnect3_sdk_3.1.4/components/device/silabs/si91x/mcu/drivers/peripheral_drivers/src/clock_update.o
                0x082065ac                RSI_CLK_GetBaseClock
 .text.egpio_set_dir
                0x08206ab8       0x10 ./wiseconnect3_sdk_3.1.4/components/device/silabs/si91x/mcu/drivers/peripheral_drivers/src/rsi_egpio.o
                0x08206ab8                egpio_set_dir
 .text.egpio_set_pin
                0x08206ac8        0xc ./wiseconnect3_sdk_3.1.4/components/device/silabs/si91x/mcu/drivers/peripheral_drivers/src/rsi_egpio.o
                0x08206ac8                egpio_set_pin
 .text.egpio_set_pin_mux
                0x08206ad4       0x10 ./wiseconnect3_sdk_3.1.4/components/device/silabs/si91x/mcu/drivers/peripheral_drivers/src/rsi_egpio.o
                0x08206ad4                egpio_set_pin_mux
 .text.egpio_host_pads_gpio_mode_enable
                0x08206ae4       0x54 ./wiseconnect3_sdk_3.1.4/components/device/silabs/si91x/mcu/drivers/peripheral_drivers/src/rsi_egpio.o
                0x08206ae4                egpio_host_pads_gpio_mode_enable
 .text.egpio_pad_selection_enable
                0x08206b38       0x2c ./wiseconnect3_sdk_3.1.4/components/device/silabs/si91x/mcu/drivers/peripheral_drivers/src/rsi_egpio.o
                0x08206b38                egpio_pad_selection_enable
 .text.egpio_pad_receiver_enable
                0x08206b64       0x14 ./wiseconnect3_sdk_3.1.4/components/device/silabs/si91x/mcu/drivers/peripheral_drivers/src/rsi_egpio.o
                0x08206b64                egpio_pad_receiver_enable
 .text.egpio_pad_driver_disable_state
                0x08206b78       0x18 ./wiseconnect3_sdk_3.1.4/components/device/silabs/si91x/mcu/drivers/peripheral_drivers/src/rsi_egpio.o
                0x08206b78                egpio_pad_driver_disable_state
 .text.egpio_ulp_pad_receiver_enable
                0x08206b90       0x14 ./wiseconnect3_sdk_3.1.4/components/device/silabs/si91x/mcu/drivers/peripheral_drivers/src/rsi_egpio.o
                0x08206b90                egpio_ulp_pad_receiver_enable
 .text.egpio_ulp_pad_driver_disable_state
                0x08206ba4       0x58 ./wiseconnect3_sdk_3.1.4/components/device/silabs/si91x/mcu/drivers/peripheral_drivers/src/rsi_egpio.o
                0x08206ba4                egpio_ulp_pad_driver_disable_state
 .text.GSPI_Initialize
                0x08206bfc      0x268 ./wiseconnect3_sdk_3.1.4/components/device/silabs/si91x/mcu/drivers/peripheral_drivers/src/rsi_gspi.o
                0x08206bfc                GSPI_Initialize
 .text.GSPI_Uninitialize
                0x08206e64       0x30 ./wiseconnect3_sdk_3.1.4/components/device/silabs/si91x/mcu/drivers/peripheral_drivers/src/rsi_gspi.o
                0x08206e64                GSPI_Uninitialize
 .text.GSPI_PowerControl
                0x08206e94       0xe8 ./wiseconnect3_sdk_3.1.4/components/device/silabs/si91x/mcu/drivers/peripheral_drivers/src/rsi_gspi.o
                0x08206e94                GSPI_PowerControl
 .text.GSPI_Control
                0x08206f7c      0x2d4 ./wiseconnect3_sdk_3.1.4/components/device/silabs/si91x/mcu/drivers/peripheral_drivers/src/rsi_gspi.o
                0x08206f7c                GSPI_Control
 .text.GSPI_Send
                0x08207250      0x1f0 ./wiseconnect3_sdk_3.1.4/components/device/silabs/si91x/mcu/drivers/peripheral_drivers/src/rsi_gspi.o
                0x08207250                GSPI_Send
 .text.GSPI_Receive
                0x08207440      0x228 ./wiseconnect3_sdk_3.1.4/components/device/silabs/si91x/mcu/drivers/peripheral_drivers/src/rsi_gspi.o
                0x08207440                GSPI_Receive
 .text.GSPI_Transfer
                0x08207668      0x280 ./wiseconnect3_sdk_3.1.4/components/device/silabs/si91x/mcu/drivers/peripheral_drivers/src/rsi_gspi.o
                0x08207668                GSPI_Transfer
 .text.GSPI_GetDataCount
                0x082078e8       0x12 ./wiseconnect3_sdk_3.1.4/components/device/silabs/si91x/mcu/drivers/peripheral_drivers/src/rsi_gspi.o
                0x082078e8                GSPI_GetDataCount
 .text.GSPI_UDMA_Tx_Event
                0x082078fa       0x1c ./wiseconnect3_sdk_3.1.4/components/device/silabs/si91x/mcu/drivers/peripheral_drivers/src/rsi_gspi.o
                0x082078fa                GSPI_UDMA_Tx_Event
 .text.GSPI_UDMA_Rx_Event
                0x08207916       0x14 ./wiseconnect3_sdk_3.1.4/components/device/silabs/si91x/mcu/drivers/peripheral_drivers/src/rsi_gspi.o
                0x08207916                GSPI_UDMA_Rx_Event
 *fill*         0x0820792a        0x2 
 .text.GSPI_IRQHandler
                0x0820792c      0x148 ./wiseconnect3_sdk_3.1.4/components/device/silabs/si91x/mcu/drivers/peripheral_drivers/src/rsi_gspi.o
                0x0820792c                GSPI_IRQHandler
 .text.udma_init
                0x08207a74       0x34 ./wiseconnect3_sdk_3.1.4/components/device/silabs/si91x/mcu/drivers/peripheral_drivers/src/rsi_udma.o
                0x08207a74                udma_init
 .text.udma_setup_channel_transfer
                0x08207aa8      0x168 ./wiseconnect3_sdk_3.1.4/components/device/silabs/si91x/mcu/drivers/peripheral_drivers/src/rsi_udma.o
                0x08207aa8                udma_setup_channel_transfer
 .text.udma_interrupt_enable
                0x08207c10       0x48 ./wiseconnect3_sdk_3.1.4/components/device/silabs/si91x/mcu/drivers/peripheral_drivers/src/rsi_udma.o
                0x08207c10                udma_interrupt_enable
 .text.RSI_UDMA_AckEnable
                0x08207c58       0x60 ./wiseconnect3_sdk_3.1.4/components/device/silabs/si91x/mcu/drivers/peripheral_drivers/src/rsi_udma.o
                0x08207c58                RSI_UDMA_AckEnable
 .text.udma_setup_channel
                0x08207cb8       0x74 ./wiseconnect3_sdk_3.1.4/components/device/silabs/si91x/mcu/drivers/peripheral_drivers/src/rsi_udma.o
                0x08207cb8                udma_setup_channel
 .text.uDMAx_Initialize
                0x08207d2c       0xe4 ./wiseconnect3_sdk_3.1.4/components/device/silabs/si91x/mcu/drivers/peripheral_drivers/src/rsi_udma_wrapper.o
                0x08207d2c                uDMAx_Initialize
 .text.uDMAx_Uninitialize
                0x08207e10       0x84 ./wiseconnect3_sdk_3.1.4/components/device/silabs/si91x/mcu/drivers/peripheral_drivers/src/rsi_udma_wrapper.o
                0x08207e10                uDMAx_Uninitialize
 .text.uDMAx_ChannelConfigure
                0x08207e94      0x154 ./wiseconnect3_sdk_3.1.4/components/device/silabs/si91x/mcu/drivers/peripheral_drivers/src/rsi_udma_wrapper.o
                0x08207e94                uDMAx_ChannelConfigure
 .text.uDMAx_ChannelEnable
                0x08207fe8       0x10 ./wiseconnect3_sdk_3.1.4/components/device/silabs/si91x/mcu/drivers/peripheral_drivers/src/rsi_udma_wrapper.o
                0x08207fe8                uDMAx_ChannelEnable
 .text.uDMAx_DMAEnable
                0x08207ff8        0xe ./wiseconnect3_sdk_3.1.4/components/device/silabs/si91x/mcu/drivers/peripheral_drivers/src/rsi_udma_wrapper.o
                0x08207ff8                uDMAx_DMAEnable
 .text.uDMAx_ChannelDisable
                0x08208006       0x10 ./wiseconnect3_sdk_3.1.4/components/device/silabs/si91x/mcu/drivers/peripheral_drivers/src/rsi_udma_wrapper.o
                0x08208006                uDMAx_ChannelDisable
 *fill*         0x08208016        0x2 
 .text.UartIrqHandler
                0x08208018      0x1f0 ./wiseconnect3_sdk_3.1.4/components/device/silabs/si91x/mcu/drivers/peripheral_drivers/src/rsi_usart.o
                0x08208018                UartIrqHandler
 .text.USART_SetBaudrate
                0x08208208       0x50 ./wiseconnect3_sdk_3.1.4/components/device/silabs/si91x/mcu/drivers/peripheral_drivers/src/rsi_usart.o
                0x08208208                USART_SetBaudrate
 .text.USART_Initialize
                0x08208258      0x108 ./wiseconnect3_sdk_3.1.4/components/device/silabs/si91x/mcu/drivers/peripheral_drivers/src/rsi_usart.o
                0x08208258                USART_Initialize
 .text.USART_Uninitialize
                0x08208360       0x88 ./wiseconnect3_sdk_3.1.4/components/device/silabs/si91x/mcu/drivers/peripheral_drivers/src/rsi_usart.o
                0x08208360                USART_Uninitialize
 .text.USART_PowerControl
                0x082083e8      0x150 ./wiseconnect3_sdk_3.1.4/components/device/silabs/si91x/mcu/drivers/peripheral_drivers/src/rsi_usart.o
                0x082083e8                USART_PowerControl
 .text.USART_Send_Data
                0x08208538      0x148 ./wiseconnect3_sdk_3.1.4/components/device/silabs/si91x/mcu/drivers/peripheral_drivers/src/rsi_usart.o
                0x08208538                USART_Send_Data
 .text.USART_Receive_Data
                0x08208680      0x12c ./wiseconnect3_sdk_3.1.4/components/device/silabs/si91x/mcu/drivers/peripheral_drivers/src/rsi_usart.o
                0x08208680                USART_Receive_Data
 .text.USART_Transfer
                0x082087ac       0x72 ./wiseconnect3_sdk_3.1.4/components/device/silabs/si91x/mcu/drivers/peripheral_drivers/src/rsi_usart.o
                0x082087ac                USART_Transfer
 .text.USART_GetTxCount
                0x0820881e        0x6 ./wiseconnect3_sdk_3.1.4/components/device/silabs/si91x/mcu/drivers/peripheral_drivers/src/rsi_usart.o
                0x0820881e                USART_GetTxCount
 .text.USART_GetRxCount
                0x08208824        0x6 ./wiseconnect3_sdk_3.1.4/components/device/silabs/si91x/mcu/drivers/peripheral_drivers/src/rsi_usart.o
                0x08208824                USART_GetRxCount
 *fill*         0x0820882a        0x2 
 .text.USART_Control
                0x0820882c      0x8d0 ./wiseconnect3_sdk_3.1.4/components/device/silabs/si91x/mcu/drivers/peripheral_drivers/src/rsi_usart.o
                0x0820882c                USART_Control
 .text.USART_GetStatus
                0x082090fc       0x42 ./wiseconnect3_sdk_3.1.4/components/device/silabs/si91x/mcu/drivers/peripheral_drivers/src/rsi_usart.o
                0x082090fc                USART_GetStatus
 *fill*         0x0820913e        0x2 
 .text.USART_SetModemControl
                0x08209140       0x84 ./wiseconnect3_sdk_3.1.4/components/device/silabs/si91x/mcu/drivers/peripheral_drivers/src/rsi_usart.o
                0x08209140                USART_SetModemControl
 .text.USART_GetModemStatus
                0x082091c4       0x5c ./wiseconnect3_sdk_3.1.4/components/device/silabs/si91x/mcu/drivers/peripheral_drivers/src/rsi_usart.o
                0x082091c4                USART_GetModemStatus
 .text.RSI_IPMU_UpdateIpmuCalibData_efuse
                0x08209220      0x2ec ./wiseconnect3_sdk_3.1.4/components/device/silabs/si91x/mcu/drivers/systemlevel/src/rsi_ipmu.o
                0x08209220                RSI_IPMU_UpdateIpmuCalibData_efuse
 .text.RSI_Ipmu_Init
                0x0820950c        0x4 ./wiseconnect3_sdk_3.1.4/components/device/silabs/si91x/mcu/drivers/systemlevel/src/rsi_ipmu.o
                0x0820950c                RSI_Ipmu_Init
 .text.RSI_Configure_Ipmu_Mode
                0x08209510        0x6 ./wiseconnect3_sdk_3.1.4/components/device/silabs/si91x/mcu/drivers/systemlevel/src/rsi_ipmu.o
                0x08209510                RSI_Configure_Ipmu_Mode
 *fill*         0x08209516        0x2 
 .text.RSI_IPMU_ClockMuxSel
                0x08209518       0x40 ./wiseconnect3_sdk_3.1.4/components/device/silabs/si91x/mcu/drivers/systemlevel/src/rsi_ipmu.o
                0x08209518                RSI_IPMU_ClockMuxSel
 .text.RSI_IPMU_ProgramConfigData
                0x08209558       0xea ./wiseconnect3_sdk_3.1.4/components/device/silabs/si91x/mcu/drivers/systemlevel/src/rsi_ipmu.o
                0x08209558                RSI_IPMU_ProgramConfigData
 *fill*         0x08209642        0x2 
 .text.RSI_IPMU_M32rc_OscTrimEfuse
                0x08209644       0x28 ./wiseconnect3_sdk_3.1.4/components/device/silabs/si91x/mcu/drivers/systemlevel/src/rsi_ipmu.o
                0x08209644                RSI_IPMU_M32rc_OscTrimEfuse
 .text.RSI_IPMU_DBLR32M_TrimEfuse
                0x0820966c       0x18 ./wiseconnect3_sdk_3.1.4/components/device/silabs/si91x/mcu/drivers/systemlevel/src/rsi_ipmu.o
                0x0820966c                RSI_IPMU_DBLR32M_TrimEfuse
 .text.RSI_IPMU_M20roOsc_TrimEfuse
                0x08209684       0x28 ./wiseconnect3_sdk_3.1.4/components/device/silabs/si91x/mcu/drivers/systemlevel/src/rsi_ipmu.o
                0x08209684                RSI_IPMU_M20roOsc_TrimEfuse
 .text.RSI_IPMU_RO32khz_TrimEfuse
                0x082096ac       0x18 ./wiseconnect3_sdk_3.1.4/components/device/silabs/si91x/mcu/drivers/systemlevel/src/rsi_ipmu.o
                0x082096ac                RSI_IPMU_RO32khz_TrimEfuse
 .text.RSI_IPMU_RC32khz_TrimEfuse
                0x082096c4       0x18 ./wiseconnect3_sdk_3.1.4/components/device/silabs/si91x/mcu/drivers/systemlevel/src/rsi_ipmu.o
                0x082096c4                RSI_IPMU_RC32khz_TrimEfuse
 .text._usdelay
                0x082096dc        0x6 ./wiseconnect3_sdk_3.1.4/components/device/silabs/si91x/mcu/drivers/systemlevel/src/rsi_pll.o
 *fill*         0x082096e2        0x2 
 .text.clk_soc_pll_clk_set
                0x082096e4       0x18 ./wiseconnect3_sdk_3.1.4/components/device/silabs/si91x/mcu/drivers/systemlevel/src/rsi_pll.o
                0x082096e4                clk_soc_pll_clk_set
 .text.clk_soc_pll_set_freq_div
                0x082096fc      0x118 ./wiseconnect3_sdk_3.1.4/components/device/silabs/si91x/mcu/drivers/systemlevel/src/rsi_pll.o
                0x082096fc                clk_soc_pll_set_freq_div
 .text.clk_set_soc_pll_freq
                0x08209814      0x300 ./wiseconnect3_sdk_3.1.4/components/device/silabs/si91x/mcu/drivers/systemlevel/src/rsi_pll.o
                0x08209814                clk_set_soc_pll_freq
 .text.clk_intf_pll_clk_set
                0x08209b14       0x20 ./wiseconnect3_sdk_3.1.4/components/device/silabs/si91x/mcu/drivers/systemlevel/src/rsi_pll.o
                0x08209b14                clk_intf_pll_clk_set
 .text.clk_intf_pll_set_freq_div
                0x08209b34      0x11c ./wiseconnect3_sdk_3.1.4/components/device/silabs/si91x/mcu/drivers/systemlevel/src/rsi_pll.o
                0x08209b34                clk_intf_pll_set_freq_div
 .text.clk_set_intf_pll_freq
                0x08209c50      0x30c ./wiseconnect3_sdk_3.1.4/components/device/silabs/si91x/mcu/drivers/systemlevel/src/rsi_pll.o
                0x08209c50                clk_set_intf_pll_freq
 .text.clk_peripheral_clk_enable3
                0x08209f5c        0xc ./wiseconnect3_sdk_3.1.4/components/device/silabs/si91x/mcu/drivers/systemlevel/src/rsi_pll.o
                0x08209f5c                clk_peripheral_clk_enable3
 .text.clk_gspi_clk_config
                0x08209f68       0x6c ./wiseconnect3_sdk_3.1.4/components/device/silabs/si91x/mcu/drivers/systemlevel/src/rsi_pll.o
                0x08209f68                clk_gspi_clk_config
 .text.clk_peripheral_clk_enable
                0x08209fd4      0x124 ./wiseconnect3_sdk_3.1.4/components/device/silabs/si91x/mcu/drivers/systemlevel/src/rsi_pll.o
                0x08209fd4                clk_peripheral_clk_enable
 .text.clk_peripheral_clk_disable
                0x0820a0f8       0xe2 ./wiseconnect3_sdk_3.1.4/components/device/silabs/si91x/mcu/drivers/systemlevel/src/rsi_pll.o
                0x0820a0f8                clk_peripheral_clk_disable
 *fill*         0x0820a1da        0x2 
 .text.clk_m4_soc_clk_config
                0x0820a1dc       0xc8 ./wiseconnect3_sdk_3.1.4/components/device/silabs/si91x/mcu/drivers/systemlevel/src/rsi_pll.o
                0x0820a1dc                clk_m4_soc_clk_config
 .text.clk_usart_clk_config
                0x0820a2a4      0x19e ./wiseconnect3_sdk_3.1.4/components/device/silabs/si91x/mcu/drivers/systemlevel/src/rsi_pll.o
                0x0820a2a4                clk_usart_clk_config
 *fill*         0x0820a442        0x2 
 .text.ulpss_enable_ref_clks
                0x0820a444       0xf8 ./wiseconnect3_sdk_3.1.4/components/device/silabs/si91x/mcu/drivers/systemlevel/src/rsi_pll.o
                0x0820a444                ulpss_enable_ref_clks
 .text.clk_m4ss_ref_clk_config
                0x0820a53c       0xcc ./wiseconnect3_sdk_3.1.4/components/device/silabs/si91x/mcu/drivers/systemlevel/src/rsi_pll.o
                0x0820a53c                clk_m4ss_ref_clk_config
 .text.ulpss_peripheral_enable
                0x0820a608      0x1a6 ./wiseconnect3_sdk_3.1.4/components/device/silabs/si91x/mcu/drivers/systemlevel/src/rsi_ulpss_clk.o
                0x0820a608                ulpss_peripheral_enable
 .text.ulpss_peripheral_disable
                0x0820a7ae      0x198 ./wiseconnect3_sdk_3.1.4/components/device/silabs/si91x/mcu/drivers/systemlevel/src/rsi_ulpss_clk.o
                0x0820a7ae                ulpss_peripheral_disable
 .text.ulpss_ulp_uar_clk_config
                0x0820a946       0xca ./wiseconnect3_sdk_3.1.4/components/device/silabs/si91x/mcu/drivers/systemlevel/src/rsi_ulpss_clk.o
                0x0820a946                ulpss_ulp_uar_clk_config
 .text.ulpss_ref_clk_config
                0x0820aa10       0xbc ./wiseconnect3_sdk_3.1.4/components/device/silabs/si91x/mcu/drivers/systemlevel/src/rsi_ulpss_clk.o
                0x0820aa10                ulpss_ref_clk_config
 .text.process_dma_irq
                0x0820aacc       0xec ./wiseconnect3_sdk_3.1.4/components/device/silabs/si91x/mcu/drivers/unified_api/src/sl_si91x_dma.o
 .text.sl_si91x_dma_init
                0x0820abb8       0x50 ./wiseconnect3_sdk_3.1.4/components/device/silabs/si91x/mcu/drivers/unified_api/src/sl_si91x_dma.o
                0x0820abb8                sl_si91x_dma_init
 .text.sl_si91x_dma_deinit
                0x0820ac08       0x7c ./wiseconnect3_sdk_3.1.4/components/device/silabs/si91x/mcu/drivers/unified_api/src/sl_si91x_dma.o
                0x0820ac08                sl_si91x_dma_deinit
 .text.sl_si91x_dma_allocate_channel
                0x0820ac84       0xac ./wiseconnect3_sdk_3.1.4/components/device/silabs/si91x/mcu/drivers/unified_api/src/sl_si91x_dma.o
                0x0820ac84                sl_si91x_dma_allocate_channel
 .text.sl_si91x_dma_register_callbacks
                0x0820ad30       0x50 ./wiseconnect3_sdk_3.1.4/components/device/silabs/si91x/mcu/drivers/unified_api/src/sl_si91x_dma.o
                0x0820ad30                sl_si91x_dma_register_callbacks
 .text.sl_si91x_dma_channel_enable
                0x0820ad80       0x38 ./wiseconnect3_sdk_3.1.4/components/device/silabs/si91x/mcu/drivers/unified_api/src/sl_si91x_dma.o
                0x0820ad80                sl_si91x_dma_channel_enable
 .text.sl_si91x_dma_enable
                0x0820adb8       0x30 ./wiseconnect3_sdk_3.1.4/components/device/silabs/si91x/mcu/drivers/unified_api/src/sl_si91x_dma.o
                0x0820adb8                sl_si91x_dma_enable
 .text.sl_si91x_dma_transfer
                0x0820ade8      0x250 ./wiseconnect3_sdk_3.1.4/components/device/silabs/si91x/mcu/drivers/unified_api/src/sl_si91x_dma.o
                0x0820ade8                sl_si91x_dma_transfer
 .text.IRQ033_Handler
                0x0820b038       0x54 ./wiseconnect3_sdk_3.1.4/components/device/silabs/si91x/mcu/drivers/unified_api/src/sl_si91x_dma.o
                0x0820b038                IRQ033_Handler
 .text.IRQ010_Handler
                0x0820b08c       0x54 ./wiseconnect3_sdk_3.1.4/components/device/silabs/si91x/mcu/drivers/unified_api/src/sl_si91x_dma.o
                0x0820b08c                IRQ010_Handler
 .text.convert_arm_to_sl_error_code
                0x0820b0e0       0x14 ./wiseconnect3_sdk_3.1.4/components/device/silabs/si91x/mcu/drivers/unified_api/src/sl_si91x_gspi.o
 .text.convert_rsi_to_sl_error_code
                0x0820b0f4       0x28 ./wiseconnect3_sdk_3.1.4/components/device/silabs/si91x/mcu/drivers/unified_api/src/sl_si91x_gspi.o
 .text.set_slave_gpio_state.part.0
                0x0820b11c       0x18 ./wiseconnect3_sdk_3.1.4/components/device/silabs/si91x/mcu/drivers/unified_api/src/sl_si91x_gspi.o
 .text.callback_event_handler
                0x0820b134       0x34 ./wiseconnect3_sdk_3.1.4/components/device/silabs/si91x/mcu/drivers/unified_api/src/sl_si91x_gspi.o
 .text.sl_si91x_gspi_init
                0x0820b168       0x48 ./wiseconnect3_sdk_3.1.4/components/device/silabs/si91x/mcu/drivers/unified_api/src/sl_si91x_gspi.o
                0x0820b168                sl_si91x_gspi_init
 .text.sl_si91x_gspi_set_configuration
                0x0820b1b0       0xf0 ./wiseconnect3_sdk_3.1.4/components/device/silabs/si91x/mcu/drivers/unified_api/src/sl_si91x_gspi.o
                0x0820b1b0                sl_si91x_gspi_set_configuration
 .text.sl_si91x_gspi_transfer_data
                0x0820b2a0       0x3c ./wiseconnect3_sdk_3.1.4/components/device/silabs/si91x/mcu/drivers/unified_api/src/sl_si91x_gspi.o
                0x0820b2a0                sl_si91x_gspi_transfer_data
 .text.sl_si91x_gspi_register_event_callback
                0x0820b2dc       0x38 ./wiseconnect3_sdk_3.1.4/components/device/silabs/si91x/mcu/drivers/unified_api/src/sl_si91x_gspi.o
                0x0820b2dc                sl_si91x_gspi_register_event_callback
 .text.sl_si91x_gspi_get_version
                0x0820b314       0x16 ./wiseconnect3_sdk_3.1.4/components/device/silabs/si91x/mcu/drivers/unified_api/src/sl_si91x_gspi.o
                0x0820b314                sl_si91x_gspi_get_version
 .text.sl_si91x_gspi_get_status
                0x0820b32a        0x4 ./wiseconnect3_sdk_3.1.4/components/device/silabs/si91x/mcu/drivers/unified_api/src/sl_si91x_gspi.o
                0x0820b32a                sl_si91x_gspi_get_status
 .text.sl_si91x_gspi_get_clock_division_factor
                0x0820b32e        0x8 ./wiseconnect3_sdk_3.1.4/components/device/silabs/si91x/mcu/drivers/unified_api/src/sl_si91x_gspi.o
                0x0820b32e                sl_si91x_gspi_get_clock_division_factor
 .text.sl_si91x_gspi_get_frame_length
                0x0820b336        0x4 ./wiseconnect3_sdk_3.1.4/components/device/silabs/si91x/mcu/drivers/unified_api/src/sl_si91x_gspi.o
                0x0820b336                sl_si91x_gspi_get_frame_length
 *fill*         0x0820b33a        0x2 
 .text.sl_mv_m4_app_from_flash_to_ram
                0x0820b33c       0x50 ./wiseconnect3_sdk_3.1.4/components/device/silabs/si91x/wireless/ahb_interface/src/rsi_hal_mcu_m4_ram.o
                0x0820b33c                sl_mv_m4_app_from_flash_to_ram
 .text.sli_si91x_raise_pkt_pending_interrupt_to_ta
                0x0820b38c       0x20 ./wiseconnect3_sdk_3.1.4/components/device/silabs/si91x/wireless/ahb_interface/src/rsi_hal_mcu_m4_rom.o
                0x0820b38c                sli_si91x_raise_pkt_pending_interrupt_to_ta
 .text.raise_m4_to_ta_interrupt
                0x0820b3ac        0xc ./wiseconnect3_sdk_3.1.4/components/device/silabs/si91x/wireless/ahb_interface/src/rsi_hal_mcu_m4_rom.o
                0x0820b3ac                raise_m4_to_ta_interrupt
 .text.mask_ta_interrupt
                0x0820b3b8        0xc ./wiseconnect3_sdk_3.1.4/components/device/silabs/si91x/wireless/ahb_interface/src/rsi_hal_mcu_m4_rom.o
                0x0820b3b8                mask_ta_interrupt
 .text.sli_receive_from_ta_done_isr
                0x0820b3c4       0x28 ./wiseconnect3_sdk_3.1.4/components/device/silabs/si91x/wireless/ahb_interface/src/rsi_hal_mcu_m4_rom.o
                0x0820b3c4                sli_receive_from_ta_done_isr
 .text.sli_m4_interrupt_isr
                0x0820b3ec       0xa0 ./wiseconnect3_sdk_3.1.4/components/device/silabs/si91x/wireless/ahb_interface/src/rsi_hal_mcu_m4_rom.o
                0x0820b3ec                sli_m4_interrupt_isr
 .text.sl_si91x_bus_read_interrupt_status
                0x0820b48c       0x10 ./wiseconnect3_sdk_3.1.4/components/device/silabs/si91x/wireless/ahb_interface/src/rsi_hal_mcu_m4_rom.o
                0x0820b48c                sl_si91x_bus_read_interrupt_status
 .text.si91x_req_wakeup
                0x0820b49c       0x20 ./wiseconnect3_sdk_3.1.4/components/device/silabs/si91x/wireless/ahb_interface/src/rsi_hal_mcu_m4_rom.o
                0x0820b49c                si91x_req_wakeup
 .text.sl_si91x_host_clear_sleep_indicator
                0x0820b4bc       0x14 ./wiseconnect3_sdk_3.1.4/components/device/silabs/si91x/wireless/ahb_interface/src/rsi_hal_mcu_m4_rom.o
                0x0820b4bc                sl_si91x_host_clear_sleep_indicator
 .text.IRQ074_Handler
                0x0820b4d0        0x4 ./wiseconnect3_sdk_3.1.4/components/device/silabs/si91x/wireless/ahb_interface/src/rsi_hal_mcu_m4_rom.o
                0x0820b4d0                IRQ074_Handler
 .text.sl_si91x_ta_events_init
                0x0820b4d4       0x14 ./wiseconnect3_sdk_3.1.4/components/device/silabs/si91x/wireless/ahb_interface/src/rsi_hal_mcu_m4_rom.o
                0x0820b4d4                sl_si91x_ta_events_init
 .text.sli_si91x_platform_init
                0x0820b4e8       0x5c ./wiseconnect3_sdk_3.1.4/components/device/silabs/si91x/wireless/ahb_interface/src/sl_platform.o
                0x0820b4e8                sli_si91x_platform_init
 .text.si91x_bootup_firmware
                0x0820b544       0x94 ./wiseconnect3_sdk_3.1.4/components/device/silabs/si91x/wireless/ahb_interface/src/sl_platform.o
                0x0820b544                si91x_bootup_firmware
 .text.sli_si91x_configure_wireless_frontend_controls
                0x0820b5d8       0x38 ./wiseconnect3_sdk_3.1.4/components/device/silabs/si91x/wireless/ahb_interface/src/sl_platform_wireless.o
                0x0820b5d8                sli_si91x_configure_wireless_frontend_controls
 .text.sli_si91x_submit_rx_pkt
                0x0820b610       0x84 ./wiseconnect3_sdk_3.1.4/components/device/silabs/si91x/wireless/ahb_interface/src/sl_si91x_bus.o
                0x0820b610                sli_si91x_submit_rx_pkt
 .text.sl_si91x_bus_read_frame
                0x0820b694        0x8 ./wiseconnect3_sdk_3.1.4/components/device/silabs/si91x/wireless/ahb_interface/src/sl_si91x_bus.o
                0x0820b694                sl_si91x_bus_read_frame
 .text.sl_si91x_bus_write_frame
                0x0820b69c       0x24 ./wiseconnect3_sdk_3.1.4/components/device/silabs/si91x/wireless/ahb_interface/src/sl_si91x_bus.o
                0x0820b69c                sl_si91x_bus_write_frame
 .text.sli_submit_rx_buffer
                0x0820b6c0       0x16 ./wiseconnect3_sdk_3.1.4/components/device/silabs/si91x/wireless/ahb_interface/src/sl_si91x_bus.o
                0x0820b6c0                sli_submit_rx_buffer
 *fill*         0x0820b6d6        0x2 
 .text.rsi_update_tx_dma_desc
                0x0820b6d8       0x28 ./wiseconnect3_sdk_3.1.4/components/device/silabs/si91x/wireless/ahb_interface/src/sl_si91x_bus.o
                0x0820b6d8                rsi_update_tx_dma_desc
 .text.rsi_update_rx_dma_desc
                0x0820b700       0x10 ./wiseconnect3_sdk_3.1.4/components/device/silabs/si91x/wireless/ahb_interface/src/sl_si91x_bus.o
                0x0820b700                rsi_update_rx_dma_desc
 .text.sli_si91x_config_m4_dma_desc_on_reset
                0x0820b710       0x48 ./wiseconnect3_sdk_3.1.4/components/device/silabs/si91x/wireless/ahb_interface/src/sl_si91x_bus.o
                0x0820b710                sli_si91x_config_m4_dma_desc_on_reset
 .text.rsi_waitfor_boardready
                0x0820b758       0x44 ./wiseconnect3_sdk_3.1.4/components/device/silabs/si91x/wireless/ahb_interface/src/sli_siwx917_soc.o
                0x0820b758                rsi_waitfor_boardready
 .text.rsi_select_option
                0x0820b79c       0x80 ./wiseconnect3_sdk_3.1.4/components/device/silabs/si91x/wireless/ahb_interface/src/sli_siwx917_soc.o
                0x0820b79c                rsi_select_option
 .text.unmask_ta_interrupt
                0x0820b81c        0xc ./wiseconnect3_sdk_3.1.4/components/device/silabs/si91x/wireless/ahb_interface/src/sli_siwx917_soc.o
                0x0820b81c                unmask_ta_interrupt
 .text.sli_m4_ta_interrupt_init
                0x0820b828       0x2c ./wiseconnect3_sdk_3.1.4/components/device/silabs/si91x/wireless/ahb_interface/src/sli_siwx917_soc.o
                0x0820b828                sli_m4_ta_interrupt_init
 .text.sl_si91x_errno
                0x0820b854       0x1c ./wiseconnect3_sdk_3.1.4/components/device/silabs/si91x/wireless/errno/src/sl_si91x_errno.o
                0x0820b854                sl_si91x_errno
 .text.sl_si91x_bus_rx_irq_handler
                0x0820b870        0x4 ./wiseconnect3_sdk_3.1.4/components/device/silabs/si91x/wireless/host_mcu/si91x/siwx917_soc_ncp_host.o
                0x0820b870                sl_si91x_bus_rx_irq_handler
 .text.sl_si91x_bus_rx_done_handler
                0x0820b874        0x2 ./wiseconnect3_sdk_3.1.4/components/device/silabs/si91x/wireless/host_mcu/si91x/siwx917_soc_ncp_host.o
                0x0820b874                sl_si91x_bus_rx_done_handler
 .text.sl_si91x_bus_init
                0x0820b876        0x4 ./wiseconnect3_sdk_3.1.4/components/device/silabs/si91x/wireless/host_mcu/si91x/siwx917_soc_ncp_host.o
                0x0820b876                sl_si91x_bus_init
 .text.sl_si91x_host_init
                0x0820b87a        0xa ./wiseconnect3_sdk_3.1.4/components/device/silabs/si91x/wireless/host_mcu/si91x/siwx917_soc_ncp_host.o
                0x0820b87a                sl_si91x_host_init
 .text.sl_si91x_host_hold_in_reset
                0x0820b884        0x2 ./wiseconnect3_sdk_3.1.4/components/device/silabs/si91x/wireless/host_mcu/si91x/siwx917_soc_ncp_host.o
                0x0820b884                sl_si91x_host_hold_in_reset
 .text.sl_si91x_host_release_from_reset
                0x0820b886        0x2 ./wiseconnect3_sdk_3.1.4/components/device/silabs/si91x/wireless/host_mcu/si91x/siwx917_soc_ncp_host.o
                0x0820b886                sl_si91x_host_release_from_reset
 .text.sl_si91x_host_enable_bus_interrupt
                0x0820b888        0x2 ./wiseconnect3_sdk_3.1.4/components/device/silabs/si91x/wireless/host_mcu/si91x/siwx917_soc_ncp_host.o
                0x0820b888                sl_si91x_host_enable_bus_interrupt
 *fill*         0x0820b88a        0x2 
 .text.sl_si91x_host_is_in_irq_context
                0x0820b88c       0x14 ./wiseconnect3_sdk_3.1.4/components/device/silabs/si91x/wireless/host_mcu/si91x/siwx917_soc_ncp_host.o
                0x0820b88c                sl_si91x_host_is_in_irq_context
 .text.sl_si91x_host_init_buffer_manager
                0x0820b8a0       0x38 ./wiseconnect3_sdk_3.1.4/components/device/silabs/si91x/wireless/memory/mem_pool_buffers.o
                0x0820b8a0                sl_si91x_host_init_buffer_manager
 .text.sl_si91x_host_allocate_buffer
                0x0820b8d8       0x4c ./wiseconnect3_sdk_3.1.4/components/device/silabs/si91x/wireless/memory/mem_pool_buffers.o
                0x0820b8d8                sl_si91x_host_allocate_buffer
 .text.sl_si91x_host_get_buffer_data
                0x0820b924       0x18 ./wiseconnect3_sdk_3.1.4/components/device/silabs/si91x/wireless/memory/mem_pool_buffers.o
                0x0820b924                sl_si91x_host_get_buffer_data
 .text.sl_si91x_host_free_buffer
                0x0820b93c       0x18 ./wiseconnect3_sdk_3.1.4/components/device/silabs/si91x/wireless/memory/mem_pool_buffers.o
                0x0820b93c                sl_si91x_host_free_buffer
 .text.convert_si91x_dns_response
                0x0820b954       0x2a ./wiseconnect3_sdk_3.1.4/components/device/silabs/si91x/wireless/sl_net/src/sl_net_rsi_utility.o
                0x0820b954                convert_si91x_dns_response
 .text.convert_si91x_event_to_sl_net_event
                0x0820b97e       0x2a ./wiseconnect3_sdk_3.1.4/components/device/silabs/si91x/wireless/sl_net/src/sl_net_rsi_utility.o
                0x0820b97e                convert_si91x_event_to_sl_net_event
 .text.convert_itoa
                0x0820b9a8       0x58 ./wiseconnect3_sdk_3.1.4/components/device/silabs/si91x/wireless/sl_net/src/sl_net_rsi_utility.o
                0x0820b9a8                convert_itoa
 .text.convert_si91x_event_to_sl_http_client_event
                0x0820ba00       0x2e ./wiseconnect3_sdk_3.1.4/components/device/silabs/si91x/wireless/sl_net/src/sl_net_rsi_utility.o
                0x0820ba00                convert_si91x_event_to_sl_http_client_event
 .text.si91x_node_free_function
                0x0820ba2e        0x6 ./wiseconnect3_sdk_3.1.4/components/device/silabs/si91x/wireless/sl_net/src/sl_net_si91x_integration_handler.o
 .text.sl_net_si91x_event_dispatch_handler
                0x0820ba34       0xd4 ./wiseconnect3_sdk_3.1.4/components/device/silabs/si91x/wireless/sl_net/src/sl_net_si91x_integration_handler.o
                0x0820ba34                sl_net_si91x_event_dispatch_handler
 .text.convert_to_si91x_cert_type
                0x0820bb08       0x82 ./wiseconnect3_sdk_3.1.4/components/device/silabs/si91x/wireless/sl_net/src/sl_si91x_net_credentials.o
 .text.sl_si91x_set_credential
                0x0820bb8a       0x40 ./wiseconnect3_sdk_3.1.4/components/device/silabs/si91x/wireless/sl_net/src/sl_si91x_net_credentials.o
                0x0820bb8a                sl_si91x_set_credential
 .text.sl_si91x_host_get_credentials
                0x0820bbca       0x4a ./wiseconnect3_sdk_3.1.4/components/device/silabs/si91x/wireless/sl_net/src/sl_si91x_net_credentials.o
                0x0820bbca                sl_si91x_host_get_credentials
 .text.sl_si91x_configure_ip_address
                0x0820bc14      0x1a4 ./wiseconnect3_sdk_3.1.4/components/device/silabs/si91x/wireless/sl_net/src/sl_si91x_net_internal_stack.o
                0x0820bc14                sl_si91x_configure_ip_address
 .text.si91x_socket_node_free_function
                0x0820bdb8        0x6 ./wiseconnect3_sdk_3.1.4/components/device/silabs/si91x/wireless/socket/src/sl_si91x_socket_utility.o
 *fill*         0x0820bdbe        0x2 
 .text.si91x_socket_identification_function
                0x0820bdc0       0xac ./wiseconnect3_sdk_3.1.4/components/device/silabs/si91x/wireless/socket/src/sl_si91x_socket_utility.o
 .text.reset_socket_state
                0x0820be6c       0x14 ./wiseconnect3_sdk_3.1.4/components/device/silabs/si91x/wireless/socket/src/sl_si91x_socket_utility.o
                0x0820be6c                reset_socket_state
 .text.sl_si91x_vap_shutdown
                0x0820be80       0x34 ./wiseconnect3_sdk_3.1.4/components/device/silabs/si91x/wireless/socket/src/sl_si91x_socket_utility.o
                0x0820be80                sl_si91x_vap_shutdown
 .text.get_si91x_socket
                0x0820beb4       0x24 ./wiseconnect3_sdk_3.1.4/components/device/silabs/si91x/wireless/socket/src/sl_si91x_socket_utility.o
                0x0820beb4                get_si91x_socket
 .text.handle_accept_response
                0x0820bed8       0x46 ./wiseconnect3_sdk_3.1.4/components/device/silabs/si91x/wireless/socket/src/sl_si91x_socket_utility.o
                0x0820bed8                handle_accept_response
 .text.handle_select_response
                0x0820bf1e       0x6a ./wiseconnect3_sdk_3.1.4/components/device/silabs/si91x/wireless/socket/src/sl_si91x_socket_utility.o
                0x0820bf1e                handle_select_response
 .text.si91x_socket_event_handler
                0x0820bf88      0x15c ./wiseconnect3_sdk_3.1.4/components/device/silabs/si91x/wireless/socket/src/sl_si91x_socket_utility.o
                0x0820bf88                si91x_socket_event_handler
 .text.get_wifi_current_performance_profile
                0x0820c0e4       0x2c ./wiseconnect3_sdk_3.1.4/components/device/silabs/si91x/wireless/src/sl_rsi_utility.o
                0x0820c0e4                get_wifi_current_performance_profile
 .text.reset_coex_current_performance_profile
                0x0820c110       0x10 ./wiseconnect3_sdk_3.1.4/components/device/silabs/si91x/wireless/src/sl_rsi_utility.o
                0x0820c110                reset_coex_current_performance_profile
 .text.save_tcp_auto_close_choice
                0x0820c120        0xc ./wiseconnect3_sdk_3.1.4/components/device/silabs/si91x/wireless/src/sl_rsi_utility.o
                0x0820c120                save_tcp_auto_close_choice
 .text.get_max_tx_power
                0x0820c12c       0x24 ./wiseconnect3_sdk_3.1.4/components/device/silabs/si91x/wireless/src/sl_rsi_utility.o
                0x0820c12c                get_max_tx_power
 .text.set_card_ready_required
                0x0820c150        0xc ./wiseconnect3_sdk_3.1.4/components/device/silabs/si91x/wireless/src/sl_rsi_utility.o
                0x0820c150                set_card_ready_required
 .text.get_card_ready_required
                0x0820c15c        0xc ./wiseconnect3_sdk_3.1.4/components/device/silabs/si91x/wireless/src/sl_rsi_utility.o
                0x0820c15c                get_card_ready_required
 .text.save_coex_mode
                0x0820c168        0xc ./wiseconnect3_sdk_3.1.4/components/device/silabs/si91x/wireless/src/sl_rsi_utility.o
                0x0820c168                save_coex_mode
 .text.convert_si91x_event_to_sl_wifi_event
                0x0820c174      0x198 ./wiseconnect3_sdk_3.1.4/components/device/silabs/si91x/wireless/src/sl_rsi_utility.o
                0x0820c174                convert_si91x_event_to_sl_wifi_event
 .text.get_saved_sl_wifi_rate
                0x0820c30c       0x14 ./wiseconnect3_sdk_3.1.4/components/device/silabs/si91x/wireless/src/sl_rsi_utility.o
                0x0820c30c                get_saved_sl_wifi_rate
 .text.save_ap_configuration
                0x0820c320       0x28 ./wiseconnect3_sdk_3.1.4/components/device/silabs/si91x/wireless/src/sl_rsi_utility.o
                0x0820c320                save_ap_configuration
 .text.convert_sl_wifi_to_sl_si91x_encryption
                0x0820c348       0x1c ./wiseconnect3_sdk_3.1.4/components/device/silabs/si91x/wireless/src/sl_rsi_utility.o
                0x0820c348                convert_sl_wifi_to_sl_si91x_encryption
 .text.sl_si91x_platform_init
                0x0820c364       0xec ./wiseconnect3_sdk_3.1.4/components/device/silabs/si91x/wireless/src/sl_rsi_utility.o
                0x0820c364                sl_si91x_platform_init
 .text.sl_si91x_host_set_event