Archive member included to satisfy reference by file (symbol)

c:/siliconlabs/simplicitystudio/v5/developer/toolchains/gnu_arm/12.2.rel1_2023.7/bin/../lib/gcc/arm-none-eabi/12.2.1/thumb/v7e-m+fp/softfp\libgcc.a(_arm_muldf3.o)
                              ./wiseconnect3_sdk_3.1.4/components/device/silabs/si91x/mcu/drivers/systemlevel/src/rsi_pll.o (__aeabi_dmul)
c:/siliconlabs/simplicitystudio/v5/developer/toolchains/gnu_arm/12.2.rel1_2023.7/bin/../lib/gcc/arm-none-eabi/12.2.1/thumb/v7e-m+fp/softfp\libgcc.a(_arm_addsubdf3.o)
                              ./wiseconnect3_sdk_3.1.4/components/device/silabs/si91x/mcu/drivers/systemlevel/src/rsi_pll.o (__aeabi_dsub)
c:/siliconlabs/simplicitystudio/v5/developer/toolchains/gnu_arm/12.2.rel1_2023.7/bin/../lib/gcc/arm-none-eabi/12.2.1/thumb/v7e-m+fp/softfp\libgcc.a(_arm_muldivdf3.o)
                              ./wiseconnect3_sdk_3.1.4/components/device/silabs/si91x/mcu/drivers/peripheral_drivers/src/clock_update.o (__aeabi_ddiv)
c:/siliconlabs/simplicitystudio/v5/developer/toolchains/gnu_arm/12.2.rel1_2023.7/bin/../lib/gcc/arm-none-eabi/12.2.1/thumb/v7e-m+fp/softfp\libgcc.a(_arm_fixunsdfsi.o)
                              ./wiseconnect3_sdk_3.1.4/components/device/silabs/si91x/mcu/drivers/peripheral_drivers/src/clock_update.o (__aeabi_d2uiz)
c:/siliconlabs/simplicitystudio/v5/developer/toolchains/gnu_arm/12.2.rel1_2023.7/bin/../lib/gcc/arm-none-eabi/12.2.1/thumb/v7e-m+fp/softfp\libgcc.a(_aeabi_uldivmod.o)
                              ./third_party/FatFs/src/ff.o (__aeabi_uldivmod)
c:/siliconlabs/simplicitystudio/v5/developer/toolchains/gnu_arm/12.2.rel1_2023.7/bin/../lib/gcc/arm-none-eabi/12.2.1/thumb/v7e-m+fp/softfp\libgcc.a(_udivmoddi4.o)
                              c:/siliconlabs/simplicitystudio/v5/developer/toolchains/gnu_arm/12.2.rel1_2023.7/bin/../lib/gcc/arm-none-eabi/12.2.1/thumb/v7e-m+fp/softfp\libgcc.a(_aeabi_uldivmod.o) (__udivmoddi4)
c:/siliconlabs/simplicitystudio/v5/developer/toolchains/gnu_arm/12.2.rel1_2023.7/bin/../lib/gcc/arm-none-eabi/12.2.1/thumb/v7e-m+fp/softfp\libgcc.a(_dvmd_tls.o)
                              c:/siliconlabs/simplicitystudio/v5/developer/toolchains/gnu_arm/12.2.rel1_2023.7/bin/../lib/gcc/arm-none-eabi/12.2.1/thumb/v7e-m+fp/softfp\libgcc.a(_aeabi_uldivmod.o) (__aeabi_ldiv0)
c:/siliconlabs/simplicitystudio/v5/developer/toolchains/gnu_arm/12.2.rel1_2023.7/bin/../lib/gcc/arm-none-eabi/12.2.1/thumb/v7e-m+fp/softfp\libc_nano.a(libc_a-exit.o)
                              c:/siliconlabs/simplicitystudio/v5/developer/toolchains/gnu_arm/12.2.rel1_2023.7/bin/../lib/gcc/arm-none-eabi/12.2.1/thumb/v7e-m+fp/softfp/crt0.o (exit)
c:/siliconlabs/simplicitystudio/v5/developer/toolchains/gnu_arm/12.2.rel1_2023.7/bin/../lib/gcc/arm-none-eabi/12.2.1/thumb/v7e-m+fp/softfp\libc_nano.a(libc_a-malloc.o)
                              ./app.o (malloc)
c:/siliconlabs/simplicitystudio/v5/developer/toolchains/gnu_arm/12.2.rel1_2023.7/bin/../lib/gcc/arm-none-eabi/12.2.1/thumb/v7e-m+fp/softfp\libc_nano.a(libc_a-mallocr.o)
                              c:/siliconlabs/simplicitystudio/v5/developer/toolchains/gnu_arm/12.2.rel1_2023.7/bin/../lib/gcc/arm-none-eabi/12.2.1/thumb/v7e-m+fp/softfp\libc_nano.a(libc_a-malloc.o) (_malloc_r)
c:/siliconlabs/simplicitystudio/v5/developer/toolchains/gnu_arm/12.2.rel1_2023.7/bin/../lib/gcc/arm-none-eabi/12.2.1/thumb/v7e-m+fp/softfp\libc_nano.a(libc_a-mlock.o)
                              c:/siliconlabs/simplicitystudio/v5/developer/toolchains/gnu_arm/12.2.rel1_2023.7/bin/../lib/gcc/arm-none-eabi/12.2.1/thumb/v7e-m+fp/softfp\libc_nano.a(libc_a-mallocr.o) (__malloc_lock)
c:/siliconlabs/simplicitystudio/v5/developer/toolchains/gnu_arm/12.2.rel1_2023.7/bin/../lib/gcc/arm-none-eabi/12.2.1/thumb/v7e-m+fp/softfp\libc_nano.a(libc_a-strtoul.o)
                              ./wiseconnect3_sdk_3.1.4/components/common/src/sl_utility.o (strtoul)
c:/siliconlabs/simplicitystudio/v5/developer/toolchains/gnu_arm/12.2.rel1_2023.7/bin/../lib/gcc/arm-none-eabi/12.2.1/thumb/v7e-m+fp/softfp\libc_nano.a(libc_a-ctype_.o)
                              ./gecko_sdk_4.4.1/platform/common/src/sl_string.o (_ctype_)
c:/siliconlabs/simplicitystudio/v5/developer/toolchains/gnu_arm/12.2.rel1_2023.7/bin/../lib/gcc/arm-none-eabi/12.2.1/thumb/v7e-m+fp/softfp\libc_nano.a(libc_a-nano-vfprintf_float.o)
                              (_printf_float)
c:/siliconlabs/simplicitystudio/v5/developer/toolchains/gnu_arm/12.2.rel1_2023.7/bin/../lib/gcc/arm-none-eabi/12.2.1/thumb/v7e-m+fp/softfp\libc_nano.a(libc_a-nano-vfprintf_i.o)
                              c:/siliconlabs/simplicitystudio/v5/developer/toolchains/gnu_arm/12.2.rel1_2023.7/bin/../lib/gcc/arm-none-eabi/12.2.1/thumb/v7e-m+fp/softfp\libc_nano.a(libc_a-nano-vfprintf_float.o) (_printf_common)
c:/siliconlabs/simplicitystudio/v5/developer/toolchains/gnu_arm/12.2.rel1_2023.7/bin/../lib/gcc/arm-none-eabi/12.2.1/thumb/v7e-m+fp/softfp\libc_nano.a(libc_a-findfp.o)
[...]
Memory Configuration

Name             Origin             Length             Attributes
rom              0x08202000         0x001fe000         xr
ram              0x0000000c         0x0002fc00         xrw
udma0            0x0002fc00         0x00000400         xrw
udma1            0x24061c00         0x00000400         xrw
*default*        0x00000000         0xffffffff

Linker script and memory map

LOAD c:/siliconlabs/simplicitystudio/v5/developer/toolchains/gnu_arm/12.2.rel1_2023.7/bin/../lib/gcc/arm-none-eabi/12.2.1/thumb/v7e-m+fp/softfp/crti.o
LOAD c:/siliconlabs/simplicitystudio/v5/developer/toolchains/gnu_arm/12.2.rel1_2023.7/bin/../lib/gcc/arm-none-eabi/12.2.1/thumb/v7e-m+fp/softfp/crtbegin.o
LOAD c:/siliconlabs/simplicitystudio/v5/developer/toolchains/gnu_arm/12.2.rel1_2023.7/bin/../lib/gcc/arm-none-eabi/12.2.1/thumb/v7e-m+fp/softfp/crt0.o
START GROUP
LOAD ./app.o
LOAD ./gspi_control.o
LOAD ./main.o
LOAD ./mux_debug.o
LOAD ./ring_buff.o
LOAD ./autogen/sl_event_handler.o
LOAD ./gecko_sdk_4.4.1/platform/CMSIS/RTOS2/Source/os_systick.o
LOAD ./gecko_sdk_4.4.1/platform/common/src/sl_assert.o
LOAD ./gecko_sdk_4.4.1/platform/common/src/sl_slist.o
LOAD ./gecko_sdk_4.4.1/platform/common/src/sl_string.o
LOAD ./gecko_sdk_4.4.1/platform/common/src/sli_cmsis_os2_ext_task_register.o
LOAD ./gecko_sdk_4.4.1/platform/emlib/src/em_core.o
LOAD ./gecko_sdk_4.4.1/platform/service/mem_pool/src/sl_mem_pool.o
LOAD ./gecko_sdk_4.4.1/platform/service/system/src/sl_system_init.o
LOAD ./gecko_sdk_4.4.1/platform/service/system/src/sl_system_kernel.o
LOAD ./gecko_sdk_4.4.1/util/third_party/freertos/cmsis/Source/cmsis_os2.o
LOAD ./gecko_sdk_4.4.1/util/third_party/freertos/kernel/croutine.o
LOAD ./gecko_sdk_4.4.1/util/third_party/freertos/kernel/event_groups.o
LOAD ./gecko_sdk_4.4.1/util/third_party/freertos/kernel/list.o
LOAD ./gecko_sdk_4.4.1/util/third_party/freertos/kernel/queue.o
LOAD ./gecko_sdk_4.4.1/util/third_party/freertos/kernel/stream_buffer.o
LOAD ./gecko_sdk_4.4.1/util/third_party/freertos/kernel/tasks.o
LOAD ./gecko_sdk_4.4.1/util/third_party/freertos/kernel/timers.o
LOAD ./gecko_sdk_4.4.1/util/third_party/freertos/kernel/portable/GCC/ARM_CM4F/port.o
LOAD ./gecko_sdk_4.4.1/util/third_party/freertos/kernel/portable/MemMang/heap_4.o
LOAD ./third_party/FatFs/port/fatfs.o
LOAD ./third_party/FatFs/port/user_diskio.o
LOAD ./third_party/FatFs/port/user_diskio_spi.o
LOAD ./third_party/FatFs/src/diskio.o
LOAD ./third_party/FatFs/src/fatfs_sdcard.o
LOAD ./third_party/FatFs/src/ff.o
LOAD ./third_party/FatFs/src/ff_gen_drv.o
LOAD ./third_party/FatFs/src/ffunicode.o
LOAD ./third_party/FatFs/src/option/syscall.o
LOAD ./wiseconnect3_sdk_3.1.4/components/board/silabs/src/rsi_board.o
LOAD ./wiseconnect3_sdk_3.1.4/components/common/src/sl_utility.o
LOAD ./wiseconnect3_sdk_3.1.4/components/device/silabs/si91x/mcu/core/chip/src/iPMU_prog/iPMU_dotc/ipmu_apis.o
LOAD ./wiseconnect3_sdk_3.1.4/components/device/silabs/si91x/mcu/core/chip/src/iPMU_prog/iPMU_dotc/rsi_system_config_917.o
LOAD ./wiseconnect3_sdk_3.1.4/components/device/silabs/si91x/mcu/core/chip/src/rsi_deepsleep_soc.o
LOAD ./wiseconnect3_sdk_3.1.4/components/device/silabs/si91x/mcu/core/chip/src/rsi_ps_ram_func.o
LOAD ./wiseconnect3_sdk_3.1.4/components/device/silabs/si91x/mcu/core/chip/src/startup_si91x.o
LOAD ./wiseconnect3_sdk_3.1.4/components/device/silabs/si91x/mcu/core/chip/src/system_si91x.o
LOAD ./wiseconnect3_sdk_3.1.4/components/device/silabs/si91x/mcu/core/common/src/rsi_debug.o
LOAD ./wiseconnect3_sdk_3.1.4/components/device/silabs/si91x/mcu/core/common/src/sl_si91x_stack_object_declare.o
LOAD ./wiseconnect3_sdk_3.1.4/components/device/silabs/si91x/mcu/core/common/src/syscalls.o
LOAD ./wiseconnect3_sdk_3.1.4/components/device/silabs/si91x/mcu/core/config/src/rsi_nvic_priorities_config.o
LOAD ./wiseconnect3_sdk_3.1.4/components/device/silabs/si91x/mcu/drivers/cmsis_driver/GSPI.o
LOAD ./wiseconnect3_sdk_3.1.4/components/device/silabs/si91x/mcu/drivers/cmsis_driver/UDMA.o
LOAD ./wiseconnect3_sdk_3.1.4/components/device/silabs/si91x/mcu/drivers/cmsis_driver/USART.o
LOAD ./wiseconnect3_sdk_3.1.4/components/device/silabs/si91x/mcu/drivers/peripheral_drivers/src/clock_update.o
LOAD ./wiseconnect3_sdk_3.1.4/components/device/silabs/si91x/mcu/drivers/peripheral_drivers/src/rsi_crc.o
LOAD ./wiseconnect3_sdk_3.1.4/components/device/silabs/si91x/mcu/drivers/peripheral_drivers/src/rsi_egpio.o
LOAD ./wiseconnect3_sdk_3.1.4/components/device/silabs/si91x/mcu/drivers/peripheral_drivers/src/rsi_gspi.o
LOAD ./wiseconnect3_sdk_3.1.4/components/device/silabs/si91x/mcu/drivers/peripheral_drivers/src/rsi_timers.o
LOAD ./wiseconnect3_sdk_3.1.4/components/device/silabs/si91x/mcu/drivers/peripheral_drivers/src/rsi_udma.o
LOAD ./wiseconnect3_sdk_3.1.4/components/device/silabs/si91x/mcu/drivers/peripheral_drivers/src/rsi_udma_wrapper.o
LOAD ./wiseconnect3_sdk_3.1.4/components/device/silabs/si91x/mcu/drivers/peripheral_drivers/src/rsi_usart.o
LOAD ./wiseconnect3_sdk_3.1.4/components/device/silabs/si91x/mcu/drivers/systemlevel/src/rsi_ipmu.o
LOAD ./wiseconnect3_sdk_3.1.4/components/device/silabs/si91x/mcu/drivers/systemlevel/src/rsi_pll.o
LOAD ./wiseconnect3_sdk_3.1.4/components/device/silabs/si91x/mcu/drivers/systemlevel/src/rsi_power_save.o
LOAD ./wiseconnect3_sdk_3.1.4/components/device/silabs/si91x/mcu/drivers/systemlevel/src/rsi_rtc.o
LOAD ./wiseconnect3_sdk_3.1.4/components/device/silabs/si91x/mcu/drivers/systemlevel/src/rsi_temp_sensor.o
LOAD ./wiseconnect3_sdk_3.1.4/components/device/silabs/si91x/mcu/drivers/systemlevel/src/rsi_time_period.o
LOAD ./wiseconnect3_sdk_3.1.4/components/device/silabs/si91x/mcu/drivers/systemlevel/src/rsi_ulpss_clk.o
LOAD ./wiseconnect3_sdk_3.1.4/components/device/silabs/si91x/mcu/drivers/systemlevel/src/rsi_wwdt.o
LOAD ./wiseconnect3_sdk_3.1.4/components/device/silabs/si91x/mcu/drivers/unified_api/src/sl_si91x_dma.o
LOAD ./wiseconnect3_sdk_3.1.4/components/device/silabs/si91x/mcu/drivers/unified_api/src/sl_si91x_driver_gpio.o
LOAD ./wiseconnect3_sdk_3.1.4/components/device/silabs/si91x/mcu/drivers/unified_api/src/sl_si91x_gspi.o
LOAD ./wiseconnect3_sdk_3.1.4/components/device/silabs/si91x/mcu/drivers/unified_peripheral_drivers/src/sl_si91x_peripheral_gpio.o
LOAD ./wiseconnect3_sdk_3.1.4/components/device/silabs/si91x/wireless/ahb_interface/src/rsi_hal_mcu_m4_ram.o
LOAD ./wiseconnect3_sdk_3.1.4/components/device/silabs/si91x/wireless/ahb_interface/src/rsi_hal_mcu_m4_rom.o
LOAD ./wiseconnect3_sdk_3.1.4/components/device/silabs/si91x/wireless/ahb_interface/src/sl_platform.o
LOAD ./wiseconnect3_sdk_3.1.4/components/device/silabs/si91x/wireless/ahb_interface/src/sl_platform_wireless.o
LOAD ./wiseconnect3_sdk_3.1.4/components/device/silabs/si91x/wireless/ahb_interface/src/sl_si91x_bus.o
LOAD ./wiseconnect3_sdk_3.1.4/components/device/silabs/si91x/wireless/ahb_interface/src/sl_si91x_timer.o
LOAD ./wiseconnect3_sdk_3.1.4/components/device/silabs/si91x/wireless/ahb_interface/src/sli_siwx917_soc.o
LOAD ./wiseconnect3_sdk_3.1.4/components/device/silabs/si91x/wireless/errno/src/sl_si91x_errno.o
LOAD ./wiseconnect3_sdk_3.1.4/components/device/silabs/si91x/wireless/firmware_upgrade/firmware_upgradation.o
LOAD ./wiseconnect3_sdk_3.1.4/components/device/silabs/si91x/wireless/host_mcu/si91x/siwx917_soc_ncp_host.o
LOAD ./wiseconnect3_sdk_3.1.4/components/device/silabs/si91x/wireless/icmp/sl_net_ping.o
LOAD ./wiseconnect3_sdk_3.1.4/components/device/silabs/si91x/wireless/memory/mem_pool_buffers.o
LOAD ./wiseconnect3_sdk_3.1.4/components/device/silabs/si91x/wireless/sl_net/src/sl_net_rsi_utility.o
LOAD ./wiseconnect3_sdk_3.1.4/components/device/silabs/si91x/wireless/sl_net/src/sl_net_si91x_integration_handler.o
LOAD ./wiseconnect3_sdk_3.1.4/components/device/silabs/si91x/wireless/sl_net/src/sl_si91x_net_credentials.o
LOAD ./wiseconnect3_sdk_3.1.4/components/device/silabs/si91x/wireless/sl_net/src/sl_si91x_net_internal_stack.o
LOAD ./wiseconnect3_sdk_3.1.4/components/device/silabs/si91x/wireless/socket/src/sl_si91x_socket_utility.o
LOAD ./wiseconnect3_sdk_3.1.4/components/device/silabs/si91x/wireless/src/sl_rsi_utility.o
LOAD ./wiseconnect3_sdk_3.1.4/components/device/silabs/si91x/wireless/src/sl_si91x_callback_framework.o
LOAD ./wiseconnect3_sdk_3.1.4/components/device/silabs/si91x/wireless/src/sl_si91x_driver.o
LOAD ./wiseconnect3_sdk_3.1.4/components/device/silabs/si91x/wireless/src/sl_si91x_http_client_callback_framework.o
LOAD ./wiseconnect3_sdk_3.1.4/components/device/silabs/si91x/wireless/threading/sli_si91x_multithreaded.o
LOAD ./wiseconnect3_sdk_3.1.4/components/protocol/wifi/si91x/sl_wifi.o
LOAD ./wiseconnect3_sdk_3.1.4/components/protocol/wifi/src/sl_wifi_callback_framework.o
LOAD ./wiseconnect3_sdk_3.1.4/components/service/http_client/si91x_socket/sl_http_client.o
LOAD ./wiseconnect3_sdk_3.1.4/components/service/network_manager/si91x/sl_net_si91x.o
LOAD ./wiseconnect3_sdk_3.1.4/components/service/network_manager/src/sl_net.o
LOAD ./wiseconnect3_sdk_3.1.4/components/service/network_manager/src/sl_net_basic_certificate_store.o
LOAD ./wiseconnect3_sdk_3.1.4/components/service/network_manager/src/sl_net_basic_credentials.o
LOAD ./wiseconnect3_sdk_3.1.4/components/service/network_manager/src/sl_net_basic_profiles.o
LOAD c:/siliconlabs/simplicitystudio/v5/developer/toolchains/gnu_arm/12.2.rel1_2023.7/bin/../lib/gcc/arm-none-eabi/12.2.1/thumb/v7e-m+fp/softfp\libgcc.a
LOAD c:/siliconlabs/simplicitystudio/v5/developer/toolchains/gnu_arm/12.2.rel1_2023.7/bin/../lib/gcc/arm-none-eabi/12.2.1/thumb/v7e-m+fp/softfp\libnosys.a
LOAD c:/siliconlabs/simplicitystudio/v5/developer/toolchains/gnu_arm/12.2.rel1_2023.7/bin/../lib/gcc/arm-none-eabi/12.2.1/thumb/v7e-m+fp/softfp\libc_nano.a
LOAD c:/siliconlabs/simplicitystudio/v5/developer/toolchains/gnu_arm/12.2.rel1_2023.7/bin/../lib/gcc/arm-none-eabi/12.2.1/thumb/v7e-m+fp/softfp\libm.a
END GROUP
START GROUP
LOAD c:/siliconlabs/simplicitystudio/v5/developer/toolchains/gnu_arm/12.2.rel1_2023.7/bin/../lib/gcc/arm-none-eabi/12.2.1/thumb/v7e-m+fp/softfp\libgcc.a
LOAD c:/siliconlabs/simplicitystudio/v5/developer/toolchains/gnu_arm/12.2.rel1_2023.7/bin/../lib/gcc/arm-none-eabi/12.2.1/thumb/v7e-m+fp/softfp\libc_nano.a
LOAD c:/siliconlabs/simplicitystudio/v5/developer/toolchains/gnu_arm/12.2.rel1_2023.7/bin/../lib/gcc/arm-none-eabi/12.2.1/thumb/v7e-m+fp/softfp\libnosys.a
END GROUP
START GROUP
LOAD c:/siliconlabs/simplicitystudio/v5/developer/toolchains/gnu_arm/12.2.rel1_2023.7/bin/../lib/gcc/arm-none-eabi/12.2.1/thumb/v7e-m+fp/softfp\libgcc.a
LOAD c:/siliconlabs/simplicitystudio/v5/developer/toolchains/gnu_arm/12.2.rel1_2023.7/bin/../lib/gcc/arm-none-eabi/12.2.1/thumb/v7e-m+fp/softfp\libg_nano.a
LOAD c:/siliconlabs/simplicitystudio/v5/developer/toolchains/gnu_arm/12.2.rel1_2023.7/bin/../lib/gcc/arm-none-eabi/12.2.1/thumb/v7e-m+fp/softfp\libc_nano.a
END GROUP
START GROUP
LOAD c:/siliconlabs/simplicitystudio/v5/developer/toolchains/gnu_arm/12.2.rel1_2023.7/bin/../lib/gcc/arm-none-eabi/12.2.1/thumb/v7e-m+fp/softfp\libgcc.a
LOAD c:/siliconlabs/simplicitystudio/v5/developer/toolchains/gnu_arm/12.2.rel1_2023.7/bin/../lib/gcc/arm-none-eabi/12.2.1/thumb/v7e-m+fp/softfp\libc_nano.a
END GROUP
LOAD c:/siliconlabs/simplicitystudio/v5/developer/toolchains/gnu_arm/12.2.rel1_2023.7/bin/../lib/gcc/arm-none-eabi/12.2.1/thumb/v7e-m+fp/softfp/crtend.o
LOAD c:/siliconlabs/simplicitystudio/v5/developer/toolchains/gnu_arm/12.2.rel1_2023.7/bin/../lib/gcc/arm-none-eabi/12.2.1/thumb/v7e-m+fp/softfp/crtn.o

.text           0x08202000    0x250af
 *(.isr_vector)
 .isr_vector    0x08202000      0x16c ./wiseconnect3_sdk_3.1.4/components/device/silabs/si91x/mcu/core/chip/src/startup_si91x.o
                0x08202000                __Vectors
 *(.text*)
 .text.deregister_tm_clones
                0x0820216c       0x1c c:/siliconlabs/simplicitystudio/v5/developer/toolchains/gnu_arm/12.2.rel1_2023.7/bin/../lib/gcc/arm-none-eabi/12.2.1/thumb/v7e-m+fp/softfp/crtbegin.o
 .text.register_tm_clones
                0x08202188       0x24 c:/siliconlabs/simplicitystudio/v5/developer/toolchains/gnu_arm/12.2.rel1_2023.7/bin/../lib/gcc/arm-none-eabi/12.2.1/thumb/v7e-m+fp/softfp/crtbegin.o
 .text.__do_global_dtors_aux
                0x082021ac       0x28 c:/siliconlabs/simplicitystudio/v5/developer/toolchains/gnu_arm/12.2.rel1_2023.7/bin/../lib/gcc/arm-none-eabi/12.2.1/thumb/v7e-m+fp/softfp/crtbegin.o
 .text.frame_dummy
                0x082021d4       0x24 c:/siliconlabs/simplicitystudio/v5/developer/toolchains/gnu_arm/12.2.rel1_2023.7/bin/../lib/gcc/arm-none-eabi/12.2.1/thumb/v7e-m+fp/softfp/crtbegin.o
 .text.http_get_response_callback_handler
                0x082021f8       0xc0 ./app.o
                0x082021f8                http_get_response_callback_handler
 .text.app_init
                0x082022b8       0xd4 ./app.o
                0x082022b8                app_init
 .text.http_response_status
                0x0820238c       0x16 ./app.o
                0x0820238c                http_response_status
 *fill*         0x082023a2        0x2 
 .text.http_client_application
                0x082023a4      0x190 ./app.o
                0x082023a4                http_client_application
 .text.application_start
                0x08202534       0x78 ./app.o
 .text.startup.main
                0x082025ac       0x12 ./main.o
                0x082025ac                main
 *fill*         0x082025be        0x2 
 .text.mux_debug_init
                0x082025c0       0x20 ./mux_debug.o
                0x082025c0                mux_debug_init
 .text._MUX_LOG
                0x082025e0       0x40 ./mux_debug.o
                0x082025e0                _MUX_LOG
 .text._http_debug_log
                0x08202620       0x1a ./mux_debug.o
                0x08202620                _http_debug_log
 .text._ringBuffer_debug
                0x0820263a       0x1a ./mux_debug.o
                0x0820263a                _ringBuffer_debug
 .text.ringBuffer_Init
                0x08202654       0x64 ./ring_buff.o
                0x08202654                ringBuffer_Init
 .text.ringBuffer_IsFull
                0x082026b8       0x38 ./ring_buff.o
                0x082026b8                ringBuffer_IsFull
 .text.ringBuffer_check_ready_to_write
                0x082026f0       0x54 ./ring_buff.o
                0x082026f0                ringBuffer_check_ready_to_write
 .text.ringBuffer_write
                0x08202744       0xcc ./ring_buff.o
                0x08202744                ringBuffer_write
 .text.up_cpu_clk
                0x08202810       0x58 ./autogen/sl_event_handler.o
                0x08202810                up_cpu_clk
 .text.sl_platform_init
                0x08202868       0x22 ./autogen/sl_event_handler.o
                0x08202868                sl_platform_init
 .text.sl_kernel_start
                0x0820288a        0x4 ./autogen/sl_event_handler.o
                0x0820288a                sl_kernel_start
 .text.sl_driver_init
                0x0820288e        0x2 ./autogen/sl_event_handler.o
                0x0820288e                sl_driver_init
 .text.sl_service_init
                0x08202890        0x2 ./autogen/sl_event_handler.o
                0x08202890                sl_service_init
 .text.sl_stack_init
                0x08202892        0x2 ./autogen/sl_event_handler.o
                0x08202892                sl_stack_init
 .text.sl_internal_app_init
                0x08202894        0x2 ./autogen/sl_event_handler.o
                0x08202894                sl_internal_app_init
 .text.sl_slist_remove
                0x08202896       0x14 ./gecko_sdk_4.4.1/platform/common/src/sl_slist.o
                0x08202896                sl_slist_remove
 .text.sli_osTaskRegisterSetValue
                0x082028aa        0xa ./gecko_sdk_4.4.1/platform/common/src/sli_cmsis_os2_ext_task_register.o
                0x082028aa                sli_osTaskRegisterSetValue
 .text.CORE_ExitCritical
                0x082028b4        0x6 ./gecko_sdk_4.4.1/platform/emlib/src/em_core.o
                0x082028b4                CORE_ExitCritical
 .text.CORE_EnterAtomic
                0x082028ba        0x8 ./gecko_sdk_4.4.1/platform/emlib/src/em_core.o
                0x082028ba                CORE_EnterAtomic
 .text.CORE_ExitAtomic
                0x082028c2        0x4 ./gecko_sdk_4.4.1/platform/emlib/src/em_core.o
                0x082028c2                CORE_ExitAtomic
 .text.sli_mem_pool_create
                0x082028c6       0x3c ./gecko_sdk_4.4.1/platform/service/mem_pool/src/sl_mem_pool.o
                0x082028c6                sli_mem_pool_create
 .text.sli_mem_pool_alloc
                0x08202902       0x24 ./gecko_sdk_4.4.1/platform/service/mem_pool/src/sl_mem_pool.o
                0x08202902                sli_mem_pool_alloc
 .text.sli_mem_pool_free
                0x08202926       0x18 ./gecko_sdk_4.4.1/platform/service/mem_pool/src/sl_mem_pool.o
                0x08202926                sli_mem_pool_free
 .text.sl_system_init
                0x0820293e       0x1a ./gecko_sdk_4.4.1/platform/service/system/src/sl_system_init.o
                0x0820293e                sl_system_init
 .text.sl_system_kernel_start
                0x08202958        0x4 ./gecko_sdk_4.4.1/platform/service/system/src/sl_system_kernel.o
                0x08202958                sl_system_kernel_start
 .text.SysTick_Handler
                0x0820295c       0x1a ./gecko_sdk_4.4.1/util/third_party/freertos/cmsis/Source/cmsis_os2.o
                0x0820295c                SysTick_Handler
 *fill*         0x08202976        0x2 
 .text.osKernelInitialize
                0x08202978       0x34 ./gecko_sdk_4.4.1/util/third_party/freertos/cmsis/Source/cmsis_os2.o
                0x08202978                osKernelInitialize
 .text.osKernelStart
                0x082029ac       0x48 ./gecko_sdk_4.4.1/util/third_party/freertos/cmsis/Source/cmsis_os2.o
                0x082029ac                osKernelStart
 .text.osKernelGetTickCount
                0x082029f4       0x28 ./gecko_sdk_4.4.1/util/third_party/freertos/cmsis/Source/cmsis_os2.o
                0x082029f4                osKernelGetTickCount
 .text.osKernelGetTickFreq
                0x08202a1c        0x6 ./gecko_sdk_4.4.1/util/third_party/freertos/cmsis/Source/cmsis_os2.o
                0x08202a1c                osKernelGetTickFreq
 *fill*         0x08202a22        0x2 
 .text.osKernelGetSysTimerFreq
                0x08202a24        0xc ./gecko_sdk_4.4.1/util/third_party/freertos/cmsis/Source/cmsis_os2.o
                0x08202a24                osKernelGetSysTimerFreq
 .text.osThreadNew
                0x08202a30       0xa8 ./gecko_sdk_4.4.1/util/third_party/freertos/cmsis/Source/cmsis_os2.o
                0x08202a30                osThreadNew
 .text.osDelay  0x08202ad8       0x30 ./gecko_sdk_4.4.1/util/third_party/freertos/cmsis/Source/cmsis_os2.o
                0x08202ad8                osDelay
 .text.osEventFlagsNew
                0x08202b08       0x3c ./gecko_sdk_4.4.1/util/third_party/freertos/cmsis/Source/cmsis_os2.o
                0x08202b08                osEventFlagsNew
 .text.osEventFlagsSet
                0x08202b44       0x70 ./gecko_sdk_4.4.1/util/third_party/freertos/cmsis/Source/cmsis_os2.o
                0x08202b44                osEventFlagsSet
 .text.osEventFlagsClear
                0x08202bb4       0x5c ./gecko_sdk_4.4.1/util/third_party/freertos/cmsis/Source/cmsis_os2.o
                0x08202bb4                osEventFlagsClear
 .text.osEventFlagsWait
                0x08202c10       0x70 ./gecko_sdk_4.4.1/util/third_party/freertos/cmsis/Source/cmsis_os2.o
                0x08202c10                osEventFlagsWait
 .text.osMutexNew
                0x08202c80       0x94 ./gecko_sdk_4.4.1/util/third_party/freertos/cmsis/Source/cmsis_os2.o
                0x08202c80                osMutexNew
 .text.osMutexAcquire
                0x08202d14       0x60 ./gecko_sdk_4.4.1/util/third_party/freertos/cmsis/Source/cmsis_os2.o
                0x08202d14                osMutexAcquire
 .text.osMutexRelease
                0x08202d74       0x58 ./gecko_sdk_4.4.1/util/third_party/freertos/cmsis/Source/cmsis_os2.o
                0x08202d74                osMutexRelease
 .text.osSemaphoreNew
                0x08202dcc       0xb0 ./gecko_sdk_4.4.1/util/third_party/freertos/cmsis/Source/cmsis_os2.o
                0x08202dcc                osSemaphoreNew
 .text.osSemaphoreAcquire
                0x08202e7c       0x74 ./gecko_sdk_4.4.1/util/third_party/freertos/cmsis/Source/cmsis_os2.o
                0x08202e7c                osSemaphoreAcquire
 .text.osSemaphoreRelease
                0x08202ef0       0x6c ./gecko_sdk_4.4.1/util/third_party/freertos/cmsis/Source/cmsis_os2.o
                0x08202ef0                osSemaphoreRelease
 .text.vApplicationGetIdleTaskMemory
                0x08202f5c       0x18 ./gecko_sdk_4.4.1/util/third_party/freertos/cmsis/Source/cmsis_os2.o
                0x08202f5c                vApplicationGetIdleTaskMemory
 .text.vApplicationGetTimerTaskMemory
                0x08202f74       0x18 ./gecko_sdk_4.4.1/util/third_party/freertos/cmsis/Source/cmsis_os2.o
                0x08202f74                vApplicationGetTimerTaskMemory
 .text.xEventGroupCreateStatic
                0x08202f8c       0x48 ./gecko_sdk_4.4.1/util/third_party/freertos/kernel/event_groups.o
                0x08202f8c                xEventGroupCreateStatic
 .text.xEventGroupCreate
                0x08202fd4       0x1c ./gecko_sdk_4.4.1/util/third_party/freertos/kernel/event_groups.o
                0x08202fd4                xEventGroupCreate
 .text.xEventGroupWaitBits
                0x08202ff0      0x130 ./gecko_sdk_4.4.1/util/third_party/freertos/kernel/event_groups.o
                0x08202ff0                xEventGroupWaitBits
 .text.xEventGroupClearBits
                0x08203120       0x46 ./gecko_sdk_4.4.1/util/third_party/freertos/kernel/event_groups.o
                0x08203120                xEventGroupClearBits
 .text.vEventGroupClearBitsCallback
                0x08203166        0x4 ./gecko_sdk_4.4.1/util/third_party/freertos/kernel/event_groups.o
                0x08203166                vEventGroupClearBitsCallback
 *fill*         0x0820316a        0x2 
 .text.xEventGroupClearBitsFromISR
                0x0820316c       0x10 ./gecko_sdk_4.4.1/util/third_party/freertos/kernel/event_groups.o
                0x0820316c                xEventGroupClearBitsFromISR
 .text.xEventGroupGetBitsFromISR
                0x0820317c       0x1c ./gecko_sdk_4.4.1/util/third_party/freertos/kernel/event_groups.o
                0x0820317c                xEventGroupGetBitsFromISR
 .text.xEventGroupSetBits
                0x08203198       0x88 ./gecko_sdk_4.4.1/util/third_party/freertos/kernel/event_groups.o
                0x08203198                xEventGroupSetBits
 .text.vEventGroupSetBitsCallback
                0x08203220        0x4 ./gecko_sdk_4.4.1/util/third_party/freertos/kernel/event_groups.o
                0x08203220                vEventGroupSetBitsCallback
 .text.xEventGroupSetBitsFromISR
                0x08203224       0x10 ./gecko_sdk_4.4.1/util/third_party/freertos/kernel/event_groups.o
                0x08203224                xEventGroupSetBitsFromISR
 .text.vListInitialise
                0x08203234       0x16 ./gecko_sdk_4.4.1/util/third_party/freertos/kernel/list.o
                0x08203234                vListInitialise
 .text.vListInitialiseItem
                0x0820324a        0x6 ./gecko_sdk_4.4.1/util/third_party/freertos/kernel/list.o
                0x0820324a                vListInitialiseItem
 .text.vListInsertEnd
                0x08203250       0x16 ./gecko_sdk_4.4.1/util/third_party/freertos/kernel/list.o
                0x08203250                vListInsertEnd
 .text.vListInsert
                0x08203266       0x2e ./gecko_sdk_4.4.1/util/third_party/freertos/kernel/list.o
                0x08203266                vListInsert
 .text.uxListRemove
                0x08203294       0x20 ./gecko_sdk_4.4.1/util/third_party/freertos/kernel/list.o
                0x08203294                uxListRemove
 .text.prvIsQueueEmpty
                0x082032b4       0x16 ./gecko_sdk_4.4.1/util/third_party/freertos/kernel/queue.o
 .text.prvCopyDataToQueue
                0x082032ca       0x66 ./gecko_sdk_4.4.1/util/third_party/freertos/kernel/queue.o
 .text.prvCopyDataFromQueue
                0x08203330       0x2c ./gecko_sdk_4.4.1/util/third_party/freertos/kernel/queue.o
 .text.prvUnlockQueue
                0x0820335c       0x70 ./gecko_sdk_4.4.1/util/third_party/freertos/kernel/queue.o
 .text.xQueueGenericReset
                0x082033cc       0x7e ./gecko_sdk_4.4.1/util/third_party/freertos/kernel/queue.o
                0x082033cc                xQueueGenericReset
 .text.xQueueGenericCreate.part.0
                0x0820344a       0x7a ./gecko_sdk_4.4.1/util/third_party/freertos/kernel/queue.o
 .text.xQueueGenericCreateStatic
                0x082034c4       0xa6 ./gecko_sdk_4.4.1/util/third_party/freertos/kernel/queue.o
                0x082034c4                xQueueGenericCreateStatic
 .text.xQueueGenericCreate
                0x0820356a       0x18 ./gecko_sdk_4.4.1/util/third_party/freertos/kernel/queue.o
                0x0820356a                xQueueGenericCreate
 .text.xQueueCreateCountingSemaphoreStatic
                0x08203582       0x44 ./gecko_sdk_4.4.1/util/third_party/freertos/kernel/queue.o
                0x08203582                xQueueCreateCountingSemaphoreStatic
 .text.xQueueCreateCountingSemaphore
                0x082035c6       0x3c ./gecko_sdk_4.4.1/util/third_party/freertos/kernel/queue.o
                0x082035c6                xQueueCreateCountingSemaphore
 .text.xQueueGenericSend
                0x08203602      0x178 ./gecko_sdk_4.4.1/util/third_party/freertos/kernel/queue.o
                0x08203602                xQueueGenericSend
 .text.xQueueCreateMutexStatic
                0x0820377a       0x2a ./gecko_sdk_4.4.1/util/third_party/freertos/kernel/queue.o
                0x0820377a                xQueueCreateMutexStatic
 .text.xQueueGiveMutexRecursive
                0x082037a4       0x3e ./gecko_sdk_4.4.1/util/third_party/freertos/kernel/queue.o
                0x082037a4                xQueueGiveMutexRecursive
 .text.xQueueCreateMutex
                0x082037e2       0x24 ./gecko_sdk_4.4.1/util/third_party/freertos/kernel/queue.o
                0x082037e2                xQueueCreateMutex
 .text.xQueueGenericSendFromISR
                0x08203806       0xd0 ./gecko_sdk_4.4.1/util/third_party/freertos/kernel/queue.o
                0x08203806                xQueueGenericSendFromISR
 .text.xQueueGiveFromISR
                0x082038d6       0xb8 ./gecko_sdk_4.4.1/util/third_party/freertos/kernel/queue.o
                0x082038d6                xQueueGiveFromISR
 .text.xQueueReceive
                0x0820398e      0x13e ./gecko_sdk_4.4.1/util/third_party/freertos/kernel/queue.o
                0x0820398e                xQueueReceive
 .text.xQueueSemaphoreTake
                0x08203acc      0x17a ./gecko_sdk_4.4.1/util/third_party/freertos/kernel/queue.o
                0x08203acc                xQueueSemaphoreTake
 .text.xQueueTakeMutexRecursive
                0x08203c46       0x42 ./gecko_sdk_4.4.1/util/third_party/freertos/kernel/queue.o
                0x08203c46                xQueueTakeMutexRecursive
 .text.xQueueReceiveFromISR
                0x08203c88       0xb0 ./gecko_sdk_4.4.1/util/third_party/freertos/kernel/queue.o
                0x08203c88                xQueueReceiveFromISR
 .text.vQueueAddToRegistry
                0x08203d38       0x24 ./gecko_sdk_4.4.1/util/third_party/freertos/kernel/queue.o
                0x08203d38                vQueueAddToRegistry
 .text.vQueueUnregisterQueue
                0x08203d5c       0x30 ./gecko_sdk_4.4.1/util/third_party/freertos/kernel/queue.o
                0x08203d5c                vQueueUnregisterQueue
 .text.vQueueDelete
                0x08203d8c       0x2a ./gecko_sdk_4.4.1/util/third_party/freertos/kernel/queue.o
                0x08203d8c                vQueueDelete
 .text.vQueueWaitForMessageRestricted
                0x08203db6       0x46 ./gecko_sdk_4.4.1/util/third_party/freertos/kernel/queue.o
                0x08203db6                vQueueWaitForMessageRestricted
 .text.prvAddNewTaskToReadyList
                0x08203dfc      0x100 ./gecko_sdk_4.4.1/util/third_party/freertos/kernel/tasks.o
 .text.prvAddCurrentTaskToDelayedList
                0x08203efc       0x78 ./gecko_sdk_4.4.1/util/third_party/freertos/kernel/tasks.o
 .text.prvResetNextTaskUnblockTime
                0x08203f74       0x24 ./gecko_sdk_4.4.1/util/third_party/freertos/kernel/tasks.o
 .text.prvDeleteTCB
                0x08203f98       0x36 ./gecko_sdk_4.4.1/util/third_party/freertos/kernel/tasks.o
 *fill*         0x08203fce        0x2 
 .text.prvIdleTask
                0x08203fd0       0x60 ./gecko_sdk_4.4.1/util/third_party/freertos/kernel/tasks.o
 .text.prvInitialiseNewTask.constprop.0
                0x08204030       0xb0 ./gecko_sdk_4.4.1/util/third_party/freertos/kernel/tasks.o
 .text.xTaskCreateStatic
                0x082040e0       0x70 ./gecko_sdk_4.4.1/util/third_party/freertos/kernel/tasks.o
                0x082040e0                xTaskCreateStatic
 .text.xTaskCreate
                0x08204150       0x5c ./gecko_sdk_4.4.1/util/third_party/freertos/kernel/tasks.o
                0x08204150                xTaskCreate
 .text.vTaskStartScheduler
                0x082041ac       0x90 ./gecko_sdk_4.4.1/util/third_party/freertos/kernel/tasks.o
                0x082041ac                vTaskStartScheduler
 .text.vTaskSuspendAll
                0x0820423c       0x10 ./gecko_sdk_4.4.1/util/third_party/freertos/kernel/tasks.o
                0x0820423c                vTaskSuspendAll
 .text.xTaskGetTickCount
                0x0820424c        0xc ./gecko_sdk_4.4.1/util/third_party/freertos/kernel/tasks.o
                0x0820424c                xTaskGetTickCount
 .text.xTaskGetTickCountFromISR
                0x08204258       0x10 ./gecko_sdk_4.4.1/util/third_party/freertos/kernel/tasks.o
                0x08204258                xTaskGetTickCountFromISR
 .text.xTaskIncrementTick
                0x08204268      0x12c ./gecko_sdk_4.4.1/util/third_party/freertos/kernel/tasks.o
                0x08204268                xTaskIncrementTick
 .text.xTaskResumeAll
                0x08204394       0xe8 ./gecko_sdk_4.4.1/util/third_party/freertos/kernel/tasks.o
                0x08204394                xTaskResumeAll
 .text.vTaskDelay
                0x0820447c       0x48 ./gecko_sdk_4.4.1/util/third_party/freertos/kernel/tasks.o
                0x0820447c                vTaskDelay
 .text.vTaskSwitchContext
                0x082044c4       0x88 ./gecko_sdk_4.4.1/util/third_party/freertos/kernel/tasks.o
                0x082044c4                vTaskSwitchContext
 .text.vTaskPlaceOnEventList
                0x0820454c       0x34 ./gecko_sdk_4.4.1/util/third_party/freertos/kernel/tasks.o
                0x0820454c                vTaskPlaceOnEventList
 .text.vTaskPlaceOnUnorderedEventList
                0x08204580       0x58 ./gecko_sdk_4.4.1/util/third_party/freertos/kernel/tasks.o
                0x08204580                vTaskPlaceOnUnorderedEventList
 .text.vTaskPlaceOnEventListRestricted
                0x082045d8       0x3c ./gecko_sdk_4.4.1/util/third_party/freertos/kernel/tasks.o
                0x082045d8                vTaskPlaceOnEventListRestricted
 .text.xTaskRemoveFromEventList
                0x08204614       0x80 ./gecko_sdk_4.4.1/util/third_party/freertos/kernel/tasks.o
                0x08204614                xTaskRemoveFromEventList
 .text.vTaskRemoveFromUnorderedEventList
                0x08204694       0x84 ./gecko_sdk_4.4.1/util/third_party/freertos/kernel/tasks.o
                0x08204694                vTaskRemoveFromUnorderedEventList
 .text.vTaskInternalSetTimeOutState
                0x08204718       0x18 ./gecko_sdk_4.4.1/util/third_party/freertos/kernel/tasks.o
                0x08204718                vTaskInternalSetTimeOutState
 .text.xTaskCheckForTimeOut
                0x08204730       0x90 ./gecko_sdk_4.4.1/util/third_party/freertos/kernel/tasks.o
                0x08204730                xTaskCheckForTimeOut
 .text.vTaskMissedYield
                0x082047c0        0xc ./gecko_sdk_4.4.1/util/third_party/freertos/kernel/tasks.o
                0x082047c0                vTaskMissedYield
 .text.vTaskSetThreadLocalStoragePointer
                0x082047cc       0x2c ./gecko_sdk_4.4.1/util/third_party/freertos/kernel/tasks.o
                0x082047cc                vTaskSetThreadLocalStoragePointer
 .text.xTaskGetCurrentTaskHandle
                0x082047f8        0xc ./gecko_sdk_4.4.1/util/third_party/freertos/kernel/tasks.o
                0x082047f8                xTaskGetCurrentTaskHandle
 .text.xTaskGetSchedulerState
                0x08204804       0x20 ./gecko_sdk_4.4.1/util/third_party/freertos/kernel/tasks.o
                0x08204804                xTaskGetSchedulerState
 .text.xTaskPriorityInherit
                0x08204824       0x7c ./gecko_sdk_4.4.1/util/third_party/freertos/kernel/tasks.o
                0x08204824                xTaskPriorityInherit
 .text.xTaskPriorityDisinherit
                0x082048a0       0x84 ./gecko_sdk_4.4.1/util/third_party/freertos/kernel/tasks.o
                0x082048a0                xTaskPriorityDisinherit
 .text.vTaskPriorityDisinheritAfterTimeout
                0x08204924       0x9c ./gecko_sdk_4.4.1/util/third_party/freertos/kernel/tasks.o
                0x08204924                vTaskPriorityDisinheritAfterTimeout
 .text.uxTaskResetEventItemValue
                0x082049c0       0x18 ./gecko_sdk_4.4.1/util/third_party/freertos/kernel/tasks.o
                0x082049c0                uxTaskResetEventItemValue
 .text.pvTaskIncrementMutexHeldCount
                0x082049d8       0x18 ./gecko_sdk_4.4.1/util/third_party/freertos/kernel/tasks.o
                0x082049d8                pvTaskIncrementMutexHeldCount
 .text.prvInsertTimerInActiveList
                0x082049f0       0x3c ./gecko_sdk_4.4.1/util/third_party/freertos/kernel/timers.o
 .text.prvCheckForValidListAndQueue
                0x08204a2c       0x68 ./gecko_sdk_4.4.1/util/third_party/freertos/kernel/timers.o
 .text.xTimerCreateTimerTask
                0x08204a94       0x64 ./gecko_sdk_4.4.1/util/third_party/freertos/kernel/timers.o
                0x08204a94                xTimerCreateTimerTask
 .text.xTimerGenericCommand
                0x08204af8       0x58 ./gecko_sdk_4.4.1/util/third_party/freertos/kernel/timers.o
                0x08204af8                xTimerGenericCommand
 .text.prvSampleTimeNow
                0x08204b50       0xa4 ./gecko_sdk_4.4.1/util/third_party/freertos/kernel/timers.o
 .text.prvTimerTask
                0x08204bf4      0x1cc ./gecko_sdk_4.4.1/util/third_party/freertos/kernel/timers.o
 .text.xTimerPendFunctionCallFromISR
                0x08204dc0       0x28 ./gecko_sdk_4.4.1/util/third_party/freertos/kernel/timers.o
                0x08204dc0                xTimerPendFunctionCallFromISR
 .text.prvPortStartFirstTask
                0x08204de8       0x28 ./gecko_sdk_4.4.1/util/third_party/freertos/kernel/portable/GCC/ARM_CM4F/port.o
 .text.vPortEnableVFP
                0x08204e10       0x14 ./gecko_sdk_4.4.1/util/third_party/freertos/kernel/portable/GCC/ARM_CM4F/port.o
 .text.prvTaskExitError
                0x08204e24       0x40 ./gecko_sdk_4.4.1/util/third_party/freertos/kernel/portable/GCC/ARM_CM4F/port.o
 .text.pxPortInitialiseStack
                0x08204e64       0x2c ./gecko_sdk_4.4.1/util/third_party/freertos/kernel/portable/GCC/ARM_CM4F/port.o
                0x08204e64                pxPortInitialiseStack
 .text.SVC_Handler
                0x08204e90       0x24 ./gecko_sdk_4.4.1/util/third_party/freertos/kernel/portable/GCC/ARM_CM4F/port.o
                0x08204e90                SVC_Handler
 .text.vPortEnterCritical
                0x08204eb4       0x40 ./gecko_sdk_4.4.1/util/third_party/freertos/kernel/portable/GCC/ARM_CM4F/port.o
                0x08204eb4                vPortEnterCritical
 .text.vPortExitCritical
                0x08204ef4       0x28 ./gecko_sdk_4.4.1/util/third_party/freertos/kernel/portable/GCC/ARM_CM4F/port.o
                0x08204ef4                vPortExitCritical
 *fill*         0x08204f1c        0x4 
 .text.PendSV_Handler
                0x08204f20       0x64 ./gecko_sdk_4.4.1/util/third_party/freertos/kernel/portable/GCC/ARM_CM4F/port.o
                0x08204f20                PendSV_Handler
 .text.xPortSysTickHandler
                0x08204f84       0x2c ./gecko_sdk_4.4.1/util/third_party/freertos/kernel/portable/GCC/ARM_CM4F/port.o
                0x08204f84                xPortSysTickHandler
 .text.vPortSetupTimerInterrupt
                0x08204fb0       0x24 ./gecko_sdk_4.4.1/util/third_party/freertos/kernel/portable/GCC/ARM_CM4F/port.o
                0x08204fb0                vPortSetupTimerInterrupt
 .text.xPortStartScheduler
                0x08204fd4      0x10c ./gecko_sdk_4.4.1/util/third_party/freertos/kernel/portable/GCC/ARM_CM4F/port.o
                0x08204fd4                xPortStartScheduler
 .text.vPortValidateInterruptPriority
                0x082050e0       0x5c ./gecko_sdk_4.4.1/util/third_party/freertos/kernel/portable/GCC/ARM_CM4F/port.o
                0x082050e0                vPortValidateInterruptPriority
 .text.prvInsertBlockIntoFreeList
                0x0820513c       0x50 ./gecko_sdk_4.4.1/util/third_party/freertos/kernel/portable/MemMang/heap_4.o
 .text.pvPortMalloc
                0x0820518c      0x134 ./gecko_sdk_4.4.1/util/third_party/freertos/kernel/portable/MemMang/heap_4.o
                0x0820518c                pvPortMalloc
 .text.vPortFree
                0x082052c0       0x7c ./gecko_sdk_4.4.1/util/third_party/freertos/kernel/portable/MemMang/heap_4.o
                0x082052c0                vPortFree
 .text.MX_FATFS_Init
                0x0820533c       0x1c ./third_party/FatFs/port/fatfs.o
                0x0820533c                MX_FATFS_Init
 .text.get_fattime
                0x08205358        0x4 ./third_party/FatFs/port/fatfs.o
                0x08205358                get_fattime
 .text.USER_initialize
                0x0820535c        0x4 ./third_party/FatFs/port/user_diskio.o
                0x0820535c                USER_initialize
 .text.USER_status
                0x08205360        0x4 ./third_party/FatFs/port/user_diskio.o
                0x08205360                USER_status
 .text.USER_read
                0x08205364        0x4 ./third_party/FatFs/port/user_diskio.o
                0x08205364                USER_read
 .text.USER_write
                0x08205368        0x4 ./third_party/FatFs/port/user_diskio.o
                0x08205368                USER_write
 .text.USER_ioctl
                0x0820536c        0x4 ./third_party/FatFs/port/user_diskio.o
                0x0820536c                USER_ioctl
 .text.xchg_spi
                0x08205370       0x44 ./third_party/FatFs/port/user_diskio_spi.o
 .text.wait_ready
                0x082053b4       0x2a ./third_party/FatFs/port/user_diskio_spi.o
 *fill*         0x082053de        0x2 
 .text.callback_event
                0x082053e0       0x14 ./third_party/FatFs/port/user_diskio_spi.o
 .text.despiselect
                0x082053f4       0x80 ./third_party/FatFs/port/user_diskio_spi.o
 .text.spiselect
                0x08205474       0x94 ./third_party/FatFs/port/user_diskio_spi.o
 .text.send_cmd
                0x08205508       0x86 ./third_party/FatFs/port/user_diskio_spi.o
 *fill*         0x0820558e        0x2 
 .text.xmit_datablock
                0x08205590       0x70 ./third_party/FatFs/port/user_diskio_spi.o
 .text.SPI_Timer_On
                0x08205600       0x1c ./third_party/FatFs/port/user_diskio_spi.o
                0x08205600                SPI_Timer_On
 .text.SPI_Timer_Status
                0x0820561c       0x24 ./third_party/FatFs/port/user_diskio_spi.o
                0x0820561c                SPI_Timer_Status
 .text.rcvr_datablock
                0x08205640       0x70 ./third_party/FatFs/port/user_diskio_spi.o
 .text.init_gspi
                0x082056b0      0x16c ./third_party/FatFs/port/user_diskio_spi.o
                0x082056b0                init_gspi
 .text.USER_SPI_initialize
                0x0820581c      0x1a8 ./third_party/FatFs/port/user_diskio_spi.o
                0x0820581c                USER_SPI_initialize
 .text.USER_SPI_status
                0x082059c4       0x14 ./third_party/FatFs/port/user_diskio_spi.o
                0x082059c4                USER_SPI_status
 .text.USER_SPI_read
                0x082059d8       0x80 ./third_party/FatFs/port/user_diskio_spi.o
                0x082059d8                USER_SPI_read
 .text.USER_SPI_write
                0x08205a58       0xa0 ./third_party/FatFs/port/user_diskio_spi.o
                0x08205a58                USER_SPI_write
 .text.USER_SPI_ioctl
                0x08205af8      0x1d0 ./third_party/FatFs/port/user_diskio_spi.o
                0x08205af8                USER_SPI_ioctl
 .text.disk_status
                0x08205cc8       0x14 ./third_party/FatFs/src/diskio.o
                0x08205cc8                disk_status
 .text.disk_initialize
                0x08205cdc       0x20 ./third_party/FatFs/src/diskio.o
                0x08205cdc                disk_initialize
 .text.disk_read
                0x08205cfc       0x1c ./third_party/FatFs/src/diskio.o
                0x08205cfc                disk_read
 .text.disk_write
                0x08205d18       0x1c ./third_party/FatFs/src/diskio.o
                0x08205d18                disk_write
 .text.disk_ioctl
                0x08205d34       0x1c ./third_party/FatFs/src/diskio.o
                0x08205d34                disk_ioctl
 .text.sdcard_set_event
                0x08205d50       0x1c ./third_party/FatFs/src/fatfs_sdcard.o
                0x08205d50                sdcard_set_event
 .text.sdcard_clear_event
                0x08205d6c       0x18 ./third_party/FatFs/src/fatfs_sdcard.o
                0x08205d6c                sdcard_clear_event
 .text.sdcard_get_event
                0x08205d84       0x2c ./third_party/FatFs/src/fatfs_sdcard.o
                0x08205d84                sdcard_get_event
 .text.dmesg    0x08205db0       0xcc ./third_party/FatFs/src/fatfs_sdcard.o
                0x08205db0                dmesg
 .text.sdcard_status_print
                0x08205e7c       0x1c ./third_party/FatFs/src/fatfs_sdcard.o
                0x08205e7c                sdcard_status_print
 .text.ls       0x08205e98       0xdc ./third_party/FatFs/src/fatfs_sdcard.o
                0x08205e98                ls
 .text.sdcard_task
                0x08205f74      0x224 ./third_party/FatFs/src/fatfs_sdcard.o
                0x08205f74                sdcard_task
 .text.ld_dword
                0x08206198        0x4 ./third_party/FatFs/src/ff.o
 .text.ld_qword
                0x0820619c        0x8 ./third_party/FatFs/src/ff.o
 .text.st_dword
                0x082061a4       0x10 ./third_party/FatFs/src/ff.o
 .text.st_qword
                0x082061b4       0x1e ./third_party/FatFs/src/ff.o
 .text.clst2sect
                0x082061d2       0x16 ./third_party/FatFs/src/ff.o
 .text.sum_sfn  0x082061e8       0x1e ./third_party/FatFs/src/ff.o
 .text.xdir_sum
                0x08206206       0x2a ./third_party/FatFs/src/ff.o
 .text.get_ldnumber
                0x08206230       0x34 ./third_party/FatFs/src/ff.o
 .text.validate
                0x08206264       0x34 ./third_party/FatFs/src/ff.o
 .text.sync_window
                0x08206298       0x42 ./third_party/FatFs/src/ff.o
 .text.xname_sum
                0x082062da       0x32 ./third_party/FatFs/src/ff.o
 .text.put_utf  0x0820630c       0x36 ./third_party/FatFs/src/ff.o
 .text.get_fileinfo
                0x08206342      0x1b8 ./third_party/FatFs/src/ff.o
 .text.st_clust
                0x082064fa       0x18 ./third_party/FatFs/src/ff.o
 .text.move_window
                0x08206512       0x32 ./third_party/FatFs/src/ff.o
 .text.check_fs
                0x08206544       0xe4 ./third_party/FatFs/src/ff.o
 .text.change_bitmap
                0x08206628       0x7a ./third_party/FatFs/src/ff.o
 .text.get_fat  0x082066a2      0x12c ./third_party/FatFs/src/ff.o
 .text.dir_sdi  0x082067ce       0x90 ./third_party/FatFs/src/ff.o
 .text.put_fat  0x0820685e       0xfc ./third_party/FatFs/src/ff.o
 .text.fill_last_frag
                0x0820695a       0x30 ./third_party/FatFs/src/ff.o
 .text.fill_first_frag
                0x0820698a       0x30 ./third_party/FatFs/src/ff.o
 .text.remove_chain
                0x082069ba       0xfe ./third_party/FatFs/src/ff.o
 .text.dir_clear
                0x08206ab8       0x52 ./third_party/FatFs/src/ff.o
 .text.sync_fs  0x08206b0a       0x96 ./third_party/FatFs/src/ff.o
 .text.mount_volume
                0x08206ba0      0x3a8 ./third_party/FatFs/src/ff.o
 .text.create_chain
                0x08206f48      0x1fe ./third_party/FatFs/src/ff.o
 .text.dir_next
                0x08207146       0xbc ./third_party/FatFs/src/ff.o
 .text.dir_alloc
                0x08207202       0x50 ./third_party/FatFs/src/ff.o
 .text.dir_remove
                0x08207252       0x52 ./third_party/FatFs/src/ff.o
 .text.load_xdir
                0x082072a4       0xd8 ./third_party/FatFs/src/ff.o
 .text.load_obj_xdir
                0x0820737c       0x32 ./third_party/FatFs/src/ff.o
 .text.store_xdir
                0x082073ae       0x5e ./third_party/FatFs/src/ff.o
 .text.dir_read.constprop.0
                0x0820740c      0x108 ./third_party/FatFs/src/ff.o
 .text.dir_find
                0x08207514      0x1c0 ./third_party/FatFs/src/ff.o
 .text.dir_register
                0x082076d4      0x398 ./third_party/FatFs/src/ff.o
 .text.init_alloc_info.isra.0
                0x08207a6c       0x2a ./third_party/FatFs/src/ff.o
 .text.ld_clust.isra.0
                0x08207a96       0x10 ./third_party/FatFs/src/ff.o
 *fill*         0x08207aa6        0x2 
 .text.follow_path
                0x08207aa8      0x3cc ./third_party/FatFs/src/ff.o
 .text.f_mount  0x08207e74       0x50 ./third_party/FatFs/src/ff.o
                0x08207e74                f_mount
 .text.f_open   0x08207ec4      0x280 ./third_party/FatFs/src/ff.o
                0x08207ec4                f_open
 .text.f_chdir  0x08208144       0x8e ./third_party/FatFs/src/ff.o
                0x08208144                f_chdir
 .text.f_opendir
                0x082081d2       0x88 ./third_party/FatFs/src/ff.o
                0x082081d2                f_opendir
 .text.f_readdir
                0x0820825a       0x44 ./third_party/FatFs/src/ff.o
                0x0820825a                f_readdir
 .text.f_unlink
                0x0820829e       0xc4 ./third_party/FatFs/src/ff.o
                0x0820829e                f_unlink
 .text.f_mkdir  0x08208362      0x178 ./third_party/FatFs/src/ff.o
                0x08208362                f_mkdir
 *fill*         0x082084da        0x2 
 .text.FATFS_LinkDriverEx
                0x082084dc       0x38 ./third_party/FatFs/src/ff_gen_drv.o
                0x082084dc                FATFS_LinkDriverEx
 .text.FATFS_LinkDriver
                0x08208514        0x6 ./third_party/FatFs/src/ff_gen_drv.o
                0x08208514                FATFS_LinkDriver
 *fill*         0x0820851a        0x2 
 .text.FATFS_UnLinkDriverEx
                0x0820851c       0x2c ./third_party/FatFs/src/ff_gen_drv.o
                0x0820851c                FATFS_UnLinkDriverEx
 .text.FATFS_UnLinkDriver
                0x08208548        0x6 ./third_party/FatFs/src/ff_gen_drv.o
                0x08208548                FATFS_UnLinkDriver
 *fill*         0x0820854e        0x2 
 .text.ff_uni2oem
                0x08208550       0x50 ./third_party/FatFs/src/ffunicode.o
                0x08208550                ff_uni2oem
 .text.ff_oem2uni
                0x082085a0       0x44 ./third_party/FatFs/src/ffunicode.o
                0x082085a0                ff_oem2uni
 .text.ff_wtoupper
                0x082085e4       0x90 ./third_party/FatFs/src/ffunicode.o
                0x082085e4                ff_wtoupper
 .text.RSI_Board_Init
                0x08208674       0x48 ./wiseconnect3_sdk_3.1.4/components/board/silabs/src/rsi_board.o
                0x08208674                RSI_Board_Init
 .text.sl_debug_log
                0x082086bc        0x6 ./wiseconnect3_sdk_3.1.4/components/common/src/sl_utility.o
                0x082086bc                sl_debug_log
 *fill*         0x082086c2        0x2 
 .text.init_ipmu_calib_data
                0x082086c4       0x54 ./wiseconnect3_sdk_3.1.4/components/device/silabs/si91x/mcu/core/chip/src/iPMU_prog/iPMU_dotc/ipmu_apis.o
                0x082086c4                init_ipmu_calib_data
 .text.program_ipmu_data
                0x08208718       0x54 ./wiseconnect3_sdk_3.1.4/components/device/silabs/si91x/mcu/core/chip/src/iPMU_prog/iPMU_dotc/ipmu_apis.o
                0x08208718                program_ipmu_data
 .text.ipmu_init_mcu
                0x0820876c       0x94 ./wiseconnect3_sdk_3.1.4/components/device/silabs/si91x/mcu/core/chip/src/iPMU_prog/iPMU_dotc/ipmu_apis.o
                0x0820876c                ipmu_init_mcu
 .text.ipmu_init
                0x08208800       0xa8 ./wiseconnect3_sdk_3.1.4/components/device/silabs/si91x/mcu/core/chip/src/iPMU_prog/iPMU_dotc/ipmu_apis.o
                0x08208800                ipmu_init
 .text.configure_ipmu_mode
                0x082088a8       0x38 ./wiseconnect3_sdk_3.1.4/components/device/silabs/si91x/mcu/core/chip/src/iPMU_prog/iPMU_dotc/ipmu_apis.o
                0x082088a8                configure_ipmu_mode
 .text.RSI_PS_RestoreCpuContext
                0x082088e0       0x34 ./wiseconnect3_sdk_3.1.4/components/device/silabs/si91x/mcu/core/chip/src/rsi_deepsleep_soc.o
                0x082088e0                RSI_PS_RestoreCpuContext
 .text.RSI_Set_Cntrls_To_M4
                0x08208914       0x50 ./wiseconnect3_sdk_3.1.4/components/device/silabs/si91x/mcu/core/chip/src/rsi_deepsleep_soc.o
                0x08208914                RSI_Set_Cntrls_To_M4
 .text.Default_Handler
                0x08208964        0x2 ./wiseconnect3_sdk_3.1.4/components/device/silabs/si91x/mcu/core/chip/src/startup_si91x.o
                0x08208964                DebugMon_Handler
                0x08208964                IRQ031_Handler
                0x08208964                HardFault_Handler
                0x08208964                IRQ095_Handler
                0x08208964                IRQ065_Handler
                0x08208964                IRQ093_Handler
                0x08208964                NMI_Handler
                0x08208964                IRQ011_Handler
                0x08208964                IRQ014_Handler
                0x08208964                IRQ027_Handler
                0x08208964                IRQ062_Handler
                0x08208964                IRQ097_Handler
                0x08208964                IRQ088_Handler
                0x08208964                IRQ034_Handler
                0x08208964                IRQ071_Handler
                0x08208964                IRQ067_Handler
                0x08208964                IRQ070_Handler
                0x08208964                IRQ077_Handler
                0x08208964                IRQ028_Handler
                0x08208964                IRQ063_Handler
                0x08208964                IRQ076_Handler
                0x08208964                UsageFault_Handler
                0x08208964                IRQ023_Handler
                0x08208964                IRQ009_Handler
                0x08208964                IRQ048_Handler
                0x08208964                IRQ083_Handler
                0x08208964                IRQ089_Handler
                0x08208964                HIF1_IRQHandler
                0x08208964                IRQ037_Handler
                0x08208964                IRQ072_Handler
                0x08208964                IRQ008_Handler
                0x08208964                IRQ047_Handler
                0x08208964                IRQ082_Handler
                0x08208964                IRQ022_Handler
                0x08208964                IRQ007_Handler
                0x08208964                IRQ081_Handler
                0x08208964                IRQ004_Handler
                0x08208964                IRQ043_Handler
                0x08208964                IRQ002_Handler
                0x08208964                IRQ041_Handler
                0x08208964                IRQ098_Handler
                0x08208964                IRQ000_Handler
                0x08208964                IRQ005_Handler
                0x08208964                IRQ044_Handler
                0x08208964                IRQ049_Handler
                0x08208964                IRQ084_Handler
                0x08208964                IRQ006_Handler
                0x08208964                IRQ045_Handler
                0x08208964                IRQ080_Handler
                0x08208964                IRQ015_Handler
                0x08208964                MemManage_Handler
                0x08208964                HIF2_IRQHandler
                0x08208964                IRQ001_Handler
                0x08208964                IRQ040_Handler
                0x08208964                IRQ068_Handler
                0x08208964                IRQ096_Handler
                0x08208964                IRQ003_Handler
                0x08208964                IRQ042_Handler
                0x08208964                IRQ024_Handler
                0x08208964                IRQ016_Handler
                0x08208964                IRQ090_Handler
                0x08208964                IRQ078_Handler
                0x08208964                IRQ032_Handler
                0x08208964                IRQ020_Handler
                0x08208964                IRQ073_Handler
                0x08208964                IRQ092_Handler
                0x08208964                IRQ087_Handler
                0x08208964                IRQ026_Handler
                0x08208964                IRQ061_Handler
                0x08208964                IRQ025_Handler
                0x08208964                IRQ060_Handler
                0x08208964                IRQ085_Handler
                0x08208964                IRQ013_Handler
                0x08208964                IRQ030_Handler
                0x08208964                IRQ029_Handler
                0x08208964                IRQ064_Handler
                0x08208964                IRQ066_Handler
                0x08208964                IRQ017_Handler
                0x08208964                IRQ091_Handler
                0x08208964                BusFault_Handler
                0x08208964                IRQ069_Handler
                0x08208964                IRQ075_Handler
                0x08208964                IRQ086_Handler
                0x08208964                IRQ094_Handler
                0x08208964                IRQ079_Handler
 .text.Default_Reset_Handler
                0x08208966        0x2 ./wiseconnect3_sdk_3.1.4/components/device/silabs/si91x/mcu/core/chip/src/startup_si91x.o
                0x08208966                Default_Reset_Handler
                0x08208966                Reset_Handler
 .text.Copy_Table
                0x08208968       0x24 ./wiseconnect3_sdk_3.1.4/components/device/silabs/si91x/mcu/core/chip/src/startup_si91x.o
                0x08208968                Copy_Table
 .text.Zero_Table
                0x0820898c       0x24 ./wiseconnect3_sdk_3.1.4/components/device/silabs/si91x/mcu/core/chip/src/startup_si91x.o
                0x0820898c                Zero_Table
 .text.RSI_Default_Reset_Handler
                0x082089b0       0x16 ./wiseconnect3_sdk_3.1.4/components/device/silabs/si91x/mcu/core/chip/src/startup_si91x.o
                0x082089b0                RSI_Default_Reset_Handler
 *fill*         0x082089c6        0x2 
 .text.SystemCoreClockUpdate
                0x082089c8       0xfc ./wiseconnect3_sdk_3.1.4/components/device/silabs/si91x/mcu/core/chip/src/system_si91x.o
                0x082089c8                SystemCoreClockUpdate
 .text.fpuInit  0x08208ac4       0x44 ./wiseconnect3_sdk_3.1.4/components/device/silabs/si91x/mcu/core/chip/src/system_si91x.o
                0x08208ac4                fpuInit
 .text.SystemInit
                0x08208b08       0xe4 ./wiseconnect3_sdk_3.1.4/components/device/silabs/si91x/mcu/core/chip/src/system_si91x.o
                0x08208b08                SystemInit
 .text.ARM_UART_SignalEvent
                0x08208bec       0x24 ./wiseconnect3_sdk_3.1.4/components/device/silabs/si91x/mcu/core/common/src/rsi_debug.o
                0x08208bec                ARM_UART_SignalEvent
 .text.Board_Debug_Init
                0x08208c10       0x4c ./wiseconnect3_sdk_3.1.4/components/device/silabs/si91x/mcu/core/common/src/rsi_debug.o
                0x08208c10                Board_Debug_Init
 .text.Board_UARTGetChar
                0x08208c5c       0x30 ./wiseconnect3_sdk_3.1.4/components/device/silabs/si91x/mcu/core/common/src/rsi_debug.o
                0x08208c5c                Board_UARTGetChar
 .text.Board_UARTPutChar
                0x08208c8c       0x30 ./wiseconnect3_sdk_3.1.4/components/device/silabs/si91x/mcu/core/common/src/rsi_debug.o
                0x08208c8c                Board_UARTPutChar
 .text.read_exclude_space
                0x08208cbc       0x20 ./wiseconnect3_sdk_3.1.4/components/device/silabs/si91x/mcu/core/common/src/syscalls.o
 .text._getpid  0x08208cdc        0x4 ./wiseconnect3_sdk_3.1.4/components/device/silabs/si91x/mcu/core/common/src/syscalls.o
                0x08208cdc                _getpid
 .text._kill    0x08208ce0       0x10 ./wiseconnect3_sdk_3.1.4/components/device/silabs/si91x/mcu/core/common/src/syscalls.o
                0x08208ce0                _kill
 .text._exit    0x08208cf0        0xc ./wiseconnect3_sdk_3.1.4/components/device/silabs/si91x/mcu/core/common/src/syscalls.o
                0x08208cf0                _exit
 .text._write   0x08208cfc       0x1c ./wiseconnect3_sdk_3.1.4/components/device/silabs/si91x/mcu/core/common/src/syscalls.o
                0x08208cfc                _write
 .text._close   0x08208d18        0x6 ./wiseconnect3_sdk_3.1.4/components/device/silabs/si91x/mcu/core/common/src/syscalls.o
                0x08208d18                _close
 .text._fstat   0x08208d1e        0xa ./wiseconnect3_sdk_3.1.4/components/device/silabs/si91x/mcu/core/common/src/syscalls.o
                0x08208d1e                _fstat
 .text._isatty  0x08208d28        0x4 ./wiseconnect3_sdk_3.1.4/components/device/silabs/si91x/mcu/core/common/src/syscalls.o
                0x08208d28                _isatty
 .text._lseek   0x08208d2c        0x4 ./wiseconnect3_sdk_3.1.4/components/device/silabs/si91x/mcu/core/common/src/syscalls.o
                0x08208d2c                _lseek
 .text._read    0x08208d30      0x30c ./wiseconnect3_sdk_3.1.4/components/device/silabs/si91x/mcu/core/common/src/syscalls.o
                0x08208d30                _read
 .text.sl_si91x_device_init_nvic
                0x0820903c       0x18 ./wiseconnect3_sdk_3.1.4/components/device/silabs/si91x/mcu/core/config/src/rsi_nvic_priorities_config.o
                0x0820903c                sl_si91x_device_init_nvic
 .text.GSPI_MASTER_GetVersion
                0x08209054       0x20 ./wiseconnect3_sdk_3.1.4/components/device/silabs/si91x/mcu/drivers/cmsis_driver/GSPI.o
                0x08209054                GSPI_MASTER_GetVersion
 .text.GSPI_MASTER_GetCapabilities
                0x08209074        0x4 ./wiseconnect3_sdk_3.1.4/components/device/silabs/si91x/mcu/drivers/cmsis_driver/GSPI.o
                0x08209074                GSPI_MASTER_GetCapabilities
 .text.GSPI_MASTER_GetStatus
                0x08209078        0x4 ./wiseconnect3_sdk_3.1.4/components/device/silabs/si91x/mcu/drivers/cmsis_driver/GSPI.o
 .text.GSPI_MASTER_UDMA_Tx_Event
                0x0820907c        0xc ./wiseconnect3_sdk_3.1.4/components/device/silabs/si91x/mcu/drivers/cmsis_driver/GSPI.o
                0x0820907c                GSPI_MASTER_UDMA_Tx_Event
 .text.GSPI_MASTER_UDMA_Rx_Event
                0x08209088        0xc ./wiseconnect3_sdk_3.1.4/components/device/silabs/si91x/mcu/drivers/cmsis_driver/GSPI.o
                0x08209088                GSPI_MASTER_UDMA_Rx_Event
 .text.GSPI_MASTER_Control
                0x08209094       0x3c ./wiseconnect3_sdk_3.1.4/components/device/silabs/si91x/mcu/drivers/cmsis_driver/GSPI.o
 .text.GSPI_MASTER_GetDataCount
                0x082090d0        0xc ./wiseconnect3_sdk_3.1.4/components/device/silabs/si91x/mcu/drivers/cmsis_driver/GSPI.o
 .text.GSPI_MASTER_Transfer
                0x082090dc       0x2c ./wiseconnect3_sdk_3.1.4/components/device/silabs/si91x/mcu/drivers/cmsis_driver/GSPI.o
 .text.GSPI_MASTER_Receive
                0x08209108       0x2c ./wiseconnect3_sdk_3.1.4/components/device/silabs/si91x/mcu/drivers/cmsis_driver/GSPI.o
 .text.GSPI_MASTER_Send
                0x08209134       0x2c ./wiseconnect3_sdk_3.1.4/components/device/silabs/si91x/mcu/drivers/cmsis_driver/GSPI.o
 .text.GSPI_MASTER_PowerControl
                0x08209160        0xc ./wiseconnect3_sdk_3.1.4/components/device/silabs/si91x/mcu/drivers/cmsis_driver/GSPI.o
 .text.GSPI_MASTER_Uninitialize
                0x0820916c       0x1c ./wiseconnect3_sdk_3.1.4/components/device/silabs/si91x/mcu/drivers/cmsis_driver/GSPI.o
 .text.GSPI_MASTER_Initialize
                0x08209188       0x30 ./wiseconnect3_sdk_3.1.4/components/device/silabs/si91x/mcu/drivers/cmsis_driver/GSPI.o
 .text.RSI_GSPI_SetSlaveSelectNumber
                0x082091b8        0xc ./wiseconnect3_sdk_3.1.4/components/device/silabs/si91x/mcu/drivers/cmsis_driver/GSPI.o
                0x082091b8                RSI_GSPI_SetSlaveSelectNumber
 .text.IRQ046_Handler
                0x082091c4        0xc ./wiseconnect3_sdk_3.1.4/components/device/silabs/si91x/mcu/drivers/cmsis_driver/GSPI.o
                0x082091c4                IRQ046_Handler
 .text.GSPI_GetFrameLength
                0x082091d0       0x10 ./wiseconnect3_sdk_3.1.4/components/device/silabs/si91x/mcu/drivers/cmsis_driver/GSPI.o
                0x082091d0                GSPI_GetFrameLength
 .text.GSPI_SwapReadWriteByte
                0x082091e0       0x48 ./wiseconnect3_sdk_3.1.4/components/device/silabs/si91x/mcu/drivers/cmsis_driver/GSPI.o
                0x082091e0                GSPI_SwapReadWriteByte
 .text.GSPI_GetInitState
                0x08209228       0x10 ./wiseconnect3_sdk_3.1.4/components/device/silabs/si91x/mcu/drivers/cmsis_driver/GSPI.o
                0x08209228                GSPI_GetInitState
 .text.gspi_transfer_complete_callback
                0x08209238       0x20 ./wiseconnect3_sdk_3.1.4/components/device/silabs/si91x/mcu/drivers/cmsis_driver/GSPI.o
                0x08209238                gspi_transfer_complete_callback
 .text.gspi_error_callback
                0x08209258       0x20 ./wiseconnect3_sdk_3.1.4/components/device/silabs/si91x/mcu/drivers/cmsis_driver/GSPI.o
                0x08209258                gspi_error_callback
 .text.ARM_USARTx_GetVersion
                0x08209278       0x20 ./wiseconnect3_sdk_3.1.4/components/device/silabs/si91x/mcu/drivers/cmsis_driver/USART.o
                0x08209278                ARM_USARTx_GetVersion
 .text.ARM_ULP_UART_GetCapabilities
                0x08209298        0xc ./wiseconnect3_sdk_3.1.4/components/device/silabs/si91x/mcu/drivers/cmsis_driver/USART.o
 .text.ARM_ULP_UART_GetModemStatus
                0x082092a4        0xc ./wiseconnect3_sdk_3.1.4/components/device/silabs/si91x/mcu/drivers/cmsis_driver/USART.o
 .text.ARM_ULP_UART_SetModemControl
                0x082092b0        0xc ./wiseconnect3_sdk_3.1.4/components/device/silabs/si91x/mcu/drivers/cmsis_driver/USART.o
 .text.ARM_ULP_UART_GetStatus
                0x082092bc        0xc ./wiseconnect3_sdk_3.1.4/components/device/silabs/si91x/mcu/drivers/cmsis_driver/USART.o
 .text.ARM_ULP_UART_Control
                0x082092c8       0x34 ./wiseconnect3_sdk_3.1.4/components/device/silabs/si91x/mcu/drivers/cmsis_driver/USART.o
 .text.ARM_ULP_UART_GetRxCount
                0x082092fc        0xc ./wiseconnect3_sdk_3.1.4/components/device/silabs/si91x/mcu/drivers/cmsis_driver/USART.o
 .text.ARM_ULP_UART_GetTxCount
                0x08209308        0xc ./wiseconnect3_sdk_3.1.4/components/device/silabs/si91x/mcu/drivers/cmsis_driver/USART.o
 .text.ARM_ULP_UART_Transfer
                0x08209314       0x54 ./wiseconnect3_sdk_3.1.4/components/device/silabs/si91x/mcu/drivers/cmsis_driver/USART.o
 .text.ARM_ULP_UART_Receive
                0x08209368       0x48 ./wiseconnect3_sdk_3.1.4/components/device/silabs/si91x/mcu/drivers/cmsis_driver/USART.o
 .text.ARM_ULP_UART_Send
                0x082093b0       0x48 ./wiseconnect3_sdk_3.1.4/components/device/silabs/si91x/mcu/drivers/cmsis_driver/USART.o
 .text.ARM_ULP_UART_PowerControl
                0x082093f8       0x18 ./wiseconnect3_sdk_3.1.4/components/device/silabs/si91x/mcu/drivers/cmsis_driver/USART.o
 .text.ARM_ULP_UART_Uninitialize
                0x08209410       0x1c ./wiseconnect3_sdk_3.1.4/components/device/silabs/si91x/mcu/drivers/cmsis_driver/USART.o
 .text.ARM_ULP_UART_Initialize
                0x0820942c       0x30 ./wiseconnect3_sdk_3.1.4/components/device/silabs/si91x/mcu/drivers/cmsis_driver/USART.o
 .text.IRQ038_Handler
                0x0820945c        0xc ./wiseconnect3_sdk_3.1.4/components/device/silabs/si91x/mcu/drivers/cmsis_driver/USART.o
                0x0820945c                IRQ038_Handler
 .text.IRQ039_Handler
                0x08209468        0xc ./wiseconnect3_sdk_3.1.4/components/device/silabs/si91x/mcu/drivers/cmsis_driver/USART.o
                0x08209468                IRQ039_Handler
 .text.IRQ012_Handler
                0x08209474        0xc ./wiseconnect3_sdk_3.1.4/components/device/silabs/si91x/mcu/drivers/cmsis_driver/USART.o
                0x08209474                IRQ012_Handler
 .text.RSI_ULPUartHandler
                0x08209480        0x4 ./wiseconnect3_sdk_3.1.4/components/device/silabs/si91x/mcu/drivers/cmsis_driver/USART.o
                0x08209480                RSI_ULPUartHandler
 .text.RSI_CLK_GetBaseClock
                0x08209484      0x50c ./wiseconnect3_sdk_3.1.4/components/device/silabs/si91x/mcu/drivers/peripheral_drivers/src/clock_update.o
                0x08209484                RSI_CLK_GetBaseClock
 .text.egpio_set_dir
                0x08209990       0x10 ./wiseconnect3_sdk_3.1.4/components/device/silabs/si91x/mcu/drivers/peripheral_drivers/src/rsi_egpio.o
                0x08209990                egpio_set_dir
 .text.egpio_set_pin
                0x082099a0        0xc ./wiseconnect3_sdk_3.1.4/components/device/silabs/si91x/mcu/drivers/peripheral_drivers/src/rsi_egpio.o
                0x082099a0                egpio_set_pin
 .text.egpio_set_pin_mux
                0x082099ac       0x10 ./wiseconnect3_sdk_3.1.4/components/device/silabs/si91x/mcu/drivers/peripheral_drivers/src/rsi_egpio.o
                0x082099ac                egpio_set_pin_mux
 .text.egpio_host_pads_gpio_mode_enable
                0x082099bc       0x54 ./wiseconnect3_sdk_3.1.4/components/device/silabs/si91x/mcu/drivers/peripheral_drivers/src/rsi_egpio.o
                0x082099bc                egpio_host_pads_gpio_mode_enable
 .text.egpio_pad_selection_enable
                0x08209a10       0x2c ./wiseconnect3_sdk_3.1.4/components/device/silabs/si91x/mcu/drivers/peripheral_drivers/src/rsi_egpio.o
                0x08209a10                egpio_pad_selection_enable
 .text.egpio_pad_receiver_enable
                0x08209a3c       0x14 ./wiseconnect3_sdk_3.1.4/components/device/silabs/si91x/mcu/drivers/peripheral_drivers/src/rsi_egpio.o
                0x08209a3c                egpio_pad_receiver_enable
 .text.egpio_pad_driver_disable_state
                0x08209a50       0x18 ./wiseconnect3_sdk_3.1.4/components/device/silabs/si91x/mcu/drivers/peripheral_drivers/src/rsi_egpio.o
                0x08209a50                egpio_pad_driver_disable_state
 .text.egpio_ulp_pad_receiver_enable
                0x08209a68       0x14 ./wiseconnect3_sdk_3.1.4/components/device/silabs/si91x/mcu/drivers/peripheral_drivers/src/rsi_egpio.o
                0x08209a68                egpio_ulp_pad_receiver_enable
 .text.egpio_ulp_pad_driver_disable_state
                0x08209a7c       0x58 ./wiseconnect3_sdk_3.1.4/components/device/silabs/si91x/mcu/drivers/peripheral_drivers/src/rsi_egpio.o
                0x08209a7c                egpio_ulp_pad_driver_disable_state
 .text.GSPI_Initialize
                0x08209ad4      0x270 ./wiseconnect3_sdk_3.1.4/components/device/silabs/si91x/mcu/drivers/peripheral_drivers/src/rsi_gspi.o
                0x08209ad4                GSPI_Initialize
 .text.GSPI_Uninitialize
                0x08209d44       0x30 ./wiseconnect3_sdk_3.1.4/components/device/silabs/si91x/mcu/drivers/peripheral_drivers/src/rsi_gspi.o
                0x08209d44                GSPI_Uninitialize
 .text.GSPI_PowerControl
                0x08209d74       0xe8 ./wiseconnect3_sdk_3.1.4/components/device/silabs/si91x/mcu/drivers/peripheral_drivers/src/rsi_gspi.o
                0x08209d74                GSPI_PowerControl
 .text.GSPI_Control
                0x08209e5c      0x2d4 ./wiseconnect3_sdk_3.1.4/components/device/silabs/si91x/mcu/drivers/peripheral_drivers/src/rsi_gspi.o
                0x08209e5c                GSPI_Control
 .text.GSPI_Send
                0x0820a130      0x1f0 ./wiseconnect3_sdk_3.1.4/components/device/silabs/si91x/mcu/drivers/peripheral_drivers/src/rsi_gspi.o
                0x0820a130                GSPI_Send
 .text.GSPI_Receive
                0x0820a320      0x228 ./wiseconnect3_sdk_3.1.4/components/device/silabs/si91x/mcu/drivers/peripheral_drivers/src/rsi_gspi.o
                0x0820a320                GSPI_Receive
 .text.GSPI_Transfer
                0x0820a548      0x280 ./wiseconnect3_sdk_3.1.4/components/device/silabs/si91x/mcu/drivers/peripheral_drivers/src/rsi_gspi.o
                0x0820a548                GSPI_Transfer
 .text.GSPI_GetDataCount
                0x0820a7c8       0x12 ./wiseconnect3_sdk_3.1.4/components/device/silabs/si91x/mcu/drivers/peripheral_drivers/src/rsi_gspi.o
                0x0820a7c8                GSPI_GetDataCount
 .text.GSPI_UDMA_Tx_Event
                0x0820a7da       0x1c ./wiseconnect3_sdk_3.1.4/components/device/silabs/si91x/mcu/drivers/peripheral_drivers/src/rsi_gspi.o
                0x0820a7da                GSPI_UDMA_Tx_Event
 .text.GSPI_UDMA_Rx_Event
                0x0820a7f6       0x14 ./wiseconnect3_sdk_3.1.4/components/device/silabs/si91x/mcu/drivers/peripheral_drivers/src/rsi_gspi.o
                0x0820a7f6                GSPI_UDMA_Rx_Event
 *fill*         0x0820a80a        0x2 
 .text.GSPI_IRQHandler
                0x0820a80c      0x148 ./wiseconnect3_sdk_3.1.4/components/device/silabs/si91x/mcu/drivers/peripheral_drivers/src/rsi_gspi.o
                0x0820a80c                GSPI_IRQHandler
 .text.udma_init
                0x0820a954       0x34 ./wiseconnect3_sdk_3.1.4/components/device/silabs/si91x/mcu/drivers/peripheral_drivers/src/rsi_udma.o
                0x0820a954                udma_init
 .text.udma_setup_channel_transfer
                0x0820a988      0x168 ./wiseconnect3_sdk_3.1.4/components/device/silabs/si91x/mcu/drivers/peripheral_drivers/src/rsi_udma.o
                0x0820a988                udma_setup_channel_transfer
 .text.udma_interrupt_enable
                0x0820aaf0       0x48 ./wiseconnect3_sdk_3.1.4/components/device/silabs/si91x/mcu/drivers/peripheral_drivers/src/rsi_udma.o
                0x0820aaf0                udma_interrupt_enable
 .text.RSI_UDMA_AckEnable
                0x0820ab38       0x60 ./wiseconnect3_sdk_3.1.4/components/device/silabs/si91x/mcu/drivers/peripheral_drivers/src/rsi_udma.o
                0x0820ab38                RSI_UDMA_AckEnable
 .text.udma_setup_channel
                0x0820ab98       0x74 ./wiseconnect3_sdk_3.1.4/components/device/silabs/si91x/mcu/drivers/peripheral_drivers/src/rsi_udma.o
                0x0820ab98                udma_setup_channel
 .text.uDMAx_Initialize
                0x0820ac0c       0xe4 ./wiseconnect3_sdk_3.1.4/components/device/silabs/si91x/mcu/drivers/peripheral_drivers/src/rsi_udma_wrapper.o
                0x0820ac0c                uDMAx_Initialize
 .text.uDMAx_Uninitialize
                0x0820acf0       0x84 ./wiseconnect3_sdk_3.1.4/components/device/silabs/si91x/mcu/drivers/peripheral_drivers/src/rsi_udma_wrapper.o
                0x0820acf0                uDMAx_Uninitialize
 .text.uDMAx_ChannelConfigure
                0x0820ad74      0x154 ./wiseconnect3_sdk_3.1.4/components/device/silabs/si91x/mcu/drivers/peripheral_drivers/src/rsi_udma_wrapper.o
                0x0820ad74                uDMAx_ChannelConfigure
 .text.uDMAx_ChannelEnable
                0x0820aec8       0x10 ./wiseconnect3_sdk_3.1.4/components/device/silabs/si91x/mcu/drivers/peripheral_drivers/src/rsi_udma_wrapper.o
                0x0820aec8                uDMAx_ChannelEnable
 .text.uDMAx_DMAEnable
                0x0820aed8        0xe ./wiseconnect3_sdk_3.1.4/components/device/silabs/si91x/mcu/drivers/peripheral_drivers/src/rsi_udma_wrapper.o
                0x0820aed8                uDMAx_DMAEnable
 .text.uDMAx_ChannelDisable
                0x0820aee6       0x10 ./wiseconnect3_sdk_3.1.4/components/device/silabs/si91x/mcu/drivers/peripheral_drivers/src/rsi_udma_wrapper.o
                0x0820aee6                uDMAx_ChannelDisable
 *fill*         0x0820aef6        0x2 
 .text.UartIrqHandler
                0x0820aef8      0x1f0 ./wiseconnect3_sdk_3.1.4/components/device/silabs/si91x/mcu/drivers/peripheral_drivers/src/rsi_usart.o
                0x0820aef8                UartIrqHandler
 .text.USART_SetBaudrate
                0x0820b0e8       0x50 ./wiseconnect3_sdk_3.1.4/components/device/silabs/si91x/mcu/drivers/peripheral_drivers/src/rsi_usart.o
                0x0820b0e8                USART_SetBaudrate
 .text.USART_Initialize
                0x0820b138      0x108 ./wiseconnect3_sdk_3.1.4/components/device/silabs/si91x/mcu/drivers/peripheral_drivers/src/rsi_usart.o
                0x0820b138                USART_Initialize
 .text.USART_Uninitialize
                0x0820b240       0x88 ./wiseconnect3_sdk_3.1.4/components/device/silabs/si91x/mcu/drivers/peripheral_drivers/src/rsi_usart.o
                0x0820b240                USART_Uninitialize
 .text.USART_PowerControl
                0x0820b2c8      0x150 ./wiseconnect3_sdk_3.1.4/components/device/silabs/si91x/mcu/drivers/peripheral_drivers/src/rsi_usart.o
                0x0820b2c8                USART_PowerControl
 .text.USART_Send_Data
                0x0820b418      0x148 ./wiseconnect3_sdk_3.1.4/components/device/silabs/si91x/mcu/drivers/peripheral_drivers/src/rsi_usart.o
                0x0820b418                USART_Send_Data
 .text.USART_Receive_Data
                0x0820b560      0x12c ./wiseconnect3_sdk_3.1.4/components/device/silabs/si91x/mcu/drivers/peripheral_drivers/src/rsi_usart.o
                0x0820b560                USART_Receive_Data
 .text.USART_Transfer
                0x0820b68c       0x72 ./wiseconnect3_sdk_3.1.4/components/device/silabs/si91x/mcu/drivers/peripheral_drivers/src/rsi_usart.o
                0x0820b68c                USART_Transfer
 .text.USART_GetTxCount
                0x0820b6fe        0x6 ./wiseconnect3_sdk_3.1.4/components/device/silabs/si91x/mcu/drivers/peripheral_drivers/src/rsi_usart.o
                0x0820b6fe                USART_GetTxCount
 .text.USART_GetRxCount
                0x0820b704        0x6 ./wiseconnect3_sdk_3.1.4/components/device/silabs/si91x/mcu/drivers/peripheral_drivers/src/rsi_usart.o
                0x0820b704                USART_GetRxCount
 *fill*         0x0820b70a        0x2 
 .text.USART_Control
                0x0820b70c      0x8d0 ./wiseconnect3_sdk_3.1.4/components/device/silabs/si91x/mcu/drivers/peripheral_drivers/src/rsi_usart.o
                0x0820b70c                USART_Control
 .text.USART_GetStatus
                0x0820bfdc       0x42 ./wiseconnect3_sdk_3.1.4/components/device/silabs/si91x/mcu/drivers/peripheral_drivers/src/rsi_usart.o
                0x0820bfdc                USART_GetStatus
 *fill*         0x0820c01e        0x2 
 .text.USART_SetModemControl
                0x0820c020       0x84 ./wiseconnect3_sdk_3.1.4/components/device/silabs/si91x/mcu/drivers/peripheral_drivers/src/rsi_usart.o
                0x0820c020                USART_SetModemControl
 .text.USART_GetModemStatus
                0x0820c0a4       0x5c ./wiseconnect3_sdk_3.1.4/components/device/silabs/si91x/mcu/drivers/peripheral_drivers/src/rsi_usart.o
                0x0820c0a4                USART_GetModemStatus
 .text.RSI_IPMU_UpdateIpmuCalibData_efuse
                0x0820c100      0x2ec ./wiseconnect3_sdk_3.1.4/components/device/silabs/si91x/mcu/drivers/systemlevel/src/rsi_ipmu.o
                0x0820c100                RSI_IPMU_UpdateIpmuCalibData_efuse
 .text.RSI_Ipmu_Init
                0x0820c3ec        0x4 ./wiseconnect3_sdk_3.1.4/components/device/silabs/si91x/mcu/drivers/systemlevel/src/rsi_ipmu.o
                0x0820c3ec                RSI_Ipmu_Init
 .text.RSI_Configure_Ipmu_Mode
                0x0820c3f0        0x6 ./wiseconnect3_sdk_3.1.4/components/device/silabs/si91x/mcu/drivers/systemlevel/src/rsi_ipmu.o
                0x0820c3f0                RSI_Configure_Ipmu_Mode
 *fill*         0x0820c3f6        0x2 
 .text.RSI_IPMU_ClockMuxSel
                0x0820c3f8       0x40 ./wiseconnect3_sdk_3.1.4/components/device/silabs/si91x/mcu/drivers/systemlevel/src/rsi_ipmu.o
                0x0820c3f8                RSI_IPMU_ClockMuxSel
 .text.RSI_IPMU_ProgramConfigData
                0x0820c438       0xea ./wiseconnect3_sdk_3.1.4/components/device/silabs/si91x/mcu/drivers/systemlevel/src/rsi_ipmu.o
                0x0820c438                RSI_IPMU_ProgramConfigData
 *fill*         0x0820c522        0x2 
 .text.RSI_IPMU_M32rc_OscTrimEfuse
                0x0820c524       0x28 ./wiseconnect3_sdk_3.1.4/components/device/silabs/si91x/mcu/drivers/systemlevel/src/rsi_ipmu.o
                0x0820c524                RSI_IPMU_M32rc_OscTrimEfuse
 .text.RSI_IPMU_DBLR32M_TrimEfuse
                0x0820c54c       0x18 ./wiseconnect3_sdk_3.1.4/components/device/silabs/si91x/mcu/drivers/systemlevel/src/rsi_ipmu.o
                0x0820c54c                RSI_IPMU_DBLR32M_TrimEfuse
 .text.RSI_IPMU_M20roOsc_TrimEfuse
                0x0820c564       0x28 ./wiseconnect3_sdk_3.1.4/components/device/silabs/si91x/mcu/drivers/systemlevel/src/rsi_ipmu.o
                0x0820c564                RSI_IPMU_M20roOsc_TrimEfuse
 .text.RSI_IPMU_RO32khz_TrimEfuse
                0x0820c58c       0x18 ./wiseconnect3_sdk_3.1.4/components/device/silabs/si91x/mcu/drivers/systemlevel/src/rsi_ipmu.o
                0x0820c58c                RSI_IPMU_RO32khz_TrimEfuse
 .text.RSI_IPMU_RC32khz_TrimEfuse
                0x0820c5a4       0x18 ./wiseconnect3_sdk_3.1.4/components/device/silabs/si91x/mcu/drivers/systemlevel/src/rsi_ipmu.o
                0x0820c5a4                RSI_IPMU_RC32khz_TrimEfuse
 .text._usdelay
                0x0820c5bc        0x6 ./wiseconnect3_sdk_3.1.4/components/device/silabs/si91x/mcu/drivers/systemlevel/src/rsi_pll.o
 *fill*         0x0820c5c2        0x2 
 .text.clk_soc_pll_clk_set
                0x0820c5c4       0x18 ./wiseconnect3_sdk_3.1.4/components/device/silabs/si91x/mcu/drivers/systemlevel/src/rsi_pll.o
                0x0820c5c4                clk_soc_pll_clk_set
 .text.clk_soc_pll_set_freq_div
                0x0820c5dc      0x118 ./wiseconnect3_sdk_3.1.4/components/device/silabs/si91x/mcu/drivers/systemlevel/src/rsi_pll.o
                0x0820c5dc                clk_soc_pll_set_freq_div
 .text.clk_set_soc_pll_freq
                0x0820c6f4      0x300 ./wiseconnect3_sdk_3.1.4/components/device/silabs/si91x/mcu/drivers/systemlevel/src/rsi_pll.o
                0x0820c6f4                clk_set_soc_pll_freq
 .text.clk_intf_pll_clk_set
                0x0820c9f4       0x20 ./wiseconnect3_sdk_3.1.4/components/device/silabs/si91x/mcu/drivers/systemlevel/src/rsi_pll.o
                0x0820c9f4                clk_intf_pll_clk_set
 .text.clk_intf_pll_set_freq_div
                0x0820ca14      0x11c ./wiseconnect3_sdk_3.1.4/components/device/silabs/si91x/mcu/drivers/systemlevel/src/rsi_pll.o
                0x0820ca14                clk_intf_pll_set_freq_div
 .text.clk_set_intf_pll_freq
                0x0820cb30      0x30c ./wiseconnect3_sdk_3.1.4/components/device/silabs/si91x/mcu/drivers/systemlevel/src/rsi_pll.o
                0x0820cb30                clk_set_intf_pll_freq
 .text.clk_peripheral_clk_enable3
                0x0820ce3c        0xc ./wiseconnect3_sdk_3.1.4/components/device/silabs/si91x/mcu/drivers/systemlevel/src/rsi_pll.o
                0x0820ce3c                clk_peripheral_clk_enable3
 .text.clk_gspi_clk_config
                0x0820ce48       0x6c ./wiseconnect3_sdk_3.1.4/components/device/silabs/si91x/mcu/drivers/systemlevel/src/rsi_pll.o
                0x0820ce48                clk_gspi_clk_config
 .text.clk_peripheral_clk_enable
                0x0820ceb4      0x124 ./wiseconnect3_sdk_3.1.4/components/device/silabs/si91x/mcu/drivers/systemlevel/src/rsi_pll.o
                0x0820ceb4                clk_peripheral_clk_enable
 .text.clk_peripheral_clk_disable
                0x0820cfd8       0xe2 ./wiseconnect3_sdk_3.1.4/components/device/silabs/si91x/mcu/drivers/systemlevel/src/rsi_pll.o
                0x0820cfd8                clk_peripheral_clk_disable
 *fill*         0x0820d0ba        0x2 
 .text.clk_m4_soc_clk_config
                0x0820d0bc       0xc8 ./wiseconnect3_sdk_3.1.4/components/device/silabs/si91x/mcu/drivers/systemlevel/src/rsi_pll.o
                0x0820d0bc                clk_m4_soc_clk_config
 .text.clk_usart_clk_config
                0x0820d184      0x19e ./wiseconnect3_sdk_3.1.4/components/device/silabs/si91x/mcu/drivers/systemlevel/src/rsi_pll.o
                0x0820d184                clk_usart_clk_config
 *fill*         0x0820d322        0x2 
 .text.ulpss_enable_ref_clks
                0x0820d324       0xf8 ./wiseconnect3_sdk_3.1.4/components/device/silabs/si91x/mcu/drivers/systemlevel/src/rsi_pll.o
                0x0820d324                ulpss_enable_ref_clks
 .text.clk_m4ss_ref_clk_config
                0x0820d41c       0xcc ./wiseconnect3_sdk_3.1.4/components/device/silabs/si91x/mcu/drivers/systemlevel/src/rsi_pll.o
                0x0820d41c                clk_m4ss_ref_clk_config
 .text.ulpss_peripheral_enable
                0x0820d4e8      0x1a6 ./wiseconnect3_sdk_3.1.4/components/device/silabs/si91x/mcu/drivers/systemlevel/src/rsi_ulpss_clk.o
                0x0820d4e8                ulpss_peripheral_enable
 .text.ulpss_peripheral_disable
                0x0820d68e      0x198 ./wiseconnect3_sdk_3.1.4/components/device/silabs/si91x/mcu/drivers/systemlevel/src/rsi_ulpss_clk.o
                0x0820d68e                ulpss_peripheral_disable
 .text.ulpss_ulp_uar_clk_config
                0x0820d826       0xca ./wiseconnect3_sdk_3.1.4/components/device/silabs/si91x/mcu/drivers/systemlevel/src/rsi_ulpss_clk.o
                0x0820d826                ulpss_ulp_uar_clk_config
 .text.ulpss_ref_clk_config
                0x0820d8f0       0xbc ./wiseconnect3_sdk_3.1.4/components/device/silabs/si91x/mcu/drivers/systemlevel/src/rsi_ulpss_clk.o
                0x0820d8f0                ulpss_ref_clk_config
 .text.process_dma_irq
                0x0820d9ac       0xec ./wiseconnect3_sdk_3.1.4/components/device/silabs/si91x/mcu/drivers/unified_api/src/sl_si91x_dma.o
 .text.sl_si91x_dma_init
                0x0820da98       0x50 ./wiseconnect3_sdk_3.1.4/components/device/silabs/si91x/mcu/drivers/unified_api/src/sl_si91x_dma.o
                0x0820da98                sl_si91x_dma_init
 .text.sl_si91x_dma_deinit
                0x0820dae8       0x7c ./wiseconnect3_sdk_3.1.4/components/device/silabs/si91x/mcu/drivers/unified_api/src/sl_si91x_dma.o
                0x0820dae8                sl_si91x_dma_deinit
 .text.sl_si91x_dma_allocate_channel
                0x0820db64       0xac ./wiseconnect3_sdk_3.1.4/components/device/silabs/si91x/mcu/drivers/unified_api/src/sl_si91x_dma.o
                0x0820db64                sl_si91x_dma_allocate_channel
 .text.sl_si91x_dma_register_callbacks
                0x0820dc10       0x50 ./wiseconnect3_sdk_3.1.4/components/device/silabs/si91x/mcu/drivers/unified_api/src/sl_si91x_dma.o
                0x0820dc10                sl_si91x_dma_register_callbacks
 .text.sl_si91x_dma_channel_enable
                0x0820dc60       0x38 ./wiseconnect3_sdk_3.1.4/components/device/silabs/si91x/mcu/drivers/unified_api/src/sl_si91x_dma.o
                0x0820dc60                sl_si91x_dma_channel_enable
 .text.sl_si91x_dma_enable
                0x0820dc98       0x30 ./wiseconnect3_sdk_3.1.4/components/device/silabs/si91x/mcu/drivers/unified_api/src/sl_si91x_dma.o
                0x0820dc98                sl_si91x_dma_enable
 .text.sl_si91x_dma_transfer
                0x0820dcc8      0x250 ./wiseconnect3_sdk_3.1.4/components/device/silabs/si91x/mcu/drivers/unified_api/src/sl_si91x_dma.o
                0x0820dcc8                sl_si91x_dma_transfer
 .text.IRQ033_Handler
                0x0820df18       0x54 ./wiseconnect3_sdk_3.1.4/components/device/silabs/si91x/mcu/drivers/unified_api/src/sl_si91x_dma.o
                0x0820df18                IRQ033_Handler
 .text.IRQ010_Handler
                0x0820df6c       0x54 ./wiseconnect3_sdk_3.1.4/components/device/silabs/si91x/mcu/drivers/unified_api/src/sl_si91x_dma.o
                0x0820df6c                IRQ010_Handler
 .text.sl_gpio_clear_interrupts
                0x0820dfc0       0x14 ./wiseconnect3_sdk_3.1.4/components/device/silabs/si91x/mcu/drivers/unified_api/src/sl_si91x_driver_gpio.o
 .text.sl_si91x_gpio_driver_enable_clock
                0x0820dfd4       0x12 ./wiseconnect3_sdk_3.1.4/components/device/silabs/si91x/mcu/drivers/unified_api/src/sl_si91x_driver_gpio.o
                0x0820dfd4                sl_si91x_gpio_driver_enable_clock
 *fill*         0x0820dfe6        0x2 
 .text.IRQ052_Handler
                0x0820dfe8       0x18 ./wiseconnect3_sdk_3.1.4/components/device/silabs/si91x/mcu/drivers/unified_api/src/sl_si91x_driver_gpio.o
                0x0820dfe8                IRQ052_Handler
 .text.IRQ053_Handler
                0x0820e000       0x18 ./wiseconnect3_sdk_3.1.4/components/device/silabs/si91x/mcu/drivers/unified_api/src/sl_si91x_driver_gpio.o
                0x0820e000                IRQ053_Handler
 .text.IRQ054_Handler
                0x0820e018       0x18 ./wiseconnect3_sdk_3.1.4/components/device/silabs/si91x/mcu/drivers/unified_api/src/sl_si91x_driver_gpio.o
                0x0820e018                IRQ054_Handler
 .text.IRQ055_Handler
                0x0820e030       0x18 ./wiseconnect3_sdk_3.1.4/components/device/silabs/si91x/mcu/drivers/unified_api/src/sl_si91x_driver_gpio.o
                0x0820e030                IRQ055_Handler
 .text.IRQ056_Handler
                0x0820e048       0x18 ./wiseconnect3_sdk_3.1.4/components/device/silabs/si91x/mcu/drivers/unified_api/src/sl_si91x_driver_gpio.o
                0x0820e048                IRQ056_Handler
 .text.IRQ057_Handler
                0x0820e060       0x18 ./wiseconnect3_sdk_3.1.4/components/device/silabs/si91x/mcu/drivers/unified_api/src/sl_si91x_driver_gpio.o
                0x0820e060                IRQ057_Handler
 .text.IRQ058_Handler
                0x0820e078       0x18 ./wiseconnect3_sdk_3.1.4/components/device/silabs/si91x/mcu/drivers/unified_api/src/sl_si91x_driver_gpio.o
                0x0820e078                IRQ058_Handler
 .text.IRQ059_Handler
                0x0820e090       0x18 ./wiseconnect3_sdk_3.1.4/components/device/silabs/si91x/mcu/drivers/unified_api/src/sl_si91x_driver_gpio.o
                0x0820e090                IRQ059_Handler
 .text.IRQ050_Handler
                0x0820e0a8       0x18 ./wiseconnect3_sdk_3.1.4/components/device/silabs/si91x/mcu/drivers/unified_api/src/sl_si91x_driver_gpio.o
                0x0820e0a8                IRQ050_Handler
 .text.IRQ051_Handler
                0x0820e0c0       0x18 ./wiseconnect3_sdk_3.1.4/components/device/silabs/si91x/mcu/drivers/unified_api/src/sl_si91x_driver_gpio.o
                0x0820e0c0                IRQ051_Handler
 .text.IRQ021_Handler
                0x0820e0d8       0x64 ./wiseconnect3_sdk_3.1.4/components/device/silabs/si91x/mcu/drivers/unified_api/src/sl_si91x_driver_gpio.o
                0x0820e0d8                IRQ021_Handler
 .text.IRQ018_Handler
                0x0820e13c       0xa4 ./wiseconnect3_sdk_3.1.4/components/device/silabs/si91x/mcu/drivers/unified_api/src/sl_si91x_driver_gpio.o
                0x0820e13c                IRQ018_Handler
 .text.IRQ019_Handler
                0x0820e1e0       0x3c ./wiseconnect3_sdk_3.1.4/components/device/silabs/si91x/mcu/drivers/unified_api/src/sl_si91x_driver_gpio.o
                0x0820e1e0                IRQ019_Handler
 .text.convert_arm_to_sl_error_code
                0x0820e21c       0x14 ./wiseconnect3_sdk_3.1.4/components/device/silabs/si91x/mcu/drivers/unified_api/src/sl_si91x_gspi.o
 .text.convert_rsi_to_sl_error_code
                0x0820e230       0x28 ./wiseconnect3_sdk_3.1.4/components/device/silabs/si91x/mcu/drivers/unified_api/src/sl_si91x_gspi.o
 .text.set_slave_gpio_state.part.0
                0x0820e258       0x18 ./wiseconnect3_sdk_3.1.4/components/device/silabs/si91x/mcu/drivers/unified_api/src/sl_si91x_gspi.o
 .text.callback_event_handler
                0x0820e270       0x34 ./wiseconnect3_sdk_3.1.4/components/device/silabs/si91x/mcu/drivers/unified_api/src/sl_si91x_gspi.o
 .text.sl_si91x_gspi_init
                0x0820e2a4       0x48 ./wiseconnect3_sdk_3.1.4/components/device/silabs/si91x/mcu/drivers/unified_api/src/sl_si91x_gspi.o
                0x0820e2a4                sl_si91x_gspi_init
 .text.sl_si91x_gspi_set_configuration
                0x0820e2ec       0xf0 ./wiseconnect3_sdk_3.1.4/components/device/silabs/si91x/mcu/drivers/unified_api/src/sl_si91x_gspi.o
                0x0820e2ec                sl_si91x_gspi_set_configuration
 .text.sl_si91x_gspi_transfer_data
                0x0820e3dc       0x3c ./wiseconnect3_sdk_3.1.4/components/device/silabs/si91x/mcu/drivers/unified_api/src/sl_si91x_gspi.o
                0x0820e3dc                sl_si91x_gspi_transfer_data
 .text.sl_si91x_gspi_register_event_callback
                0x0820e418       0x38 ./wiseconnect3_sdk_3.1.4/components/device/silabs/si91x/mcu/drivers/unified_api/src/sl_si91x_gspi.o
                0x0820e418                sl_si91x_gspi_register_event_callback
 .text.sl_si91x_gspi_get_version
                0x0820e450       0x16 ./wiseconnect3_sdk_3.1.4/components/device/silabs/si91x/mcu/drivers/unified_api/src/sl_si91x_gspi.o
                0x0820e450                sl_si91x_gspi_get_version
 .text.sl_si91x_gspi_get_status
                0x0820e466        0x4 ./wiseconnect3_sdk_3.1.4/components/device/silabs/si91x/mcu/drivers/unified_api/src/sl_si91x_gspi.o
                0x0820e466                sl_si91x_gspi_get_status
 .text.sl_si91x_gspi_get_clock_division_factor
                0x0820e46a        0x8 ./wiseconnect3_sdk_3.1.4/components/device/silabs/si91x/mcu/drivers/unified_api/src/sl_si91x_gspi.o
                0x0820e46a                sl_si91x_gspi_get_clock_division_factor
 .text.sl_si91x_gspi_get_frame_length
                0x0820e472        0x4 ./wiseconnect3_sdk_3.1.4/components/device/silabs/si91x/mcu/drivers/unified_api/src/sl_si91x_gspi.o
                0x0820e472                sl_si91x_gspi_get_frame_length
 *fill*         0x0820e476        0x2 
 .text.sl_si91x_gpio_enable_pad_selection
                0x0820e478       0x4c ./wiseconnect3_sdk_3.1.4/components/device/silabs/si91x/mcu/drivers/unified_peripheral_drivers/src/sl_si91x_peripheral_gpio.o
                0x0820e478                sl_si91x_gpio_enable_pad_selection
 .text.sl_si91x_gpio_clear_group_interrupt
                0x0820e4c4       0x14 ./wiseconnect3_sdk_3.1.4/components/device/silabs/si91x/mcu/drivers/unified_peripheral_drivers/src/sl_si91x_peripheral_gpio.o
                0x0820e4c4                sl_si91x_gpio_clear_group_interrupt
 .text.sl_si91x_gpio_clear_uulp_interrupt
                0x0820e4d8        0xc ./wiseconnect3_sdk_3.1.4/components/device/silabs/si91x/mcu/drivers/unified_peripheral_drivers/src/sl_si91x_peripheral_gpio.o
                0x0820e4d8                sl_si91x_gpio_clear_uulp_interrupt
 .text.sl_si91x_gpio_get_uulp_interrupt_status
                0x0820e4e4       0x10 ./wiseconnect3_sdk_3.1.4/components/device/silabs/si91x/mcu/drivers/unified_peripheral_drivers/src/sl_si91x_peripheral_gpio.o
                0x0820e4e4                sl_si91x_gpio_get_uulp_interrupt_status
 .text.sl_si91x_gpio_get_ulp_interrupt_status
                0x0820e4f4       0x10 ./wiseconnect3_sdk_3.1.4/components/device/silabs/si91x/mcu/drivers/unified_peripheral_drivers/src/sl_si91x_peripheral_gpio.o
                0x0820e4f4                sl_si91x_gpio_get_ulp_interrupt_status
 .text.sl_si91x_gpio_clear_ulp_interrupt
                0x0820e504       0x14 ./wiseconnect3_sdk_3.1.4/components/device/silabs/si91x/mcu/drivers/unified_peripheral_drivers/src/sl_si91x_peripheral_gpio.o
                0x0820e504                sl_si91x_gpio_clear_ulp_interrupt
 .text.sl_si91x_gpio_clear_ulp_group_interrupt
                0x0820e518       0x14 ./wiseconnect3_sdk_3.1.4/components/device/silabs/si91x/mcu/drivers/unified_peripheral_drivers/src/sl_si91x_peripheral_gpio.o
                0x0820e518                sl_si91x_gpio_clear_ulp_group_interrupt
 .text.sl_assert_failed
                0x0820e52c       0x10 ./wiseconnect3_sdk_3.1.4/components/device/silabs/si91x/mcu/drivers/unified_peripheral_drivers/src/sl_si91x_peripheral_gpio.o
                0x0820e52c                sl_assert_failed
 .text.sl_gpio_set_pin_output